#
# A fatal error has been detected by the Java Runtime Environment:
#
#  EXCEPTION_ACCESS_VIOLATION (0xc0000005) at pc=0x00007ffd356ce0a9, pid=2044, tid=2324
#
# JRE version: OpenJDK Runtime Environment Microsoft-8035246 (17.0.8+7) (build 17.0.8+7-LTS)
# Java VM: OpenJDK 64-Bit Server VM Microsoft-8035246 (17.0.8+7-LTS, mixed mode, sharing, tiered, compressed oops, compressed class ptrs, g1 gc, windows-amd64)
# Problematic frame:
# V  [jvm.dll+0x2be0a9]
#
# No core dump will be written. Minidumps are not enabled by default on client versions of Windows
#
# If you would like to submit a bug report, please visit:
#   https://github.com/microsoft/openjdk/issues
#

---------------  S U M M A R Y ------------

Command Line: -XX:MaxMetaspaceSize=512m --add-opens=java.base/java.util=ALL-UNNAMED --add-opens=java.base/java.lang=ALL-UNNAMED --add-opens=java.base/java.lang.invoke=ALL-UNNAMED --add-opens=java.prefs/java.util.prefs=ALL-UNNAMED --add-exports=jdk.compiler/com.sun.tools.javac.api=ALL-UNNAMED --add-exports=jdk.compiler/com.sun.tools.javac.util=ALL-UNNAMED --add-opens=java.base/java.nio.charset=ALL-UNNAMED --add-opens=java.base/java.net=ALL-UNNAMED --add-opens=java.base/java.util.concurrent.atomic=ALL-UNNAMED -Xmx2048m -Dfile.encoding=windows-1252 -Duser.country=US -Duser.language=en -Duser.variant -javaagent:C:\Users\Administrator\.gradle\wrapper\dists\gradle-8.10.2-all\7iv73wktx1xtkvlq19urqw1wm\gradle-8.10.2\lib\agents\gradle-instrumentation-agent-8.10.2.jar org.gradle.launcher.daemon.bootstrap.GradleDaemon 8.10.2

Host: Intel(R) Core(TM) i5-4570S CPU @ 2.90GHz, 4 cores, 15G,  Windows 10 , 64 bit Build 19041 (10.0.19041.5198)
Time: Tue Jan 14 17:26:21 2025 Pakistan Standard Time elapsed time: 16.162567 seconds (0d 0h 0m 16s)

---------------  T H R E A D  ---------------

Current thread (0x0000023e691ab940):  JavaThread "C2 CompilerThread0" daemon [_thread_in_native, id=2324, stack(0x0000009d20e00000,0x0000009d20f00000)]


Current CompileTask:
C2:  16162 11301   !   4       java.util.concurrent.FutureTask::run (123 bytes)

Stack: [0x0000009d20e00000,0x0000009d20f00000],  sp=0x0000009d20efb7c0,  free space=1005k
Native frames: (J=compiled Java code, j=interpreted, Vv=VM code, C=native code)
V  [jvm.dll+0x2be0a9]
V  [jvm.dll+0x21ba8b]
V  [jvm.dll+0x21944b]
V  [jvm.dll+0x1a56b6]
V  [jvm.dll+0x2291ea]
V  [jvm.dll+0x22724c]
V  [jvm.dll+0x7efd0c]
V  [jvm.dll+0x7ea13a]
V  [jvm.dll+0x67ad85]
C  [ucrtbase.dll+0x21bb2]
C  [KERNEL32.DLL+0x17374]
C  [ntdll.dll+0x4cc91]


siginfo: EXCEPTION_ACCESS_VIOLATION (0xc0000005), reading address 0x0000000000000028


Register to memory mapping:

RIP=0x00007ffd356ce0a9 jvm.dll
RAX=0x0000023e7353e9f0 points into unknown readable memory: 0x0000000000000000 | 00 00 00 00 00 00 00 00
RBX=0x0000000000001a11 is an unknown value
RCX=0x0 is NULL
RDX=0x0 is NULL
RSP=0x0000009d20efb7c0 is pointing into the stack for thread: 0x0000023e691ab940
RBP=0x0000009d20efb830 is pointing into the stack for thread: 0x0000023e691ab940
RSI=0x0 is NULL
RDI=0x000000000000004d is an unknown value
R8 =0x000000000000ffe0 is an unknown value
R9 =0x0 is NULL
R10=0x00007ffd7e710000 VCRUNTIME140.dll
R11=0x0000023e7353ea10 points into unknown readable memory: 0x0000000000000000 | 00 00 00 00 00 00 00 00
R12=0x0000000000000050 is an unknown value
R13=0x0 is NULL
R14=0x0 is NULL
R15=0x0000009d20efe9e0 is pointing into the stack for thread: 0x0000023e691ab940


Registers:
RAX=0x0000023e7353e9f0, RBX=0x0000000000001a11, RCX=0x0000000000000000, RDX=0x0000000000000000
RSP=0x0000009d20efb7c0, RBP=0x0000009d20efb830, RSI=0x0000000000000000, RDI=0x000000000000004d
R8 =0x000000000000ffe0, R9 =0x0000000000000000, R10=0x00007ffd7e710000, R11=0x0000023e7353ea10
R12=0x0000000000000050, R13=0x0000000000000000, R14=0x0000000000000000, R15=0x0000009d20efe9e0
RIP=0x00007ffd356ce0a9, EFLAGS=0x0000000000010202

Top of Stack: (sp=0x0000009d20efb7c0)
0x0000009d20efb7c0:   0000000000001a11 0000000000000000
0x0000009d20efb7d0:   0000009d20efe9e0 00007ffd356338d1
0x0000009d20efb7e0:   0000023e691a42b0 00007ffd00002000
0x0000009d20efb7f0:   0000023e7353e9f0 0000000000000000
0x0000009d20efb800:   0000000000000002 0000023e6f3849b0
0x0000009d20efb810:   0000000000000002 0000023e691a42b0
0x0000009d20efb820:   0000000000000000 0000000000000000
0x0000009d20efb830:   0000023e6918b1a0 0000023e4966dd70
0x0000009d20efb840:   000000000000004d 00007ffd35d54c08
0x0000009d20efb850:   0000009d20efb960 00007ffd3562ba8b
0x0000009d20efb860:   0000009d20efe9e0 00007ffd35d54c08
0x0000009d20efb870:   0000009d20efe9e0 0000009d20efb960
0x0000009d20efb880:   0000000000000000 0000009d00000001
0x0000009d20efb890:   0000009d0000000f 0000009d20efe9e0
0x0000009d20efb8a0:   0000009d20efba10 0000000000000000
0x0000009d20efb8b0:   0000000000000100 00007ffd35d54c08 

Instructions: (pc=0x00007ffd356ce0a9)
0x00007ffd356cdfa9:   3b d0 75 0b ff c1 41 3b c9 7c dc 48 8b c2 c3 33
0x00007ffd356cdfb9:   c0 c3 cc cc cc cc cc 48 89 5c 24 18 55 56 57 41
0x00007ffd356cdfc9:   55 41 57 48 8b ec 48 83 ec 70 65 48 8b 04 25 58
0x00007ffd356cdfd9:   00 00 00 48 8b f2 44 8b 05 d2 8b 90 00 4c 8b f9
0x00007ffd356cdfe9:   4a 8b 1c c0 b8 50 00 00 00 80 3c 18 00 75 05 e8
0x00007ffd356cdff9:   8b 6f 5d 00 b8 20 00 00 00 48 8b 04 18 48 8b 98
0x00007ffd356ce009:   38 02 00 00 48 89 5d b0 c7 45 b8 04 00 00 00 48
0x00007ffd356ce019:   8b 43 18 48 83 f8 df 76 18 4c 8d 05 37 a9 65 00
0x00007ffd356ce029:   ba 20 00 00 00 48 8b cb e8 5a eb de ff 48 8b 43
0x00007ffd356ce039:   18 48 8d 48 20 48 3b 4b 20 76 11 45 33 c0 48 8b
0x00007ffd356ce049:   cb 41 8d 50 20 e8 fd e8 de ff eb 04 48 89 4b 18
0x00007ffd356ce059:   44 8b 45 b8 33 d2 49 c1 e0 03 48 8b c8 48 89 45
0x00007ffd356ce069:   c0 e8 e3 80 5d 00 45 33 ed 48 8d 4d d0 44 89 6d
0x00007ffd356ce079:   c8 e8 01 59 56 00 41 8b 9f 40 02 00 00 41 2b 9f
0x00007ffd356ce089:   68 02 00 00 44 89 6d f0 3b 5d b8 72 0b 8b d3 48
0x00007ffd356ce099:   8d 4d b0 e8 6f b3 39 00 48 8b 45 c0 4c 89 2c d8
0x00007ffd356ce0a9:   8b 7e 28 8b df c1 eb 05 3b 5d d0 72 0b 8b d3 48
0x00007ffd356ce0b9:   8d 4d d0 e8 1f 59 56 00 48 8b 45 d8 83 e7 1f 48
0x00007ffd356ce0c9:   8d 14 98 40 0f b6 cf 41 b8 01 00 00 00 41 d3 e0
0x00007ffd356ce0d9:   8b 0a 8b c1 41 0b c0 89 02 41 85 c8 75 21 8b 5d
0x00007ffd356ce0e9:   c8 8d 43 01 89 45 c8 3b 5d b8 72 0b 8b d3 48 8d
0x00007ffd356ce0f9:   4d b0 e8 10 b3 39 00 48 8b 45 c0 48 89 34 d8 44
0x00007ffd356ce109:   39 6d c8 0f 86 77 01 00 00 4c 89 a4 24 a0 00 00
0x00007ffd356ce119:   00 4c 89 b4 24 a8 00 00 00 48 8b 45 c0 41 8b cd
0x00007ffd356ce129:   48 8b 34 c8 8b 46 2c 25 ff 1f 00 00 3d 04 10 00
0x00007ffd356ce139:   00 0f 85 a7 00 00 00 bb 01 00 00 00 39 5e 18 76
0x00007ffd356ce149:   39 66 0f 1f 44 00 00 48 8b 46 08 8b cb 48 8b 14
0x00007ffd356ce159:   c8 48 85 d2 74 1d 48 83 7a 10 00 74 16 80 7a 2c
0x00007ffd356ce169:   84 74 10 e8 7f 7e ee ff 48 8b d0 49 8b cf e8 a4
0x00007ffd356ce179:   61 f6 ff ff c3 3b 5e 18 72 cd 48 8b 5e 10 8b 46
0x00007ffd356ce189:   20 4c 8d 34 c3 49 3b de 73 54 48 8b 3b 8b 47 2c
0x00007ffd356ce199:   83 e0 03 3c 03 75 2e 48 8b 07 48 8b cf ff 90 88 


Stack slot to memory mapping:
stack at sp + 0 slots: 0x0000000000001a11 is an unknown value
stack at sp + 1 slots: 0x0 is NULL
stack at sp + 2 slots: 0x0000009d20efe9e0 is pointing into the stack for thread: 0x0000023e691ab940
stack at sp + 3 slots: 0x00007ffd356338d1 jvm.dll
stack at sp + 4 slots: 0x0000023e691a42b0 points into unknown readable memory: 0x0000000000000006 | 06 00 00 00 00 00 00 00
stack at sp + 5 slots: 0x00007ffd00002000 is an unknown value
stack at sp + 6 slots: 0x0000023e7353e9f0 points into unknown readable memory: 0x0000000000000000 | 00 00 00 00 00 00 00 00
stack at sp + 7 slots: 0x0 is NULL


---------------  P R O C E S S  ---------------

Threads class SMR info:
_java_thread_list=0x0000023e70be6520, length=88, elements={
0x0000023e49656980, 0x0000023e6918b9e0, 0x0000023e6918c770, 0x0000023e691a5d20,
0x0000023e691a65f0, 0x0000023e691a6ec0, 0x0000023e691a7790, 0x0000023e691ab940,
0x0000023e691b7280, 0x0000023e692e0060, 0x0000023e69178dc0, 0x0000023e69473b50,
0x0000023e6efaf3a0, 0x0000023e6ecf99d0, 0x0000023e6e5ec5a0, 0x0000023e6f014fa0,
0x0000023e6f0168f0, 0x0000023e6f014580, 0x0000023e6f0154b0, 0x0000023e6f016e00,
0x0000023e6f017310, 0x0000023e6f014a90, 0x0000023e6f0159c0, 0x0000023e6f017820,
0x0000023e6f014070, 0x0000023e6f015ed0, 0x0000023e6f0163e0, 0x0000023e6f464860,
0x0000023e6f4666c0, 0x0000023e6f465790, 0x0000023e6f468520, 0x0000023e6f461fe0,
0x0000023e6f466bd0, 0x0000023e6f468a30, 0x0000023e6f4624f0, 0x0000023e6f4661b0,
0x0000023e6f462f10, 0x0000023e6f462a00, 0x0000023e6f465ca0, 0x0000023e6f4670e0,
0x0000023e6f464350, 0x0000023e69bdbd30, 0x0000023e6f4615c0, 0x0000023e6f465280,
0x0000023e6f4675f0, 0x0000023e6f468f40, 0x0000023e6f467b00, 0x0000023e6f463930,
0x0000023e720e32d0, 0x0000023e720dfb20, 0x0000023e720e0f60, 0x0000023e720debf0,
0x0000023e720e0030, 0x0000023e720e1e90, 0x0000023e720e1470, 0x0000023e720df100,
0x0000023e720e37e0, 0x0000023e720e4710, 0x0000023e720e5130, 0x0000023e720e0a50,
0x0000023e720e3cf0, 0x0000023e720df610, 0x0000023e720de6e0, 0x0000023e720e1980,
0x0000023e720e4c20, 0x0000023e720e23a0, 0x0000023e720e2dc0, 0x0000023e720e28b0,
0x0000023e720e4200, 0x0000023e720e5640, 0x0000023e720e5b50, 0x0000023e720e6060,
0x0000023e6fca8b30, 0x0000023e6fca9f70, 0x0000023e6fca7c00, 0x0000023e6fca8620,
0x0000023e6fcaa480, 0x0000023e6fcac2e0, 0x0000023e6fcab8c0, 0x0000023e6fcac7f0,
0x0000023e6fcaaea0, 0x0000023e6fca71e0, 0x0000023e6fca5da0, 0x0000023e6fca76f0,
0x0000023e6fca5890, 0x0000023e6fca8110, 0x0000023e6fca62b0, 0x0000023e6fca9040
}

Java Threads: ( => current thread )
  0x0000023e49656980 JavaThread "main" [_thread_blocked, id=14064, stack(0x0000009d20100000,0x0000009d20200000)]
  0x0000023e6918b9e0 JavaThread "Reference Handler" daemon [_thread_blocked, id=14212, stack(0x0000009d20800000,0x0000009d20900000)]
  0x0000023e6918c770 JavaThread "Finalizer" daemon [_thread_blocked, id=11800, stack(0x0000009d20900000,0x0000009d20a00000)]
  0x0000023e691a5d20 JavaThread "Signal Dispatcher" daemon [_thread_blocked, id=13348, stack(0x0000009d20a00000,0x0000009d20b00000)]
  0x0000023e691a65f0 JavaThread "Attach Listener" daemon [_thread_blocked, id=11796, stack(0x0000009d20b00000,0x0000009d20c00000)]
  0x0000023e691a6ec0 JavaThread "Service Thread" daemon [_thread_blocked, id=11484, stack(0x0000009d20c00000,0x0000009d20d00000)]
  0x0000023e691a7790 JavaThread "Monitor Deflation Thread" daemon [_thread_blocked, id=1324, stack(0x0000009d20d00000,0x0000009d20e00000)]
=>0x0000023e691ab940 JavaThread "C2 CompilerThread0" daemon [_thread_in_native, id=2324, stack(0x0000009d20e00000,0x0000009d20f00000)]
  0x0000023e691b7280 JavaThread "C1 CompilerThread0" daemon [_thread_blocked, id=11344, stack(0x0000009d20f00000,0x0000009d21000000)]
  0x0000023e692e0060 JavaThread "Sweeper thread" daemon [_thread_blocked, id=12492, stack(0x0000009d21000000,0x0000009d21100000)]
  0x0000023e69178dc0 JavaThread "Common-Cleaner" daemon [_thread_blocked, id=10104, stack(0x0000009d21100000,0x0000009d21200000)]
  0x0000023e69473b50 JavaThread "Notification Thread" daemon [_thread_blocked, id=11864, stack(0x0000009d21200000,0x0000009d21300000)]
  0x0000023e6efaf3a0 JavaThread "Daemon health stats" [_thread_blocked, id=4064, stack(0x0000009d21900000,0x0000009d21a00000)]
  0x0000023e6ecf99d0 JavaThread "Incoming local TCP Connector on port 51682" [_thread_in_native, id=12924, stack(0x0000009d21a00000,0x0000009d21b00000)]
  0x0000023e6e5ec5a0 JavaThread "Daemon periodic checks" [_thread_blocked, id=536, stack(0x0000009d21b00000,0x0000009d21c00000)]
  0x0000023e6f014fa0 JavaThread "Daemon" [_thread_blocked, id=6684, stack(0x0000009d21c00000,0x0000009d21d00000)]
  0x0000023e6f0168f0 JavaThread "Handler for socket connection from /127.0.0.1:51682 to /127.0.0.1:51683" [_thread_in_native, id=14316, stack(0x0000009d21d00000,0x0000009d21e00000)]
  0x0000023e6f014580 JavaThread "Cancel handler" [_thread_blocked, id=6272, stack(0x0000009d21e00000,0x0000009d21f00000)]
  0x0000023e6f0154b0 JavaThread "Daemon worker" [_thread_in_native, id=2276, stack(0x0000009d21f00000,0x0000009d22000000)]
  0x0000023e6f016e00 JavaThread "Asynchronous log dispatcher for DefaultDaemonConnection: socket connection from /127.0.0.1:51682 to /127.0.0.1:51683" [_thread_blocked, id=14192, stack(0x0000009d22000000,0x0000009d22100000)]
  0x0000023e6f017310 JavaThread "Stdin handler" [_thread_blocked, id=6804, stack(0x0000009d22100000,0x0000009d22200000)]
  0x0000023e6f014a90 JavaThread "Daemon client event forwarder" [_thread_blocked, id=12872, stack(0x0000009d22200000,0x0000009d22300000)]
  0x0000023e6f0159c0 JavaThread "Cache worker for journal cache (C:\Users\Administrator\.gradle\caches\journal-1)" [_thread_blocked, id=11120, stack(0x0000009d22300000,0x0000009d22400000)]
  0x0000023e6f017820 JavaThread "File lock request listener" [_thread_in_native, id=14060, stack(0x0000009d22400000,0x0000009d22500000)]
  0x0000023e6f014070 JavaThread "Cache worker for file hash cache (C:\Users\Administrator\.gradle\caches\8.10.2\fileHashes)" [_thread_blocked, id=10408, stack(0x0000009d22500000,0x0000009d22600000)]
  0x0000023e6f015ed0 JavaThread "Cache worker for file hash cache (D:\Tahafuz_App\android\.gradle\8.10.2\fileHashes)" [_thread_blocked, id=12808, stack(0x0000009d22600000,0x0000009d22700000)]
  0x0000023e6f0163e0 JavaThread "Cache worker for Build Output Cleanup Cache (D:\Tahafuz_App\android\.gradle\buildOutputCleanup)" [_thread_blocked, id=12816, stack(0x0000009d22700000,0x0000009d22800000)]
  0x0000023e6f464860 JavaThread "File watcher server" daemon [_thread_in_native, id=13228, stack(0x0000009d22800000,0x0000009d22900000)]
  0x0000023e6f4666c0 JavaThread "File watcher consumer" daemon [_thread_blocked, id=1468, stack(0x0000009d22900000,0x0000009d22a00000)]
  0x0000023e6f465790 JavaThread "Cache worker for checksums cache (D:\Tahafuz_App\android\.gradle\8.10.2\checksums)" [_thread_blocked, id=8460, stack(0x0000009d22a00000,0x0000009d22b00000)]
  0x0000023e6f468520 JavaThread "Cache worker for file content cache (C:\Users\Administrator\.gradle\caches\8.10.2\fileContent)" [_thread_blocked, id=3520, stack(0x0000009d22b00000,0x0000009d22c00000)]
  0x0000023e6f461fe0 JavaThread "Cache worker for cache directory md-rule (C:\Users\Administrator\.gradle\caches\8.10.2\md-rule)" [_thread_blocked, id=116, stack(0x0000009d22c00000,0x0000009d22d00000)]
  0x0000023e6f466bd0 JavaThread "Cache worker for cache directory md-supplier (C:\Users\Administrator\.gradle\caches\8.10.2\md-supplier)" [_thread_blocked, id=10784, stack(0x0000009d22d00000,0x0000009d22e00000)]
  0x0000023e6f468a30 JavaThread "jar transforms" [_thread_blocked, id=3004, stack(0x0000009d22e00000,0x0000009d22f00000)]
  0x0000023e6f4624f0 JavaThread "Cache worker for Build Output Cleanup Cache (D:\Tahafuz_App\node_modules\@react-native\gradle-plugin\.gradle\buildOutputCleanup)" [_thread_blocked, id=1976, stack(0x0000009d22f00000,0x0000009d23000000)]
  0x0000023e6f4661b0 JavaThread "Unconstrained build operations" [_thread_blocked, id=6616, stack(0x0000009d21700000,0x0000009d21800000)]
  0x0000023e6f462f10 JavaThread "Unconstrained build operations Thread 2" [_thread_blocked, id=3800, stack(0x0000009d23100000,0x0000009d23200000)]
  0x0000023e6f462a00 JavaThread "Unconstrained build operations Thread 3" [_thread_blocked, id=14052, stack(0x0000009d23200000,0x0000009d23300000)]
  0x0000023e6f465ca0 JavaThread "Unconstrained build operations Thread 4" [_thread_blocked, id=13384, stack(0x0000009d23300000,0x0000009d23400000)]
  0x0000023e6f4670e0 JavaThread "Unconstrained build operations Thread 5" [_thread_blocked, id=7376, stack(0x0000009d23500000,0x0000009d23600000)]
  0x0000023e6f464350 JavaThread "Unconstrained build operations Thread 6" [_thread_blocked, id=13560, stack(0x0000009d23600000,0x0000009d23700000)]
  0x0000023e69bdbd30 JavaThread "C2 CompilerThread1" daemon [_thread_in_native, id=11592, stack(0x0000009d23400000,0x0000009d23500000)]
  0x0000023e6f4615c0 JavaThread "Unconstrained build operations Thread 7" [_thread_blocked, id=13464, stack(0x0000009d23700000,0x0000009d23800000)]
  0x0000023e6f465280 JavaThread "Unconstrained build operations Thread 8" [_thread_blocked, id=6076, stack(0x0000009d23800000,0x0000009d23900000)]
  0x0000023e6f4675f0 JavaThread "Unconstrained build operations Thread 9" [_thread_blocked, id=14248, stack(0x0000009d23900000,0x0000009d23a00000)]
  0x0000023e6f468f40 JavaThread "Unconstrained build operations Thread 10" [_thread_blocked, id=10732, stack(0x0000009d23a00000,0x0000009d23b00000)]
  0x0000023e6f467b00 JavaThread "Unconstrained build operations Thread 11" [_thread_blocked, id=13468, stack(0x0000009d23b00000,0x0000009d23c00000)]
  0x0000023e6f463930 JavaThread "Unconstrained build operations Thread 12" [_thread_blocked, id=13104, stack(0x0000009d23c00000,0x0000009d23d00000)]
  0x0000023e720e32d0 JavaThread "Unconstrained build operations Thread 13" [_thread_blocked, id=11528, stack(0x0000009d23d00000,0x0000009d23e00000)]
  0x0000023e720dfb20 JavaThread "Unconstrained build operations Thread 14" [_thread_blocked, id=9244, stack(0x0000009d23e00000,0x0000009d23f00000)]
  0x0000023e720e0f60 JavaThread "Unconstrained build operations Thread 15" [_thread_blocked, id=13944, stack(0x0000009d23f00000,0x0000009d24000000)]
  0x0000023e720debf0 JavaThread "Memory manager" [_thread_blocked, id=13292, stack(0x0000009d24000000,0x0000009d24100000)]
  0x0000023e720e0030 JavaThread "build event listener" [_thread_blocked, id=12236, stack(0x0000009d24100000,0x0000009d24200000)]
  0x0000023e720e1e90 JavaThread "ForkJoinPool.commonPool-worker-1" daemon [_thread_blocked, id=13540, stack(0x0000009d24200000,0x0000009d24300000)]
  0x0000023e720e1470 JavaThread "ForkJoinPool.commonPool-worker-2" daemon [_thread_blocked, id=10316, stack(0x0000009d24300000,0x0000009d24400000)]
  0x0000023e720df100 JavaThread "ForkJoinPool.commonPool-worker-3" daemon [_thread_blocked, id=14024, stack(0x0000009d24400000,0x0000009d24500000)]
  0x0000023e720e37e0 JavaThread "included builds" [_thread_blocked, id=14312, stack(0x0000009d24500000,0x0000009d24600000)]
  0x0000023e720e4710 JavaThread "Execution worker" [_thread_blocked, id=13816, stack(0x0000009d24600000,0x0000009d24700000)]
  0x0000023e720e5130 JavaThread "Execution worker Thread 2" [_thread_blocked, id=13332, stack(0x0000009d24700000,0x0000009d24800000)]
  0x0000023e720e0a50 JavaThread "Execution worker Thread 3" [_thread_blocked, id=13588, stack(0x0000009d24800000,0x0000009d24900000)]
  0x0000023e720e3cf0 JavaThread "Cache worker for execution history cache (D:\Tahafuz_App\node_modules\@react-native\gradle-plugin\.gradle\8.10.2\executionHistory)" [_thread_blocked, id=4688, stack(0x0000009d24900000,0x0000009d24a00000)]
  0x0000023e720df610 JavaThread "Unconstrained build operations Thread 16" [_thread_blocked, id=8260, stack(0x0000009d24a00000,0x0000009d24b00000)]
  0x0000023e720de6e0 JavaThread "Unconstrained build operations Thread 17" [_thread_blocked, id=6160, stack(0x0000009d24b00000,0x0000009d24c00000)]
  0x0000023e720e1980 JavaThread "Unconstrained build operations Thread 18" [_thread_blocked, id=8156, stack(0x0000009d24c00000,0x0000009d24d00000)]
  0x0000023e720e4c20 JavaThread "Unconstrained build operations Thread 19" [_thread_blocked, id=13480, stack(0x0000009d24d00000,0x0000009d24e00000)]
  0x0000023e720e23a0 JavaThread "Unconstrained build operations Thread 20" [_thread_blocked, id=11832, stack(0x0000009d24e00000,0x0000009d24f00000)]
  0x0000023e720e2dc0 JavaThread "Unconstrained build operations Thread 21" [_thread_blocked, id=12460, stack(0x0000009d24f00000,0x0000009d25000000)]
  0x0000023e720e28b0 JavaThread "Unconstrained build operations Thread 22" [_thread_blocked, id=12268, stack(0x0000009d25000000,0x0000009d25100000)]
  0x0000023e720e4200 JavaThread "Unconstrained build operations Thread 23" [_thread_blocked, id=5548, stack(0x0000009d25100000,0x0000009d25200000)]
  0x0000023e720e5640 JavaThread "Unconstrained build operations Thread 24" [_thread_blocked, id=5164, stack(0x0000009d25200000,0x0000009d25300000)]
  0x0000023e720e5b50 JavaThread "Unconstrained build operations Thread 25" [_thread_blocked, id=5652, stack(0x0000009d25300000,0x0000009d25400000)]
  0x0000023e720e6060 JavaThread "Unconstrained build operations Thread 26" [_thread_blocked, id=8716, stack(0x0000009d25400000,0x0000009d25500000)]
  0x0000023e6fca8b30 JavaThread "Unconstrained build operations Thread 27" [_thread_blocked, id=13360, stack(0x0000009d25500000,0x0000009d25600000)]
  0x0000023e6fca9f70 JavaThread "Unconstrained build operations Thread 28" [_thread_blocked, id=3852, stack(0x0000009d25600000,0x0000009d25700000)]
  0x0000023e6fca7c00 JavaThread "Unconstrained build operations Thread 29" [_thread_blocked, id=14324, stack(0x0000009d25700000,0x0000009d25800000)]
  0x0000023e6fca8620 JavaThread "Unconstrained build operations Thread 30" [_thread_blocked, id=12500, stack(0x0000009d25800000,0x0000009d25900000)]
  0x0000023e6fcaa480 JavaThread "Unconstrained build operations Thread 31" [_thread_blocked, id=10376, stack(0x0000009d25900000,0x0000009d25a00000)]
  0x0000023e6fcac2e0 JavaThread "Unconstrained build operations Thread 32" [_thread_blocked, id=12348, stack(0x0000009d25a00000,0x0000009d25b00000)]
  0x0000023e6fcab8c0 JavaThread "Unconstrained build operations Thread 33" [_thread_blocked, id=12596, stack(0x0000009d25b00000,0x0000009d25c00000)]
  0x0000023e6fcac7f0 JavaThread "Unconstrained build operations Thread 34" [_thread_blocked, id=5020, stack(0x0000009d25c00000,0x0000009d25d00000)]
  0x0000023e6fcaaea0 JavaThread "Unconstrained build operations Thread 35" [_thread_blocked, id=10460, stack(0x0000009d25d00000,0x0000009d25e00000)]
  0x0000023e6fca71e0 JavaThread "Unconstrained build operations Thread 36" [_thread_blocked, id=12784, stack(0x0000009d25e00000,0x0000009d25f00000)]
  0x0000023e6fca5da0 JavaThread "jar transforms Thread 2" [_thread_blocked, id=1472, stack(0x0000009d25f00000,0x0000009d26000000)]
  0x0000023e6fca76f0 JavaThread "jar transforms Thread 3" [_thread_blocked, id=14260, stack(0x0000009d26000000,0x0000009d26100000)]
  0x0000023e6fca5890 JavaThread "Unconstrained build operations Thread 37" [_thread_blocked, id=2344, stack(0x0000009d26100000,0x0000009d26200000)]
  0x0000023e6fca8110 JavaThread "Unconstrained build operations Thread 38" [_thread_blocked, id=9808, stack(0x0000009d26200000,0x0000009d26300000)]
  0x0000023e6fca62b0 JavaThread "Unconstrained build operations Thread 39" [_thread_blocked, id=10328, stack(0x0000009d26300000,0x0000009d26400000)]
  0x0000023e6fca9040 JavaThread "Unconstrained build operations Thread 40" [_thread_blocked, id=14152, stack(0x0000009d26400000,0x0000009d26500000)]

Other Threads:
  0x0000023e69186eb0 VMThread "VM Thread" [stack: 0x0000009d20700000,0x0000009d20800000] [id=13404]
  0x0000023e496d20c0 WatcherThread [stack: 0x0000009d21300000,0x0000009d21400000] [id=12396]
  0x0000023e4953e7e0 GCTaskThread "GC Thread#0" [stack: 0x0000009d20200000,0x0000009d20300000] [id=3220]
  0x0000023e696ceaa0 GCTaskThread "GC Thread#1" [stack: 0x0000009d21400000,0x0000009d21500000] [id=13772]
  0x0000023e6963f1d0 GCTaskThread "GC Thread#2" [stack: 0x0000009d21500000,0x0000009d21600000] [id=8732]
  0x0000023e6963f8a0 GCTaskThread "GC Thread#3" [stack: 0x0000009d21600000,0x0000009d21700000] [id=4616]
  0x0000023e496bfba0 ConcurrentGCThread "G1 Main Marker" [stack: 0x0000009d20300000,0x0000009d20400000] [id=7684]
  0x0000023e496c1c70 ConcurrentGCThread "G1 Conc#0" [stack: 0x0000009d20400000,0x0000009d20500000] [id=6732]
  0x0000023e4970ea10 ConcurrentGCThread "G1 Refine#0" [stack: 0x0000009d20500000,0x0000009d20600000] [id=5756]
  0x0000023e698ec290 ConcurrentGCThread "G1 Refine#1" [stack: 0x0000009d21800000,0x0000009d21900000] [id=12696]
  0x0000023e69040550 ConcurrentGCThread "G1 Service" [stack: 0x0000009d20600000,0x0000009d20700000] [id=6884]

Threads with active compile tasks:
C2 CompilerThread0    16222 11301   !   4       java.util.concurrent.FutureTask::run (123 bytes)
C2 CompilerThread1    16222 11303       4       org.gradle.cache.internal.ExclusiveCacheAccessingWorker$$Lambda$546/0x0000023e0149b978::call (10 bytes)

VM state: not at safepoint (normal execution)

VM Mutex/Monitor currently owned by a thread: None

Heap address: 0x0000000080000000, size: 2048 MB, Compressed Oops mode: 32-bit

CDS archive(s) mapped at: [0x0000023e00000000-0x0000023e00bd0000-0x0000023e00bd0000), size 12386304, SharedBaseAddress: 0x0000023e00000000, ArchiveRelocationMode: 1.
Compressed class space mapped at: 0x0000023e01000000-0x0000023e1b000000, reserved size: 436207616
Narrow klass base: 0x0000023e00000000, Narrow klass shift: 0, Narrow klass range: 0x100000000

GC Precious Log:
 CPUs: 4 total, 4 available
 Memory: 16336M
 Large Page Support: Disabled
 NUMA Support: Disabled
 Compressed Oops: Enabled (32-bit)
 Heap Region Size: 1M
 Heap Min Capacity: 8M
 Heap Initial Capacity: 256M
 Heap Max Capacity: 2G
 Pre-touch: Disabled
 Parallel Workers: 4
 Concurrent Workers: 1
 Concurrent Refinement Workers: 4
 Periodic GC: Disabled

Heap:
 garbage-first heap   total 207872K, used 140387K [0x0000000080000000, 0x0000000100000000)
  region size 1024K, 53 young (54272K), 1 survivors (1024K)
 Metaspace       used 77901K, committed 78784K, reserved 557056K
  class space    used 10876K, committed 11264K, reserved 425984K

Heap Regions: E=young(eden), S=young(survivor), O=old, HS=humongous(starts), HC=humongous(continues), CS=collection set, F=free, OA=open archive, CA=closed archive, TAMS=top-at-mark-start (previous, next)
|   0|0x0000000080000000, 0x0000000080100000, 0x0000000080100000|100%|HS|  |TAMS 0x0000000080100000, 0x0000000080000000| Complete 
|   1|0x0000000080100000, 0x0000000080200000, 0x0000000080200000|100%|HC|  |TAMS 0x0000000080200000, 0x0000000080100000| Complete 
|   2|0x0000000080200000, 0x0000000080300000, 0x0000000080300000|100%|HC|  |TAMS 0x0000000080300000, 0x0000000080200000| Complete 
|   3|0x0000000080300000, 0x0000000080400000, 0x0000000080400000|100%|HC|  |TAMS 0x0000000080400000, 0x0000000080300000| Complete 
|   4|0x0000000080400000, 0x0000000080500000, 0x0000000080500000|100%| O|  |TAMS 0x0000000080500000, 0x0000000080400000| Untracked 
|   5|0x0000000080500000, 0x0000000080600000, 0x0000000080600000|100%| O|  |TAMS 0x0000000080600000, 0x0000000080500000| Untracked 
|   6|0x0000000080600000, 0x0000000080700000, 0x0000000080700000|100%| O|  |TAMS 0x0000000080700000, 0x0000000080600000| Untracked 
|   7|0x0000000080700000, 0x0000000080800000, 0x0000000080800000|100%| O|  |TAMS 0x0000000080800000, 0x0000000080700000| Untracked 
|   8|0x0000000080800000, 0x0000000080900000, 0x0000000080900000|100%|HS|  |TAMS 0x0000000080900000, 0x0000000080800000| Complete 
|   9|0x0000000080900000, 0x0000000080a00000, 0x0000000080a00000|100%| O|  |TAMS 0x0000000080a00000, 0x0000000080900000| Untracked 
|  10|0x0000000080a00000, 0x0000000080b00000, 0x0000000080b00000|100%| O|  |TAMS 0x0000000080b00000, 0x0000000080a00000| Untracked 
|  11|0x0000000080b00000, 0x0000000080c00000, 0x0000000080c00000|100%| O|  |TAMS 0x0000000080c00000, 0x0000000080b00000| Untracked 
|  12|0x0000000080c00000, 0x0000000080d00000, 0x0000000080d00000|100%| O|  |TAMS 0x0000000080d00000, 0x0000000080c00000| Untracked 
|  13|0x0000000080d00000, 0x0000000080e00000, 0x0000000080e00000|100%| O|  |TAMS 0x0000000080e00000, 0x0000000080d00000| Untracked 
|  14|0x0000000080e00000, 0x0000000080f00000, 0x0000000080f00000|100%| O|  |TAMS 0x0000000080f00000, 0x0000000080e00000| Untracked 
|  15|0x0000000080f00000, 0x0000000081000000, 0x0000000081000000|100%| O|  |TAMS 0x0000000081000000, 0x0000000080f00000| Untracked 
|  16|0x0000000081000000, 0x0000000081100000, 0x0000000081100000|100%| O|  |TAMS 0x0000000081100000, 0x0000000081000000| Untracked 
|  17|0x0000000081100000, 0x0000000081200000, 0x0000000081200000|100%| O|  |TAMS 0x0000000081200000, 0x0000000081100000| Untracked 
|  18|0x0000000081200000, 0x0000000081300000, 0x0000000081300000|100%| O|  |TAMS 0x0000000081300000, 0x0000000081200000| Untracked 
|  19|0x0000000081300000, 0x0000000081400000, 0x0000000081400000|100%| O|  |TAMS 0x0000000081400000, 0x0000000081300000| Untracked 
|  20|0x0000000081400000, 0x0000000081500000, 0x0000000081500000|100%| O|  |TAMS 0x0000000081500000, 0x0000000081400000| Untracked 
|  21|0x0000000081500000, 0x0000000081600000, 0x0000000081600000|100%| O|  |TAMS 0x0000000081600000, 0x0000000081500000| Untracked 
|  22|0x0000000081600000, 0x0000000081700000, 0x0000000081700000|100%| O|  |TAMS 0x0000000081700000, 0x0000000081600000| Untracked 
|  23|0x0000000081700000, 0x0000000081800000, 0x0000000081800000|100%| O|  |TAMS 0x0000000081800000, 0x0000000081700000| Untracked 
|  24|0x0000000081800000, 0x0000000081900000, 0x0000000081900000|100%| O|  |TAMS 0x0000000081900000, 0x0000000081800000| Untracked 
|  25|0x0000000081900000, 0x0000000081a00000, 0x0000000081a00000|100%| O|  |TAMS 0x0000000081a00000, 0x0000000081900000| Untracked 
|  26|0x0000000081a00000, 0x0000000081b00000, 0x0000000081b00000|100%| O|  |TAMS 0x0000000081b00000, 0x0000000081a00000| Untracked 
|  27|0x0000000081b00000, 0x0000000081c00000, 0x0000000081c00000|100%| O|  |TAMS 0x0000000081c00000, 0x0000000081b00000| Untracked 
|  28|0x0000000081c00000, 0x0000000081d00000, 0x0000000081d00000|100%| O|  |TAMS 0x0000000081d00000, 0x0000000081c00000| Untracked 
|  29|0x0000000081d00000, 0x0000000081e00000, 0x0000000081e00000|100%| O|  |TAMS 0x0000000081e00000, 0x0000000081d00000| Untracked 
|  30|0x0000000081e00000, 0x0000000081f00000, 0x0000000081f00000|100%| O|  |TAMS 0x0000000081f00000, 0x0000000081e00000| Untracked 
|  31|0x0000000081f00000, 0x0000000082000000, 0x0000000082000000|100%| O|  |TAMS 0x0000000082000000, 0x0000000081f00000| Untracked 
|  32|0x0000000082000000, 0x0000000082100000, 0x0000000082100000|100%| O|  |TAMS 0x0000000082100000, 0x0000000082000000| Untracked 
|  33|0x0000000082100000, 0x0000000082200000, 0x0000000082200000|100%| O|  |TAMS 0x0000000082200000, 0x0000000082100000| Untracked 
|  34|0x0000000082200000, 0x0000000082300000, 0x0000000082300000|100%| O|  |TAMS 0x0000000082300000, 0x0000000082200000| Untracked 
|  35|0x0000000082300000, 0x0000000082400000, 0x0000000082400000|100%| O|  |TAMS 0x0000000082400000, 0x0000000082300000| Untracked 
|  36|0x0000000082400000, 0x0000000082500000, 0x0000000082500000|100%| O|  |TAMS 0x0000000082500000, 0x0000000082400000| Untracked 
|  37|0x0000000082500000, 0x0000000082600000, 0x0000000082600000|100%| O|  |TAMS 0x0000000082600000, 0x0000000082500000| Untracked 
|  38|0x0000000082600000, 0x0000000082700000, 0x0000000082700000|100%| O|  |TAMS 0x0000000082700000, 0x0000000082600000| Untracked 
|  39|0x0000000082700000, 0x0000000082800000, 0x0000000082800000|100%| O|  |TAMS 0x0000000082800000, 0x0000000082700000| Untracked 
|  40|0x0000000082800000, 0x0000000082800000, 0x0000000082900000|  0%| F|  |TAMS 0x0000000082800000, 0x0000000082800000| Untracked 
|  41|0x0000000082900000, 0x0000000082a00000, 0x0000000082a00000|100%|HS|  |TAMS 0x0000000082a00000, 0x0000000082900000| Complete 
|  42|0x0000000082a00000, 0x0000000082b00000, 0x0000000082b00000|100%|HC|  |TAMS 0x0000000082b00000, 0x0000000082a00000| Complete 
|  43|0x0000000082b00000, 0x0000000082c00000, 0x0000000082c00000|100%|HS|  |TAMS 0x0000000082c00000, 0x0000000082b00000| Complete 
|  44|0x0000000082c00000, 0x0000000082d00000, 0x0000000082d00000|100%|HC|  |TAMS 0x0000000082d00000, 0x0000000082c00000| Complete 
|  45|0x0000000082d00000, 0x0000000082e00000, 0x0000000082e00000|100%|HS|  |TAMS 0x0000000082e00000, 0x0000000082d00000| Complete 
|  46|0x0000000082e00000, 0x0000000082f00000, 0x0000000082f00000|100%|HC|  |TAMS 0x0000000082f00000, 0x0000000082e00000| Complete 
|  47|0x0000000082f00000, 0x0000000083000000, 0x0000000083000000|100%|HC|  |TAMS 0x0000000083000000, 0x0000000082f00000| Complete 
|  48|0x0000000083000000, 0x0000000083100000, 0x0000000083100000|100%|HC|  |TAMS 0x0000000083100000, 0x0000000083000000| Complete 
|  49|0x0000000083100000, 0x0000000083200000, 0x0000000083200000|100%|HS|  |TAMS 0x0000000083200000, 0x0000000083100000| Complete 
|  50|0x0000000083200000, 0x0000000083300000, 0x0000000083300000|100%|HC|  |TAMS 0x0000000083300000, 0x0000000083200000| Complete 
|  51|0x0000000083300000, 0x0000000083400000, 0x0000000083400000|100%|HC|  |TAMS 0x0000000083400000, 0x0000000083300000| Complete 
|  52|0x0000000083400000, 0x0000000083500000, 0x0000000083500000|100%|HC|  |TAMS 0x0000000083500000, 0x0000000083400000| Complete 
|  53|0x0000000083500000, 0x0000000083600000, 0x0000000083600000|100%| O|  |TAMS 0x0000000083600000, 0x0000000083500000| Untracked 
|  54|0x0000000083600000, 0x0000000083700000, 0x0000000083700000|100%| O|  |TAMS 0x0000000083700000, 0x0000000083600000| Untracked 
|  55|0x0000000083700000, 0x0000000083800000, 0x0000000083800000|100%| O|  |TAMS 0x0000000083800000, 0x0000000083700000| Untracked 
|  56|0x0000000083800000, 0x0000000083900000, 0x0000000083900000|100%| O|  |TAMS 0x0000000083900000, 0x0000000083800000| Untracked 
|  57|0x0000000083900000, 0x0000000083a00000, 0x0000000083a00000|100%| O|  |TAMS 0x0000000083a00000, 0x0000000083900000| Untracked 
|  58|0x0000000083a00000, 0x0000000083a00000, 0x0000000083b00000|  0%| F|  |TAMS 0x0000000083a00000, 0x0000000083a00000| Untracked 
|  59|0x0000000083b00000, 0x0000000083c00000, 0x0000000083c00000|100%| O|  |TAMS 0x0000000083c00000, 0x0000000083b00000| Untracked 
|  60|0x0000000083c00000, 0x0000000083d00000, 0x0000000083d00000|100%| O|  |TAMS 0x0000000083d00000, 0x0000000083c00000| Untracked 
|  61|0x0000000083d00000, 0x0000000083e00000, 0x0000000083e00000|100%| O|  |TAMS 0x0000000083e00000, 0x0000000083d00000| Untracked 
|  62|0x0000000083e00000, 0x0000000083f00000, 0x0000000083f00000|100%| O|  |TAMS 0x0000000083f00000, 0x0000000083e00000| Untracked 
|  63|0x0000000083f00000, 0x0000000084000000, 0x0000000084000000|100%| O|  |TAMS 0x0000000084000000, 0x0000000083f00000| Untracked 
|  64|0x0000000084000000, 0x0000000084100000, 0x0000000084100000|100%| O|  |TAMS 0x0000000084100000, 0x0000000084000000| Untracked 
|  65|0x0000000084100000, 0x0000000084200000, 0x0000000084200000|100%| O|  |TAMS 0x0000000084200000, 0x0000000084100000| Untracked 
|  66|0x0000000084200000, 0x0000000084300000, 0x0000000084300000|100%| O|  |TAMS 0x0000000084300000, 0x0000000084200000| Untracked 
|  67|0x0000000084300000, 0x0000000084400000, 0x0000000084400000|100%| O|  |TAMS 0x0000000084400000, 0x0000000084300000| Untracked 
|  68|0x0000000084400000, 0x0000000084500000, 0x0000000084500000|100%| O|  |TAMS 0x0000000084500000, 0x0000000084400000| Untracked 
|  69|0x0000000084500000, 0x0000000084600000, 0x0000000084600000|100%| O|  |TAMS 0x0000000084600000, 0x0000000084500000| Untracked 
|  70|0x0000000084600000, 0x0000000084700000, 0x0000000084700000|100%| O|  |TAMS 0x0000000084700000, 0x0000000084600000| Untracked 
|  71|0x0000000084700000, 0x0000000084800000, 0x0000000084800000|100%| O|  |TAMS 0x0000000084800000, 0x0000000084700000| Untracked 
|  72|0x0000000084800000, 0x0000000084900000, 0x0000000084900000|100%| O|  |TAMS 0x0000000084900000, 0x0000000084800000| Untracked 
|  73|0x0000000084900000, 0x0000000084a00000, 0x0000000084a00000|100%| O|  |TAMS 0x0000000084a00000, 0x0000000084900000| Untracked 
|  74|0x0000000084a00000, 0x0000000084b00000, 0x0000000084b00000|100%| O|  |TAMS 0x0000000084b00000, 0x0000000084a00000| Untracked 
|  75|0x0000000084b00000, 0x0000000084c00000, 0x0000000084c00000|100%| O|  |TAMS 0x0000000084c00000, 0x0000000084b00000| Untracked 
|  76|0x0000000084c00000, 0x0000000084d00000, 0x0000000084d00000|100%| O|  |TAMS 0x0000000084d00000, 0x0000000084c00000| Untracked 
|  77|0x0000000084d00000, 0x0000000084e00000, 0x0000000084e00000|100%| O|  |TAMS 0x0000000084e00000, 0x0000000084d00000| Untracked 
|  78|0x0000000084e00000, 0x0000000084f00000, 0x0000000084f00000|100%| O|  |TAMS 0x0000000084e91e00, 0x0000000084e00000| Untracked 
|  79|0x0000000084f00000, 0x0000000085000000, 0x0000000085000000|100%| O|  |TAMS 0x0000000084f00000, 0x0000000084f00000| Untracked 
|  80|0x0000000085000000, 0x0000000085100000, 0x0000000085100000|100%| O|  |TAMS 0x0000000085000000, 0x0000000085000000| Untracked 
|  81|0x0000000085100000, 0x0000000085200000, 0x0000000085200000|100%| O|  |TAMS 0x0000000085100000, 0x0000000085100000| Untracked 
|  82|0x0000000085200000, 0x0000000085300000, 0x0000000085300000|100%| O|  |TAMS 0x0000000085200000, 0x0000000085200000| Untracked 
|  83|0x0000000085300000, 0x0000000085400000, 0x0000000085400000|100%| O|  |TAMS 0x0000000085300000, 0x0000000085300000| Untracked 
|  84|0x0000000085400000, 0x0000000085500000, 0x0000000085500000|100%| O|  |TAMS 0x0000000085400000, 0x0000000085400000| Untracked 
|  85|0x0000000085500000, 0x0000000085600000, 0x0000000085600000|100%| O|  |TAMS 0x0000000085500000, 0x0000000085500000| Untracked 
|  86|0x0000000085600000, 0x0000000085700000, 0x0000000085700000|100%| O|  |TAMS 0x0000000085600000, 0x0000000085600000| Untracked 
|  87|0x0000000085700000, 0x0000000085800000, 0x0000000085800000|100%| O|  |TAMS 0x0000000085700000, 0x0000000085700000| Untracked 
|  88|0x0000000085800000, 0x0000000085818c00, 0x0000000085900000|  9%| O|  |TAMS 0x0000000085800000, 0x0000000085800000| Untracked 
|  89|0x0000000085900000, 0x0000000085900000, 0x0000000085a00000|  0%| F|  |TAMS 0x0000000085900000, 0x0000000085900000| Untracked 
|  90|0x0000000085a00000, 0x0000000085a00000, 0x0000000085b00000|  0%| F|  |TAMS 0x0000000085a00000, 0x0000000085a00000| Untracked 
|  91|0x0000000085b00000, 0x0000000085b00000, 0x0000000085c00000|  0%| F|  |TAMS 0x0000000085b00000, 0x0000000085b00000| Untracked 
|  92|0x0000000085c00000, 0x0000000085c00000, 0x0000000085d00000|  0%| F|  |TAMS 0x0000000085c00000, 0x0000000085c00000| Untracked 
|  93|0x0000000085d00000, 0x0000000085d00000, 0x0000000085e00000|  0%| F|  |TAMS 0x0000000085d00000, 0x0000000085d00000| Untracked 
|  94|0x0000000085e00000, 0x0000000085e00000, 0x0000000085f00000|  0%| F|  |TAMS 0x0000000085e00000, 0x0000000085e00000| Untracked 
|  95|0x0000000085f00000, 0x0000000085f00000, 0x0000000086000000|  0%| F|  |TAMS 0x0000000085f00000, 0x0000000085f00000| Untracked 
|  96|0x0000000086000000, 0x0000000086000000, 0x0000000086100000|  0%| F|  |TAMS 0x0000000086000000, 0x0000000086000000| Untracked 
|  97|0x0000000086100000, 0x0000000086100000, 0x0000000086200000|  0%| F|  |TAMS 0x0000000086100000, 0x0000000086100000| Untracked 
|  98|0x0000000086200000, 0x0000000086200000, 0x0000000086300000|  0%| F|  |TAMS 0x0000000086200000, 0x0000000086200000| Untracked 
|  99|0x0000000086300000, 0x0000000086300000, 0x0000000086400000|  0%| F|  |TAMS 0x0000000086300000, 0x0000000086300000| Untracked 
| 100|0x0000000086400000, 0x0000000086400000, 0x0000000086500000|  0%| F|  |TAMS 0x0000000086400000, 0x0000000086400000| Untracked 
| 101|0x0000000086500000, 0x0000000086500000, 0x0000000086600000|  0%| F|  |TAMS 0x0000000086500000, 0x0000000086500000| Untracked 
| 102|0x0000000086600000, 0x0000000086600000, 0x0000000086700000|  0%| F|  |TAMS 0x0000000086600000, 0x0000000086600000| Untracked 
| 103|0x0000000086700000, 0x0000000086700000, 0x0000000086800000|  0%| F|  |TAMS 0x0000000086700000, 0x0000000086700000| Untracked 
| 104|0x0000000086800000, 0x0000000086800000, 0x0000000086900000|  0%| F|  |TAMS 0x0000000086800000, 0x0000000086800000| Untracked 
| 105|0x0000000086900000, 0x0000000086900000, 0x0000000086a00000|  0%| F|  |TAMS 0x0000000086900000, 0x0000000086900000| Untracked 
| 106|0x0000000086a00000, 0x0000000086a00000, 0x0000000086b00000|  0%| F|  |TAMS 0x0000000086a00000, 0x0000000086a00000| Untracked 
| 107|0x0000000086b00000, 0x0000000086b00000, 0x0000000086c00000|  0%| F|  |TAMS 0x0000000086b00000, 0x0000000086b00000| Untracked 
| 108|0x0000000086c00000, 0x0000000086c00000, 0x0000000086d00000|  0%| F|  |TAMS 0x0000000086c00000, 0x0000000086c00000| Untracked 
| 109|0x0000000086d00000, 0x0000000086d00000, 0x0000000086e00000|  0%| F|  |TAMS 0x0000000086d00000, 0x0000000086d00000| Untracked 
| 110|0x0000000086e00000, 0x0000000086e00000, 0x0000000086f00000|  0%| F|  |TAMS 0x0000000086e00000, 0x0000000086e00000| Untracked 
| 111|0x0000000086f00000, 0x0000000086f00000, 0x0000000087000000|  0%| F|  |TAMS 0x0000000086f00000, 0x0000000086f00000| Untracked 
| 112|0x0000000087000000, 0x0000000087000000, 0x0000000087100000|  0%| F|  |TAMS 0x0000000087000000, 0x0000000087000000| Untracked 
| 113|0x0000000087100000, 0x0000000087100000, 0x0000000087200000|  0%| F|  |TAMS 0x0000000087100000, 0x0000000087100000| Untracked 
| 114|0x0000000087200000, 0x0000000087200000, 0x0000000087300000|  0%| F|  |TAMS 0x0000000087200000, 0x0000000087200000| Untracked 
| 115|0x0000000087300000, 0x0000000087300000, 0x0000000087400000|  0%| F|  |TAMS 0x0000000087300000, 0x0000000087300000| Untracked 
| 116|0x0000000087400000, 0x0000000087400000, 0x0000000087500000|  0%| F|  |TAMS 0x0000000087400000, 0x0000000087400000| Untracked 
| 117|0x0000000087500000, 0x0000000087500000, 0x0000000087600000|  0%| F|  |TAMS 0x0000000087500000, 0x0000000087500000| Untracked 
| 118|0x0000000087600000, 0x0000000087600000, 0x0000000087700000|  0%| F|  |TAMS 0x0000000087600000, 0x0000000087600000| Untracked 
| 119|0x0000000087700000, 0x0000000087700000, 0x0000000087800000|  0%| F|  |TAMS 0x0000000087700000, 0x0000000087700000| Untracked 
| 120|0x0000000087800000, 0x0000000087800000, 0x0000000087900000|  0%| F|  |TAMS 0x0000000087800000, 0x0000000087800000| Untracked 
| 121|0x0000000087900000, 0x0000000087900000, 0x0000000087a00000|  0%| F|  |TAMS 0x0000000087900000, 0x0000000087900000| Untracked 
| 122|0x0000000087a00000, 0x0000000087a00000, 0x0000000087b00000|  0%| F|  |TAMS 0x0000000087a00000, 0x0000000087a00000| Untracked 
| 123|0x0000000087b00000, 0x0000000087b00000, 0x0000000087c00000|  0%| F|  |TAMS 0x0000000087b00000, 0x0000000087b00000| Untracked 
| 124|0x0000000087c00000, 0x0000000087c00000, 0x0000000087d00000|  0%| F|  |TAMS 0x0000000087c00000, 0x0000000087c00000| Untracked 
| 125|0x0000000087d00000, 0x0000000087d00000, 0x0000000087e00000|  0%| F|  |TAMS 0x0000000087d00000, 0x0000000087d00000| Untracked 
| 126|0x0000000087e00000, 0x0000000087e00000, 0x0000000087f00000|  0%| F|  |TAMS 0x0000000087e00000, 0x0000000087e00000| Untracked 
| 127|0x0000000087f00000, 0x0000000087f00000, 0x0000000088000000|  0%| F|  |TAMS 0x0000000087f00000, 0x0000000087f00000| Untracked 
| 128|0x0000000088000000, 0x0000000088000000, 0x0000000088100000|  0%| F|  |TAMS 0x0000000088000000, 0x0000000088000000| Untracked 
| 129|0x0000000088100000, 0x0000000088100000, 0x0000000088200000|  0%| F|  |TAMS 0x0000000088100000, 0x0000000088100000| Untracked 
| 130|0x0000000088200000, 0x0000000088200000, 0x0000000088300000|  0%| F|  |TAMS 0x0000000088200000, 0x0000000088200000| Untracked 
| 131|0x0000000088300000, 0x0000000088300000, 0x0000000088400000|  0%| F|  |TAMS 0x0000000088300000, 0x0000000088300000| Untracked 
| 132|0x0000000088400000, 0x0000000088400000, 0x0000000088500000|  0%| F|  |TAMS 0x0000000088400000, 0x0000000088400000| Untracked 
| 133|0x0000000088500000, 0x0000000088500000, 0x0000000088600000|  0%| F|  |TAMS 0x0000000088500000, 0x0000000088500000| Untracked 
| 134|0x0000000088600000, 0x0000000088600000, 0x0000000088700000|  0%| F|  |TAMS 0x0000000088600000, 0x0000000088600000| Untracked 
| 135|0x0000000088700000, 0x0000000088700000, 0x0000000088800000|  0%| F|  |TAMS 0x0000000088700000, 0x0000000088700000| Untracked 
| 136|0x0000000088800000, 0x0000000088800000, 0x0000000088900000|  0%| F|  |TAMS 0x0000000088800000, 0x0000000088800000| Untracked 
| 137|0x0000000088900000, 0x0000000088900000, 0x0000000088a00000|  0%| F|  |TAMS 0x0000000088900000, 0x0000000088900000| Untracked 
| 138|0x0000000088a00000, 0x0000000088a00000, 0x0000000088b00000|  0%| F|  |TAMS 0x0000000088a00000, 0x0000000088a00000| Untracked 
| 139|0x0000000088b00000, 0x0000000088b00000, 0x0000000088c00000|  0%| F|  |TAMS 0x0000000088b00000, 0x0000000088b00000| Untracked 
| 140|0x0000000088c00000, 0x0000000088c00000, 0x0000000088d00000|  0%| F|  |TAMS 0x0000000088c00000, 0x0000000088c00000| Untracked 
| 141|0x0000000088d00000, 0x0000000088d00000, 0x0000000088e00000|  0%| F|  |TAMS 0x0000000088d00000, 0x0000000088d00000| Untracked 
| 142|0x0000000088e00000, 0x0000000088e00000, 0x0000000088f00000|  0%| F|  |TAMS 0x0000000088e00000, 0x0000000088e00000| Untracked 
| 143|0x0000000088f00000, 0x0000000088f00000, 0x0000000089000000|  0%| F|  |TAMS 0x0000000088f00000, 0x0000000088f00000| Untracked 
| 144|0x0000000089000000, 0x0000000089000000, 0x0000000089100000|  0%| F|  |TAMS 0x0000000089000000, 0x0000000089000000| Untracked 
| 145|0x0000000089100000, 0x0000000089100000, 0x0000000089200000|  0%| F|  |TAMS 0x0000000089100000, 0x0000000089100000| Untracked 
| 146|0x0000000089200000, 0x0000000089200000, 0x0000000089300000|  0%| F|  |TAMS 0x0000000089200000, 0x0000000089200000| Untracked 
| 147|0x0000000089300000, 0x0000000089300000, 0x0000000089400000|  0%| F|  |TAMS 0x0000000089300000, 0x0000000089300000| Untracked 
| 148|0x0000000089400000, 0x0000000089400000, 0x0000000089500000|  0%| F|  |TAMS 0x0000000089400000, 0x0000000089400000| Untracked 
| 149|0x0000000089500000, 0x0000000089500000, 0x0000000089600000|  0%| F|  |TAMS 0x0000000089500000, 0x0000000089500000| Untracked 
| 150|0x0000000089600000, 0x00000000896c7d88, 0x0000000089700000| 78%| E|  |TAMS 0x0000000089600000, 0x0000000089600000| Complete 
| 151|0x0000000089700000, 0x0000000089800000, 0x0000000089800000|100%| E|CS|TAMS 0x0000000089700000, 0x0000000089700000| Complete 
| 152|0x0000000089800000, 0x0000000089900000, 0x0000000089900000|100%| E|CS|TAMS 0x0000000089800000, 0x0000000089800000| Complete 
| 153|0x0000000089900000, 0x0000000089a00000, 0x0000000089a00000|100%| E|CS|TAMS 0x0000000089900000, 0x0000000089900000| Complete 
| 154|0x0000000089a00000, 0x0000000089b00000, 0x0000000089b00000|100%| E|CS|TAMS 0x0000000089a00000, 0x0000000089a00000| Complete 
| 155|0x0000000089b00000, 0x0000000089c00000, 0x0000000089c00000|100%| E|CS|TAMS 0x0000000089b00000, 0x0000000089b00000| Complete 
| 156|0x0000000089c00000, 0x0000000089d00000, 0x0000000089d00000|100%| E|CS|TAMS 0x0000000089c00000, 0x0000000089c00000| Complete 
| 157|0x0000000089d00000, 0x0000000089e00000, 0x0000000089e00000|100%| E|CS|TAMS 0x0000000089d00000, 0x0000000089d00000| Complete 
| 158|0x0000000089e00000, 0x0000000089f00000, 0x0000000089f00000|100%| E|CS|TAMS 0x0000000089e00000, 0x0000000089e00000| Complete 
| 159|0x0000000089f00000, 0x000000008a000000, 0x000000008a000000|100%| E|CS|TAMS 0x0000000089f00000, 0x0000000089f00000| Complete 
| 160|0x000000008a000000, 0x000000008a100000, 0x000000008a100000|100%| E|CS|TAMS 0x000000008a000000, 0x000000008a000000| Complete 
| 161|0x000000008a100000, 0x000000008a200000, 0x000000008a200000|100%| E|CS|TAMS 0x000000008a100000, 0x000000008a100000| Complete 
| 162|0x000000008a200000, 0x000000008a300000, 0x000000008a300000|100%| E|CS|TAMS 0x000000008a200000, 0x000000008a200000| Complete 
| 163|0x000000008a300000, 0x000000008a400000, 0x000000008a400000|100%| E|CS|TAMS 0x000000008a300000, 0x000000008a300000| Complete 
| 164|0x000000008a400000, 0x000000008a500000, 0x000000008a500000|100%| S|CS|TAMS 0x000000008a400000, 0x000000008a400000| Complete 
| 165|0x000000008a500000, 0x000000008a600000, 0x000000008a600000|100%| E|CS|TAMS 0x000000008a500000, 0x000000008a500000| Complete 
| 166|0x000000008a600000, 0x000000008a700000, 0x000000008a700000|100%| E|CS|TAMS 0x000000008a600000, 0x000000008a600000| Complete 
| 167|0x000000008a700000, 0x000000008a800000, 0x000000008a800000|100%| E|CS|TAMS 0x000000008a700000, 0x000000008a700000| Complete 
| 168|0x000000008a800000, 0x000000008a900000, 0x000000008a900000|100%| E|  |TAMS 0x000000008a800000, 0x000000008a800000| Complete 
| 169|0x000000008a900000, 0x000000008aa00000, 0x000000008aa00000|100%| E|CS|TAMS 0x000000008a900000, 0x000000008a900000| Complete 
| 170|0x000000008aa00000, 0x000000008ab00000, 0x000000008ab00000|100%| E|CS|TAMS 0x000000008aa00000, 0x000000008aa00000| Complete 
| 171|0x000000008ab00000, 0x000000008ac00000, 0x000000008ac00000|100%| E|CS|TAMS 0x000000008ab00000, 0x000000008ab00000| Complete 
| 172|0x000000008ac00000, 0x000000008ad00000, 0x000000008ad00000|100%| E|CS|TAMS 0x000000008ac00000, 0x000000008ac00000| Complete 
| 173|0x000000008ad00000, 0x000000008ae00000, 0x000000008ae00000|100%| E|CS|TAMS 0x000000008ad00000, 0x000000008ad00000| Complete 
| 174|0x000000008ae00000, 0x000000008af00000, 0x000000008af00000|100%| E|CS|TAMS 0x000000008ae00000, 0x000000008ae00000| Complete 
| 175|0x000000008af00000, 0x000000008b000000, 0x000000008b000000|100%| E|CS|TAMS 0x000000008af00000, 0x000000008af00000| Complete 
| 176|0x000000008b000000, 0x000000008b100000, 0x000000008b100000|100%| E|CS|TAMS 0x000000008b000000, 0x000000008b000000| Complete 
| 177|0x000000008b100000, 0x000000008b200000, 0x000000008b200000|100%| E|CS|TAMS 0x000000008b100000, 0x000000008b100000| Complete 
| 178|0x000000008b200000, 0x000000008b300000, 0x000000008b300000|100%| E|CS|TAMS 0x000000008b200000, 0x000000008b200000| Complete 
| 179|0x000000008b300000, 0x000000008b400000, 0x000000008b400000|100%| E|CS|TAMS 0x000000008b300000, 0x000000008b300000| Complete 
| 180|0x000000008b400000, 0x000000008b500000, 0x000000008b500000|100%| E|CS|TAMS 0x000000008b400000, 0x000000008b400000| Complete 
| 181|0x000000008b500000, 0x000000008b600000, 0x000000008b600000|100%| E|CS|TAMS 0x000000008b500000, 0x000000008b500000| Complete 
| 182|0x000000008b600000, 0x000000008b700000, 0x000000008b700000|100%| E|CS|TAMS 0x000000008b600000, 0x000000008b600000| Complete 
| 183|0x000000008b700000, 0x000000008b800000, 0x000000008b800000|100%| E|CS|TAMS 0x000000008b700000, 0x000000008b700000| Complete 
| 184|0x000000008b800000, 0x000000008b900000, 0x000000008b900000|100%| E|CS|TAMS 0x000000008b800000, 0x000000008b800000| Complete 
| 185|0x000000008b900000, 0x000000008ba00000, 0x000000008ba00000|100%| E|CS|TAMS 0x000000008b900000, 0x000000008b900000| Complete 
| 186|0x000000008ba00000, 0x000000008bb00000, 0x000000008bb00000|100%| E|CS|TAMS 0x000000008ba00000, 0x000000008ba00000| Complete 
| 187|0x000000008bb00000, 0x000000008bc00000, 0x000000008bc00000|100%| E|CS|TAMS 0x000000008bb00000, 0x000000008bb00000| Complete 
| 188|0x000000008bc00000, 0x000000008bd00000, 0x000000008bd00000|100%| E|CS|TAMS 0x000000008bc00000, 0x000000008bc00000| Complete 
| 189|0x000000008bd00000, 0x000000008be00000, 0x000000008be00000|100%| E|CS|TAMS 0x000000008bd00000, 0x000000008bd00000| Complete 
| 190|0x000000008be00000, 0x000000008bf00000, 0x000000008bf00000|100%| E|CS|TAMS 0x000000008be00000, 0x000000008be00000| Complete 
| 191|0x000000008bf00000, 0x000000008c000000, 0x000000008c000000|100%| E|CS|TAMS 0x000000008bf00000, 0x000000008bf00000| Complete 
| 192|0x000000008c000000, 0x000000008c100000, 0x000000008c100000|100%| E|CS|TAMS 0x000000008c000000, 0x000000008c000000| Complete 
| 193|0x000000008c100000, 0x000000008c200000, 0x000000008c200000|100%| E|CS|TAMS 0x000000008c100000, 0x000000008c100000| Complete 
| 194|0x000000008c200000, 0x000000008c300000, 0x000000008c300000|100%| E|CS|TAMS 0x000000008c200000, 0x000000008c200000| Complete 
| 195|0x000000008c300000, 0x000000008c400000, 0x000000008c400000|100%| E|CS|TAMS 0x000000008c300000, 0x000000008c300000| Complete 
| 196|0x000000008c400000, 0x000000008c500000, 0x000000008c500000|100%| E|CS|TAMS 0x000000008c400000, 0x000000008c400000| Complete 
| 197|0x000000008c500000, 0x000000008c600000, 0x000000008c600000|100%| E|CS|TAMS 0x000000008c500000, 0x000000008c500000| Complete 
| 198|0x000000008c600000, 0x000000008c700000, 0x000000008c700000|100%| E|CS|TAMS 0x000000008c600000, 0x000000008c600000| Complete 
| 199|0x000000008c700000, 0x000000008c800000, 0x000000008c800000|100%| E|CS|TAMS 0x000000008c700000, 0x000000008c700000| Complete 
| 200|0x000000008c800000, 0x000000008c900000, 0x000000008c900000|100%| E|CS|TAMS 0x000000008c800000, 0x000000008c800000| Complete 
| 201|0x000000008c900000, 0x000000008ca00000, 0x000000008ca00000|100%| E|CS|TAMS 0x000000008c900000, 0x000000008c900000| Complete 
| 255|0x000000008ff00000, 0x0000000090000000, 0x0000000090000000|100%| E|CS|TAMS 0x000000008ff00000, 0x000000008ff00000| Complete 

Card table byte_map: [0x0000023e62320000,0x0000023e62720000] _byte_map_base: 0x0000023e61f20000

Marking Bits (Prev, Next): (CMBitMap*) 0x0000023e496af4b0, (CMBitMap*) 0x0000023e496af4f0
 Prev Bits: [0x0000023e62b20000, 0x0000023e64b20000)
 Next Bits: [0x0000023e64b20000, 0x0000023e66b20000)

Polling page: 0x0000023e49410000

Metaspace:

Usage:
  Non-class:     65.45 MB used.
      Class:     10.62 MB used.
       Both:     76.08 MB used.

Virtual space:
  Non-class space:      128.00 MB reserved,      65.94 MB ( 52%) committed,  2 nodes.
      Class space:      416.00 MB reserved,      11.00 MB (  3%) committed,  1 nodes.
             Both:      544.00 MB reserved,      76.94 MB ( 14%) committed. 

Chunk freelists:
   Non-Class:  13.98 MB
       Class:  5.03 MB
        Both:  19.01 MB

MaxMetaspaceSize: 512.00 MB
CompressedClassSpaceSize: 416.00 MB
Initial GC threshold: 21.00 MB
Current GC threshold: 128.12 MB
CDS: on
MetaspaceReclaimPolicy: balanced
 - commit_granule_bytes: 65536.
 - commit_granule_words: 8192.
 - virtual_space_node_default_size: 8388608.
 - enlarge_chunks_in_place: 1.
 - new_chunks_are_fully_committed: 0.
 - uncommit_free_chunks: 1.
 - use_allocation_guard: 0.
 - handle_deallocations: 1.


Internal statistics:

num_allocs_failed_limit: 9.
num_arena_births: 1092.
num_arena_deaths: 0.
num_vsnodes_births: 3.
num_vsnodes_deaths: 0.
num_space_committed: 1231.
num_space_uncommitted: 0.
num_chunks_returned_to_freelist: 9.
num_chunks_taken_from_freelist: 4335.
num_chunk_merges: 6.
num_chunk_splits: 2759.
num_chunks_enlarged: 1720.
num_inconsistent_stats: 0.

CodeHeap 'non-profiled nmethods': size=120000Kb used=5740Kb max_used=5804Kb free=114259Kb
 bounds [0x0000023e5a3d0000, 0x0000023e5a990000, 0x0000023e61900000]
CodeHeap 'profiled nmethods': size=120000Kb used=18027Kb max_used=20202Kb free=101972Kb
 bounds [0x0000023e52900000, 0x0000023e53cc0000, 0x0000023e59e30000]
CodeHeap 'non-nmethods': size=5760Kb used=2419Kb max_used=2501Kb free=3340Kb
 bounds [0x0000023e59e30000, 0x0000023e5a0b0000, 0x0000023e5a3d0000]
 total_blobs=10628 nmethods=9675 adapters=865
 compilation: enabled
              stopped_count=0, restarted_count=0
 full_count=0

Compilation events (20 events):
Event: 16.107 Thread 0x0000023e691b7280 nmethod 11309 0x0000023e52d27a90 code [0x0000023e52d27ca0, 0x0000023e52d28418]
Event: 16.107 Thread 0x0000023e691b7280 11310       3       org.gradle.internal.component.local.model.TransformedComponentFileArtifactIdentifier::hashCode (29 bytes)
Event: 16.107 Thread 0x0000023e691b7280 nmethod 11310 0x0000023e52a6fe10 code [0x0000023e52a6ffe0, 0x0000023e52a706c8]
Event: 16.107 Thread 0x0000023e691b7280 11311       3       org.gradle.internal.Describables$ThreePartDescribable::hashCode (29 bytes)
Event: 16.107 Thread 0x0000023e691b7280 nmethod 11311 0x0000023e52a8d990 code [0x0000023e52a8db60, 0x0000023e52a8e248]
Event: 16.107 Thread 0x0000023e691b7280 11312       3       org.gradle.api.internal.artifacts.transform.TransformingAsyncArtifactListener$TransformedArtifact$$Lambda$968/0x0000023e016b1640::accept (16 bytes)
Event: 16.108 Thread 0x0000023e691b7280 nmethod 11312 0x0000023e529dbb10 code [0x0000023e529dbcc0, 0x0000023e529dbf08]
Event: 16.109 Thread 0x0000023e691b7280 11313       3       org.gradle.api.internal.initialization.DefaultScriptClassPathResolver::isProjectDependency (31 bytes)
Event: 16.110 Thread 0x0000023e691b7280 nmethod 11313 0x0000023e52f3d110 code [0x0000023e52f3d2e0, 0x0000023e52f3d7d8]
Event: 16.133 Thread 0x0000023e691b7280 11314       3       org.gradle.internal.snapshot.RegularFileSnapshot::accept (8 bytes)
Event: 16.133 Thread 0x0000023e691b7280 nmethod 11314 0x0000023e52b45710 code [0x0000023e52b458c0, 0x0000023e52b45aa8]
Event: 16.133 Thread 0x0000023e691b7280 11315       3       org.gradle.api.internal.initialization.transform.utils.InstrumentationClasspathMerger$OriginalArtifactIdentifier::<init> (15 bytes)
Event: 16.134 Thread 0x0000023e691b7280 nmethod 11315 0x0000023e52b46190 code [0x0000023e52b46340, 0x0000023e52b46558]
Event: 16.134 Thread 0x0000023e691b7280 11318       3       org.gradle.api.internal.initialization.transform.utils.InstrumentationClasspathMerger$OriginalArtifactIdentifier::of (66 bytes)
Event: 16.134 Thread 0x0000023e691b7280 nmethod 11318 0x0000023e52902890 code [0x0000023e52902ac0, 0x0000023e52903478]
Event: 16.134 Thread 0x0000023e691b7280 11316       3       java.util.stream.SortedOps$SizedRefSortingSink::accept (18 bytes)
Event: 16.134 Thread 0x0000023e691b7280 nmethod 11316 0x0000023e52921610 code [0x0000023e529217c0, 0x0000023e52921a78]
Event: 16.134 Thread 0x0000023e691b7280 11317       3       org.gradle.api.internal.initialization.transform.utils.InstrumentationClasspathMerger$ClassPathTransformedArtifact::<init> (15 bytes)
Event: 16.134 Thread 0x0000023e691b7280 nmethod 11317 0x0000023e52ba1a90 code [0x0000023e52ba1c40, 0x0000023e52ba1e58]
Event: 16.134 Thread 0x0000023e691b7280 11322       3       org.gradle.api.internal.initialization.transform.utils.InstrumentationClasspathMerger$$Lambda$990/0x0000023e016b7990::compare (16 bytes)

GC Heap History (20 events):
Event: 7.917 GC heap before
{Heap before GC invocations=13 (full 0):
 garbage-first heap   total 178176K, used 137978K [0x0000000080000000, 0x0000000100000000)
  region size 1024K, 101 young (103424K), 2 survivors (2048K)
 Metaspace       used 55531K, committed 56128K, reserved 491520K
  class space    used 7677K, committed 7936K, reserved 425984K
}
Event: 7.924 GC heap after
{Heap after GC invocations=14 (full 0):
 garbage-first heap   total 178176K, used 42294K [0x0000000080000000, 0x0000000100000000)
  region size 1024K, 9 young (9216K), 9 survivors (9216K)
 Metaspace       used 55531K, committed 56128K, reserved 491520K
  class space    used 7677K, committed 7936K, reserved 425984K
}
Event: 9.629 GC heap before
{Heap before GC invocations=14 (full 0):
 garbage-first heap   total 178176K, used 112950K [0x0000000080000000, 0x0000000100000000)
  region size 1024K, 79 young (80896K), 9 survivors (9216K)
 Metaspace       used 59764K, committed 60288K, reserved 491520K
  class space    used 8312K, committed 8576K, reserved 425984K
}
Event: 9.642 GC heap after
{Heap after GC invocations=15 (full 0):
 garbage-first heap   total 178176K, used 48059K [0x0000000080000000, 0x0000000100000000)
  region size 1024K, 7 young (7168K), 7 survivors (7168K)
 Metaspace       used 59764K, committed 60288K, reserved 491520K
  class space    used 8312K, committed 8576K, reserved 425984K
}
Event: 11.024 GC heap before
{Heap before GC invocations=16 (full 0):
 garbage-first heap   total 167936K, used 148411K [0x0000000080000000, 0x0000000100000000)
  region size 1024K, 94 young (96256K), 7 survivors (7168K)
 Metaspace       used 67101K, committed 67776K, reserved 491520K
  class space    used 9398K, committed 9728K, reserved 425984K
}
Event: 11.033 GC heap after
{Heap after GC invocations=17 (full 0):
 garbage-first heap   total 167936K, used 67048K [0x0000000080000000, 0x0000000100000000)
  region size 1024K, 7 young (7168K), 7 survivors (7168K)
 Metaspace       used 67101K, committed 67776K, reserved 491520K
  class space    used 9398K, committed 9728K, reserved 425984K
}
Event: 11.861 GC heap before
{Heap before GC invocations=17 (full 0):
 garbage-first heap   total 167936K, used 132584K [0x0000000080000000, 0x0000000100000000)
  region size 1024K, 71 young (72704K), 7 survivors (7168K)
 Metaspace       used 70097K, committed 70848K, reserved 491520K
  class space    used 9802K, committed 10176K, reserved 425984K
}
Event: 11.875 GC heap after
{Heap after GC invocations=18 (full 0):
 garbage-first heap   total 167936K, used 71823K [0x0000000080000000, 0x0000000100000000)
  region size 1024K, 5 young (5120K), 5 survivors (5120K)
 Metaspace       used 70097K, committed 70848K, reserved 491520K
  class space    used 9802K, committed 10176K, reserved 425984K
}
Event: 12.866 GC heap before
{Heap before GC invocations=18 (full 0):
 garbage-first heap   total 167936K, used 134287K [0x0000000080000000, 0x0000000100000000)
  region size 1024K, 66 young (67584K), 5 survivors (5120K)
 Metaspace       used 73564K, committed 74304K, reserved 491520K
  class space    used 10274K, committed 10624K, reserved 425984K
}
Event: 12.880 GC heap after
{Heap after GC invocations=19 (full 0):
 garbage-first heap   total 167936K, used 76482K [0x0000000080000000, 0x0000000100000000)
  region size 1024K, 7 young (7168K), 7 survivors (7168K)
 Metaspace       used 73564K, committed 74304K, reserved 491520K
  class space    used 10274K, committed 10624K, reserved 425984K
}
Event: 13.952 GC heap before
{Heap before GC invocations=19 (full 0):
 garbage-first heap   total 167936K, used 132802K [0x0000000080000000, 0x0000000100000000)
  region size 1024K, 62 young (63488K), 7 survivors (7168K)
 Metaspace       used 76529K, committed 77312K, reserved 557056K
  class space    used 10764K, committed 11136K, reserved 425984K
}
Event: 13.963 GC heap after
{Heap after GC invocations=20 (full 0):
 garbage-first heap   total 167936K, used 82192K [0x0000000080000000, 0x0000000100000000)
  region size 1024K, 8 young (8192K), 8 survivors (8192K)
 Metaspace       used 76529K, committed 77312K, reserved 557056K
  class space    used 10764K, committed 11136K, reserved 425984K
}
Event: 14.930 GC heap before
{Heap before GC invocations=20 (full 0):
 garbage-first heap   total 167936K, used 132368K [0x0000000080000000, 0x0000000100000000)
  region size 1024K, 57 young (58368K), 8 survivors (8192K)
 Metaspace       used 77792K, committed 78592K, reserved 557056K
  class space    used 10872K, committed 11264K, reserved 425984K
}
Event: 14.945 GC heap after
{Heap after GC invocations=21 (full 0):
 garbage-first heap   total 167936K, used 87556K [0x0000000080000000, 0x0000000100000000)
  region size 1024K, 8 young (8192K), 8 survivors (8192K)
 Metaspace       used 77792K, committed 78592K, reserved 557056K
  class space    used 10872K, committed 11264K, reserved 425984K
}
Event: 15.333 GC heap before
{Heap before GC invocations=21 (full 0):
 garbage-first heap   total 167936K, used 130564K [0x0000000080000000, 0x0000000100000000)
  region size 1024K, 51 young (52224K), 8 survivors (8192K)
 Metaspace       used 77872K, committed 78720K, reserved 557056K
  class space    used 10873K, committed 11264K, reserved 425984K
}
Event: 15.344 GC heap after
{Heap after GC invocations=22 (full 0):
 garbage-first heap   total 167936K, used 88705K [0x0000000080000000, 0x0000000100000000)
  region size 1024K, 4 young (4096K), 4 survivors (4096K)
 Metaspace       used 77872K, committed 78720K, reserved 557056K
  class space    used 10873K, committed 11264K, reserved 425984K
}
Event: 15.685 GC heap before
{Heap before GC invocations=23 (full 0):
 garbage-first heap   total 173056K, used 132737K [0x0000000080000000, 0x0000000100000000)
  region size 1024K, 48 young (49152K), 4 survivors (4096K)
 Metaspace       used 77898K, committed 78784K, reserved 557056K
  class space    used 10876K, committed 11264K, reserved 425984K
}
Event: 15.690 GC heap after
{Heap after GC invocations=24 (full 0):
 garbage-first heap   total 173056K, used 90229K [0x0000000080000000, 0x0000000100000000)
  region size 1024K, 4 young (4096K), 4 survivors (4096K)
 Metaspace       used 77898K, committed 78784K, reserved 557056K
  class space    used 10876K, committed 11264K, reserved 425984K
}
Event: 15.720 GC heap before
{Heap before GC invocations=24 (full 0):
 garbage-first heap   total 173056K, used 93301K [0x0000000080000000, 0x0000000100000000)
  region size 1024K, 8 young (8192K), 4 survivors (4096K)
 Metaspace       used 77898K, committed 78784K, reserved 557056K
  class space    used 10876K, committed 11264K, reserved 425984K
}
Event: 15.725 GC heap after
{Heap after GC invocations=25 (full 0):
 garbage-first heap   total 207872K, used 89187K [0x0000000080000000, 0x0000000100000000)
  region size 1024K, 1 young (1024K), 1 survivors (1024K)
 Metaspace       used 77898K, committed 78784K, reserved 557056K
  class space    used 10876K, committed 11264K, reserved 425984K
}

Dll operation events (14 events):
Event: 0.009 Loaded shared library C:\Program Files\Microsoft\jdk-17.0.8.7-hotspot\bin\java.dll
Event: 0.027 Loaded shared library C:\Program Files\Microsoft\jdk-17.0.8.7-hotspot\bin\jsvml.dll
Event: 0.074 Loaded shared library C:\Program Files\Microsoft\jdk-17.0.8.7-hotspot\bin\zip.dll
Event: 0.078 Loaded shared library C:\Program Files\Microsoft\jdk-17.0.8.7-hotspot\bin\instrument.dll
Event: 0.081 Loaded shared library C:\Program Files\Microsoft\jdk-17.0.8.7-hotspot\bin\net.dll
Event: 0.083 Loaded shared library C:\Program Files\Microsoft\jdk-17.0.8.7-hotspot\bin\nio.dll
Event: 0.084 Loaded shared library C:\Program Files\Microsoft\jdk-17.0.8.7-hotspot\bin\zip.dll
Event: 0.298 Loaded shared library C:\Program Files\Microsoft\jdk-17.0.8.7-hotspot\bin\jimage.dll
Event: 0.425 Loaded shared library C:\Program Files\Microsoft\jdk-17.0.8.7-hotspot\bin\verify.dll
Event: 0.559 Loaded shared library C:\Users\Administrator\.gradle\native\c067742578af261105cb4f569cf0c3c89f3d7b1fecec35dd04571415982c5e48\windows-amd64\native-platform.dll
Event: 0.574 Loaded shared library C:\Users\Administrator\.gradle\native\100fb08df4bc3b14c8652ba06237920a3bd2aa13389f12d3474272988ae205f9\windows-amd64\native-platform-file-events.dll
Event: 1.726 Loaded shared library C:\Program Files\Microsoft\jdk-17.0.8.7-hotspot\bin\management.dll
Event: 1.728 Loaded shared library C:\Program Files\Microsoft\jdk-17.0.8.7-hotspot\bin\management_ext.dll
Event: 2.020 Loaded shared library C:\Program Files\Microsoft\jdk-17.0.8.7-hotspot\bin\sunmscapi.dll

Deoptimization events (20 events):
Event: 15.846 Thread 0x0000023e6f468f40 Uncommon trap: reason=array_check action=maybe_recompile pc=0x0000023e5a68a9ec method=java.util.TimSort.reverseRange([Ljava/lang/Object;II)V @ 20 c2
Event: 15.846 Thread 0x0000023e6f468f40 DEOPT PACKING pc=0x0000023e5a68a9ec sp=0x0000009d23afd350
Event: 15.846 Thread 0x0000023e6f4615c0 DEOPT UNPACKING pc=0x0000023e59e869a3 sp=0x0000009d237fd720 mode 2
Event: 15.846 Thread 0x0000023e6f468f40 DEOPT UNPACKING pc=0x0000023e59e869a3 sp=0x0000009d23afd1a0 mode 2
Event: 15.846 Thread 0x0000023e6f468f40 Uncommon trap: trap_request=0xffffffd6 fr.pc=0x0000023e5a68a9ec relative=0x000000000000270c
Event: 15.846 Thread 0x0000023e6f468f40 Uncommon trap: reason=array_check action=maybe_recompile pc=0x0000023e5a68a9ec method=java.util.TimSort.reverseRange([Ljava/lang/Object;II)V @ 20 c2
Event: 15.846 Thread 0x0000023e6f468f40 DEOPT PACKING pc=0x0000023e5a68a9ec sp=0x0000009d23afd350
Event: 15.846 Thread 0x0000023e6f468f40 DEOPT UNPACKING pc=0x0000023e59e869a3 sp=0x0000009d23afd1a0 mode 2
Event: 15.849 Thread 0x0000023e6f4615c0 Uncommon trap: trap_request=0xffffffd6 fr.pc=0x0000023e5a68a9ec relative=0x000000000000270c
Event: 15.849 Thread 0x0000023e6f4615c0 Uncommon trap: reason=array_check action=maybe_recompile pc=0x0000023e5a68a9ec method=java.util.TimSort.reverseRange([Ljava/lang/Object;II)V @ 20 c2
Event: 15.849 Thread 0x0000023e6f4615c0 DEOPT PACKING pc=0x0000023e5a68a9ec sp=0x0000009d237fd8d0
Event: 15.849 Thread 0x0000023e6f4615c0 DEOPT UNPACKING pc=0x0000023e59e869a3 sp=0x0000009d237fd720 mode 2
Event: 15.950 Thread 0x0000023e6f4615c0 Uncommon trap: trap_request=0xffffffd6 fr.pc=0x0000023e5a69be94 relative=0x0000000000002994
Event: 15.950 Thread 0x0000023e6f467b00 Uncommon trap: trap_request=0xffffffd6 fr.pc=0x0000023e5a69be94 relative=0x0000000000002994
Event: 15.950 Thread 0x0000023e6f4615c0 Uncommon trap: reason=array_check action=maybe_recompile pc=0x0000023e5a69be94 method=java.util.TimSort.reverseRange([Ljava/lang/Object;II)V @ 27 c2
Event: 15.950 Thread 0x0000023e6f467b00 Uncommon trap: reason=array_check action=maybe_recompile pc=0x0000023e5a69be94 method=java.util.TimSort.reverseRange([Ljava/lang/Object;II)V @ 27 c2
Event: 15.950 Thread 0x0000023e6f4615c0 DEOPT PACKING pc=0x0000023e5a69be94 sp=0x0000009d237fd8b0
Event: 15.950 Thread 0x0000023e6f467b00 DEOPT PACKING pc=0x0000023e5a69be94 sp=0x0000009d23bfd920
Event: 15.950 Thread 0x0000023e6f4615c0 DEOPT UNPACKING pc=0x0000023e59e869a3 sp=0x0000009d237fd720 mode 2
Event: 15.950 Thread 0x0000023e6f467b00 DEOPT UNPACKING pc=0x0000023e59e869a3 sp=0x0000009d23bfd790 mode 2

Classes unloaded (0 events):
No events

Classes redefined (0 events):
No events

Internal exceptions (20 events):
Event: 14.268 Thread 0x0000023e6f0154b0 Exception <a 'java/lang/ClassNotFoundException'{0x00000000896e9ba8}: org/gradle/api/internal/DefaultNamedDomainObjectListBeanInfo> (0x00000000896e9ba8) 
thrown [s\src\hotspot\share\classfile\systemDictionary.cpp, line 256]
Event: 14.269 Thread 0x0000023e6f0154b0 Exception <a 'java/lang/ClassNotFoundException'{0x00000000896ff9d0}: org/gradle/api/internal/DefaultNamedDomainObjectCollectionBeanInfo> (0x00000000896ff9d0) 
thrown [s\src\hotspot\share\classfile\systemDictionary.cpp, line 256]
Event: 14.269 Thread 0x0000023e6f0154b0 Exception <a 'java/lang/ClassNotFoundException'{0x0000000089515b38}: org/gradle/api/internal/DefaultDomainObjectCollectionBeanInfo> (0x0000000089515b38) 
thrown [s\src\hotspot\share\classfile\systemDictionary.cpp, line 256]
Event: 14.269 Thread 0x0000023e6f0154b0 Exception <a 'java/lang/ClassNotFoundException'{0x000000008951d920}: java/util/AbstractCollectionBeanInfo> (0x000000008951d920) 
thrown [s\src\hotspot\share\classfile\systemDictionary.cpp, line 256]
Event: 14.270 Thread 0x0000023e6f0154b0 Exception <a 'java/lang/ClassNotFoundException'{0x00000000895256d0}: java/util/AbstractCollectionCustomizer> (0x00000000895256d0) 
thrown [s\src\hotspot\share\classfile\systemDictionary.cpp, line 256]
Event: 14.271 Thread 0x0000023e6f0154b0 Exception <a 'java/lang/ClassNotFoundException'{0x0000000089544ec0}: org/gradle/api/internal/DefaultDomainObjectCollectionCustomizer> (0x0000000089544ec0) 
thrown [s\src\hotspot\share\classfile\systemDictionary.cpp, line 256]
Event: 14.272 Thread 0x0000023e6f0154b0 Exception <a 'java/lang/ClassNotFoundException'{0x000000008957b0d8}: org/gradle/api/internal/DefaultNamedDomainObjectCollectionCustomizer> (0x000000008957b0d8) 
thrown [s\src\hotspot\share\classfile\systemDictionary.cpp, line 256]
Event: 14.275 Thread 0x0000023e6f0154b0 Exception <a 'java/lang/ClassNotFoundException'{0x00000000895b9e60}: org/gradle/api/internal/DefaultNamedDomainObjectListCustomizer> (0x00000000895b9e60) 
thrown [s\src\hotspot\share\classfile\systemDictionary.cpp, line 256]
Event: 14.277 Thread 0x0000023e6f0154b0 Exception <a 'java/lang/ClassNotFoundException'{0x00000000895ef7a0}: org/gradle/api/internal/artifacts/DefaultArtifactRepositoryContainerCustomizer> (0x00000000895ef7a0) 
thrown [s\src\hotspot\share\classfile\systemDictionary.cpp, line 256]
Event: 14.279 Thread 0x0000023e6f0154b0 Exception <a 'java/lang/ClassNotFoundException'{0x0000000089419cf8}: org/gradle/api/internal/artifacts/dsl/DefaultRepositoryHandlerCustomizer> (0x0000000089419cf8) 
thrown [s\src\hotspot\share\classfile\systemDictionary.cpp, line 256]
Event: 14.281 Thread 0x0000023e6f0154b0 Exception <a 'java/lang/ClassNotFoundException'{0x0000000089452500}: org/gradle/api/internal/artifacts/dsl/DefaultRepositoryHandler_DecoratedCustomizer> (0x0000000089452500) 
thrown [s\src\hotspot\share\classfile\systemDictionary.cpp, line 256]
Event: 14.289 Thread 0x0000023e6f0154b0 Exception <a 'java/lang/ClassNotFoundException'{0x00000000894fb708}: org/gradle/api/internal/artifacts/dsl/dependencies/DefaultDependencyHandler_DecoratedBeanInfo> (0x00000000894fb708) 
thrown [s\src\hotspot\share\classfile\systemDictionary.cpp, line 256]
Event: 14.290 Thread 0x0000023e6f0154b0 Exception <a 'java/lang/ClassNotFoundException'{0x00000000893138a8}: org/gradle/api/internal/artifacts/dsl/dependencies/DefaultDependencyHandlerBeanInfo> (0x00000000893138a8) 
thrown [s\src\hotspot\share\classfile\systemDictionary.cpp, line 256]
Event: 14.291 Thread 0x0000023e6f0154b0 Exception <a 'java/lang/ClassNotFoundException'{0x000000008932aac8}: org/gradle/api/internal/artifacts/dsl/dependencies/DefaultDependencyHandlerCustomizer> (0x000000008932aac8) 
thrown [s\src\hotspot\share\classfile\systemDictionary.cpp, line 256]
Event: 14.293 Thread 0x0000023e6f0154b0 Exception <a 'java/lang/ClassNotFoundException'{0x000000008936a380}: org/gradle/api/internal/artifacts/dsl/dependencies/DefaultDependencyHandler_DecoratedCustomizer> (0x000000008936a380) 
thrown [s\src\hotspot\share\classfile\systemDictionary.cpp, line 256]
Event: 14.779 Thread 0x0000023e720e37e0 Exception <a 'sun/nio/fs/WindowsException'{0x0000000087e4c378}> (0x0000000087e4c378) 
thrown [s\src\hotspot\share\prims\jni.cpp, line 516]
Event: 14.780 Thread 0x0000023e720e37e0 Exception <a 'sun/nio/fs/WindowsException'{0x0000000087e4e990}> (0x0000000087e4e990) 
thrown [s\src\hotspot\share\prims\jni.cpp, line 516]
Event: 14.780 Thread 0x0000023e720e37e0 Exception <a 'sun/nio/fs/WindowsException'{0x0000000087e51748}> (0x0000000087e51748) 
thrown [s\src\hotspot\share\prims\jni.cpp, line 516]
Event: 14.780 Thread 0x0000023e720e37e0 Exception <a 'sun/nio/fs/WindowsException'{0x0000000087e537c8}> (0x0000000087e537c8) 
thrown [s\src\hotspot\share\prims\jni.cpp, line 516]
Event: 14.999 Thread 0x0000023e6f4675f0 Implicit null exception at 0x0000023e5a95e7b3 to 0x0000023e5a95edec

VM Operations (20 events):
Event: 15.190 Executing VM operation: ICBufferFull
Event: 15.190 Executing VM operation: ICBufferFull done
Event: 15.190 Executing VM operation: ICBufferFull
Event: 15.190 Executing VM operation: ICBufferFull done
Event: 15.190 Executing VM operation: ICBufferFull
Event: 15.190 Executing VM operation: ICBufferFull done
Event: 15.191 Executing VM operation: ICBufferFull
Event: 15.191 Executing VM operation: ICBufferFull done
Event: 15.206 Executing VM operation: HandshakeAllThreads
Event: 15.206 Executing VM operation: HandshakeAllThreads done
Event: 15.333 Executing VM operation: G1CollectForAllocation
Event: 15.345 Executing VM operation: G1CollectForAllocation done
Event: 15.455 Executing VM operation: G1PauseRemark
Event: 15.460 Executing VM operation: G1PauseRemark done
Event: 15.516 Executing VM operation: G1PauseCleanup
Event: 15.517 Executing VM operation: G1PauseCleanup done
Event: 15.685 Executing VM operation: G1CollectForAllocation
Event: 15.690 Executing VM operation: G1CollectForAllocation done
Event: 15.720 Executing VM operation: G1CollectForAllocation
Event: 15.726 Executing VM operation: G1CollectForAllocation done

Events (20 events):
Event: 15.218 Thread 0x0000023e692e0060 flushing nmethod 0x0000023e53851e10
Event: 15.218 Thread 0x0000023e692e0060 flushing nmethod 0x0000023e53897f90
Event: 15.218 Thread 0x0000023e692e0060 flushing nmethod 0x0000023e5389a510
Event: 15.218 Thread 0x0000023e692e0060 flushing nmethod 0x0000023e538a6390
Event: 15.218 Thread 0x0000023e692e0060 flushing nmethod 0x0000023e538f8f90
Event: 15.218 Thread 0x0000023e692e0060 flushing nmethod 0x0000023e53907810
Event: 15.218 Thread 0x0000023e692e0060 flushing nmethod 0x0000023e53985a10
Event: 15.218 Thread 0x0000023e692e0060 flushing nmethod 0x0000023e53992210
Event: 15.218 Thread 0x0000023e692e0060 flushing nmethod 0x0000023e539a7a90
Event: 15.218 Thread 0x0000023e692e0060 flushing nmethod 0x0000023e539d9a10
Event: 15.218 Thread 0x0000023e692e0060 flushing nmethod 0x0000023e539dce90
Event: 15.219 Thread 0x0000023e692e0060 flushing nmethod 0x0000023e53a67510
Event: 15.219 Thread 0x0000023e692e0060 flushing nmethod 0x0000023e53a82e10
Event: 15.219 Thread 0x0000023e692e0060 flushing nmethod 0x0000023e53b71c90
Event: 15.460 loading class sun/security/ssl/Alert
Event: 15.461 loading class sun/security/ssl/Alert done
Event: 15.461 loading class sun/security/ssl/Alert$AlertConsumer
Event: 15.462 loading class sun/security/ssl/Alert$AlertConsumer done
Event: 15.462 loading class sun/security/ssl/Alert$Level
Event: 15.462 loading class sun/security/ssl/Alert$Level done


Dynamic libraries:
0x00007ff6410d0000 - 0x00007ff6410de000 	C:\Program Files\Microsoft\jdk-17.0.8.7-hotspot\bin\java.exe
0x00007ffd9ea30000 - 0x00007ffd9ec28000 	C:\Windows\SYSTEM32\ntdll.dll
0x00007ffd9d130000 - 0x00007ffd9d1f2000 	C:\Windows\System32\KERNEL32.DLL
0x00007ffd9c6d0000 - 0x00007ffd9c9ce000 	C:\Windows\System32\KERNELBASE.dll
0x00007ffd9c440000 - 0x00007ffd9c540000 	C:\Windows\System32\ucrtbase.dll
0x00007ffd7e730000 - 0x00007ffd7e747000 	C:\Program Files\Microsoft\jdk-17.0.8.7-hotspot\bin\jli.dll
0x00007ffd7e710000 - 0x00007ffd7e72b000 	C:\Program Files\Microsoft\jdk-17.0.8.7-hotspot\bin\VCRUNTIME140.dll
0x00007ffd9d950000 - 0x00007ffd9daed000 	C:\Windows\System32\USER32.dll
0x00007ffd94d00000 - 0x00007ffd94f9a000 	C:\Windows\WinSxS\amd64_microsoft.windows.common-controls_6595b64144ccf1df_6.0.19041.4355_none_60b8b9eb71f62e16\COMCTL32.dll
0x00007ffd9ca20000 - 0x00007ffd9ca42000 	C:\Windows\System32\win32u.dll
0x00007ffd9d8b0000 - 0x00007ffd9d94e000 	C:\Windows\System32\msvcrt.dll
0x00007ffd9cb10000 - 0x00007ffd9cb3b000 	C:\Windows\System32\GDI32.dll
0x00007ffd9c540000 - 0x00007ffd9c657000 	C:\Windows\System32\gdi32full.dll
0x00007ffd9c3a0000 - 0x00007ffd9c43d000 	C:\Windows\System32\msvcp_win.dll
0x00007ffd9d7f0000 - 0x00007ffd9d81f000 	C:\Windows\System32\IMM32.DLL
0x00007ffd7e700000 - 0x00007ffd7e70c000 	C:\Program Files\Microsoft\jdk-17.0.8.7-hotspot\bin\vcruntime140_1.dll
0x00007ffd60360000 - 0x00007ffd603ed000 	C:\Program Files\Microsoft\jdk-17.0.8.7-hotspot\bin\msvcp140.dll
0x00007ffd35410000 - 0x00007ffd36075000 	C:\Program Files\Microsoft\jdk-17.0.8.7-hotspot\bin\server\jvm.dll
0x00007ffd9d010000 - 0x00007ffd9d0c1000 	C:\Windows\System32\ADVAPI32.dll
0x00007ffd9d6a0000 - 0x00007ffd9d73f000 	C:\Windows\System32\sechost.dll
0x00007ffd9e040000 - 0x00007ffd9e163000 	C:\Windows\System32\RPCRT4.dll
0x00007ffd9c0d0000 - 0x00007ffd9c0f7000 	C:\Windows\System32\bcrypt.dll
0x00007ffd9bb50000 - 0x00007ffd9bb9b000 	C:\Windows\SYSTEM32\POWRPROF.dll
0x00007ffd94fa0000 - 0x00007ffd94fc7000 	C:\Windows\SYSTEM32\WINMM.dll
0x00007ffd84230000 - 0x00007ffd84239000 	C:\Windows\SYSTEM32\WSOCK32.dll
0x00007ffd9d630000 - 0x00007ffd9d69b000 	C:\Windows\System32\WS2_32.dll
0x00007ffd96cb0000 - 0x00007ffd96cba000 	C:\Windows\SYSTEM32\VERSION.dll
0x00007ffd9bb00000 - 0x00007ffd9bb12000 	C:\Windows\SYSTEM32\UMPDC.dll
0x00007ffd99f70000 - 0x00007ffd99f82000 	C:\Windows\SYSTEM32\kernel.appcore.dll
0x00007ffd7d230000 - 0x00007ffd7d23a000 	C:\Program Files\Microsoft\jdk-17.0.8.7-hotspot\bin\jimage.dll
0x00007ffd8bb60000 - 0x00007ffd8bd44000 	C:\Windows\SYSTEM32\DBGHELP.DLL
0x00007ffd8b360000 - 0x00007ffd8b394000 	C:\Windows\SYSTEM32\dbgcore.DLL
0x00007ffd9c1b0000 - 0x00007ffd9c232000 	C:\Windows\System32\bcryptPrimitives.dll
0x00007ffd98fc0000 - 0x00007ffd98fce000 	C:\Program Files\Microsoft\jdk-17.0.8.7-hotspot\bin\instrument.dll
0x00007ffd7d200000 - 0x00007ffd7d225000 	C:\Program Files\Microsoft\jdk-17.0.8.7-hotspot\bin\java.dll
0x00007ffd60280000 - 0x00007ffd60357000 	C:\Program Files\Microsoft\jdk-17.0.8.7-hotspot\bin\jsvml.dll
0x00007ffd9e1f0000 - 0x00007ffd9e95d000 	C:\Windows\System32\SHELL32.dll
0x00007ffd9a170000 - 0x00007ffd9a914000 	C:\Windows\SYSTEM32\windows.storage.dll
0x00007ffd9dbc0000 - 0x00007ffd9df13000 	C:\Windows\System32\combase.dll
0x00007ffd9ba90000 - 0x00007ffd9babe000 	C:\Windows\SYSTEM32\Wldp.dll
0x00007ffd9daf0000 - 0x00007ffd9dbbd000 	C:\Windows\System32\OLEAUT32.dll
0x00007ffd9ca50000 - 0x00007ffd9cafd000 	C:\Windows\System32\SHCORE.dll
0x00007ffd9cb40000 - 0x00007ffd9cb95000 	C:\Windows\System32\shlwapi.dll
0x00007ffd9c000000 - 0x00007ffd9c024000 	C:\Windows\SYSTEM32\profapi.dll
0x00007ffd60240000 - 0x00007ffd60258000 	C:\Program Files\Microsoft\jdk-17.0.8.7-hotspot\bin\zip.dll
0x00007ffd7d1e0000 - 0x00007ffd7d1f9000 	C:\Program Files\Microsoft\jdk-17.0.8.7-hotspot\bin\net.dll
0x00007ffd96640000 - 0x00007ffd9674d000 	C:\Windows\SYSTEM32\WINHTTP.dll
0x00007ffd9b7f0000 - 0x00007ffd9b85a000 	C:\Windows\system32\mswsock.dll
0x00007ffd60260000 - 0x00007ffd60276000 	C:\Program Files\Microsoft\jdk-17.0.8.7-hotspot\bin\nio.dll
0x00007ffd7d1d0000 - 0x00007ffd7d1e0000 	C:\Program Files\Microsoft\jdk-17.0.8.7-hotspot\bin\verify.dll
0x00007ffd970e0000 - 0x00007ffd97107000 	C:\Users\Administrator\.gradle\native\c067742578af261105cb4f569cf0c3c89f3d7b1fecec35dd04571415982c5e48\windows-amd64\native-platform.dll
0x00007ffd45d70000 - 0x00007ffd45eb4000 	C:\Users\Administrator\.gradle\native\100fb08df4bc3b14c8652ba06237920a3bd2aa13389f12d3474272988ae205f9\windows-amd64\native-platform-file-events.dll
0x00007ffd60200000 - 0x00007ffd60209000 	C:\Program Files\Microsoft\jdk-17.0.8.7-hotspot\bin\management.dll
0x00007ffd601f0000 - 0x00007ffd601fb000 	C:\Program Files\Microsoft\jdk-17.0.8.7-hotspot\bin\management_ext.dll
0x00007ffd9d2e0000 - 0x00007ffd9d2e8000 	C:\Windows\System32\PSAPI.DLL
0x00007ffd9b9f0000 - 0x00007ffd9ba08000 	C:\Windows\SYSTEM32\CRYPTSP.dll
0x00007ffd9b110000 - 0x00007ffd9b144000 	C:\Windows\system32\rsaenh.dll
0x00007ffd9bfc0000 - 0x00007ffd9bfee000 	C:\Windows\SYSTEM32\USERENV.dll
0x00007ffd9b9e0000 - 0x00007ffd9b9ec000 	C:\Windows\SYSTEM32\CRYPTBASE.dll
0x00007ffd9b4d0000 - 0x00007ffd9b50b000 	C:\Windows\SYSTEM32\IPHLPAPI.DLL
0x00007ffd9cb00000 - 0x00007ffd9cb08000 	C:\Windows\System32\NSI.dll
0x00007ffd96d60000 - 0x00007ffd96d77000 	C:\Windows\SYSTEM32\dhcpcsvc6.DLL
0x00007ffd96cc0000 - 0x00007ffd96cdd000 	C:\Windows\SYSTEM32\dhcpcsvc.DLL
0x00007ffd9b510000 - 0x00007ffd9b5da000 	C:\Windows\SYSTEM32\DNSAPI.dll
0x00007ffd601e0000 - 0x00007ffd601ee000 	C:\Program Files\Microsoft\jdk-17.0.8.7-hotspot\bin\sunmscapi.dll
0x00007ffd9c240000 - 0x00007ffd9c39c000 	C:\Windows\System32\CRYPT32.dll
0x00007ffd9bb20000 - 0x00007ffd9bb47000 	C:\Windows\SYSTEM32\ncrypt.dll
0x00007ffd9bac0000 - 0x00007ffd9bafb000 	C:\Windows\SYSTEM32\NTASN1.dll
0x00007ffd82c70000 - 0x00007ffd82c77000 	C:\Windows\system32\wshunix.dll
0x00007ffd8fd20000 - 0x00007ffd8fd2a000 	C:\Windows\System32\rasadhlp.dll
0x00007ffd8fbd0000 - 0x00007ffd8fc50000 	C:\Windows\System32\fwpuclnt.dll
0x00007ffd8a060000 - 0x00007ffd8a077000 	C:\Windows\system32\napinsp.dll
0x00007ffd89e50000 - 0x00007ffd89e6b000 	C:\Windows\system32\pnrpnsp.dll
0x00007ffd8a040000 - 0x00007ffd8a055000 	C:\Windows\system32\wshbth.dll
0x00007ffd987a0000 - 0x00007ffd987bd000 	C:\Windows\system32\NLAapi.dll
0x00007ffd8a020000 - 0x00007ffd8a032000 	C:\Windows\System32\winrnr.dll

dbghelp: loaded successfully - version: 4.0.5 - missing functions: none
symbol engine: initialized successfully - sym options: 0x614 - pdb path: .;C:\Program Files\Microsoft\jdk-17.0.8.7-hotspot\bin;C:\Windows\SYSTEM32;C:\Windows\WinSxS\amd64_microsoft.windows.common-controls_6595b64144ccf1df_6.0.19041.4355_none_60b8b9eb71f62e16;C:\Program Files\Microsoft\jdk-17.0.8.7-hotspot\bin\server;C:\Users\Administrator\.gradle\native\c067742578af261105cb4f569cf0c3c89f3d7b1fecec35dd04571415982c5e48\windows-amd64;C:\Users\Administrator\.gradle\native\100fb08df4bc3b14c8652ba06237920a3bd2aa13389f12d3474272988ae205f9\windows-amd64

VM Arguments:
jvm_args: -XX:MaxMetaspaceSize=512m --add-opens=java.base/java.util=ALL-UNNAMED --add-opens=java.base/java.lang=ALL-UNNAMED --add-opens=java.base/java.lang.invoke=ALL-UNNAMED --add-opens=java.prefs/java.util.prefs=ALL-UNNAMED --add-exports=jdk.compiler/com.sun.tools.javac.api=ALL-UNNAMED --add-exports=jdk.compiler/com.sun.tools.javac.util=ALL-UNNAMED --add-opens=java.base/java.nio.charset=ALL-UNNAMED --add-opens=java.base/java.net=ALL-UNNAMED --add-opens=java.base/java.util.concurrent.atomic=ALL-UNNAMED -Xmx2048m -Dfile.encoding=windows-1252 -Duser.country=US -Duser.language=en -Duser.variant -javaagent:C:\Users\Administrator\.gradle\wrapper\dists\gradle-8.10.2-all\7iv73wktx1xtkvlq19urqw1wm\gradle-8.10.2\lib\agents\gradle-instrumentation-agent-8.10.2.jar 
java_command: org.gradle.launcher.daemon.bootstrap.GradleDaemon 8.10.2
java_class_path (initial): C:\Users\Administrator\.gradle\wrapper\dists\gradle-8.10.2-all\7iv73wktx1xtkvlq19urqw1wm\gradle-8.10.2\lib\gradle-daemon-main-8.10.2.jar
Launcher Type: SUN_STANDARD

[Global flags]
     intx CICompilerCount                          = 3                                         {product} {ergonomic}
   size_t CompressedClassSpaceSize                 = 436207616                                 {product} {ergonomic}
     uint ConcGCThreads                            = 1                                         {product} {ergonomic}
     uint G1ConcRefinementThreads                  = 4                                         {product} {ergonomic}
   size_t G1HeapRegionSize                         = 1048576                                   {product} {ergonomic}
    uintx GCDrainStackTargetSize                   = 64                                        {product} {ergonomic}
   size_t InitialHeapSize                          = 268435456                                 {product} {ergonomic}
   size_t MarkStackSize                            = 4194304                                   {product} {ergonomic}
   size_t MaxHeapSize                              = 2147483648                                {product} {command line}
   size_t MaxMetaspaceSize                         = 536870912                                 {product} {command line}
   size_t MaxNewSize                               = 1287651328                                {product} {ergonomic}
   size_t MinHeapDeltaBytes                        = 1048576                                   {product} {ergonomic}
   size_t MinHeapSize                              = 8388608                                   {product} {ergonomic}
    uintx NonNMethodCodeHeapSize                   = 5832780                                {pd product} {ergonomic}
    uintx NonProfiledCodeHeapSize                  = 122912730                              {pd product} {ergonomic}
    uintx ProfiledCodeHeapSize                     = 122912730                              {pd product} {ergonomic}
    uintx ReservedCodeCacheSize                    = 251658240                              {pd product} {ergonomic}
     bool SegmentedCodeCache                       = true                                      {product} {ergonomic}
   size_t SoftMaxHeapSize                          = 2147483648                             {manageable} {ergonomic}
     bool UseCompressedClassPointers               = true                           {product lp64_product} {ergonomic}
     bool UseCompressedOops                        = true                           {product lp64_product} {ergonomic}
     bool UseG1GC                                  = true                                      {product} {ergonomic}
     bool UseLargePagesIndividualAllocation        = false                                  {pd product} {ergonomic}

Logging:
Log output configuration:
 #0: stdout all=warning uptime,level,tags
 #1: stderr all=off uptime,level,tags

Environment Variables:
JAVA_HOME=C:\Program Files\Microsoft\jdk-17.0.8.7-hotspot\
CLASSPATH=D:\Tahafuz_App\android\\gradle\wrapper\gradle-wrapper.jar
PATH=C:\Program Files\Microsoft\jdk-17.0.8.7-hotspot\bin;C:\Windows\system32;C:\Windows;C:\Windows\System32\Wbem;C:\Windows\System32\WindowsPowerShell\v1.0\;C:\Windows\System32\OpenSSH\;C:\ProgramData\chocolatey\bin;C:\Program Files\nodejs\;C:\Program Files\Git\cmd;C:\Program Files\MongoDB\Server\8.0\bin;C:\Users\Administrator\AppData\Local\Android\Sdk\tools;C:\Users\Administrator\AppData\Local\Microsoft\WindowsApps;C:\Users\Administrator\AppData\Roaming\npm;C:\Users\Administrator\AppData\Local\Programs\Microsoft VS Code\bin;C:\Users\Administrator\AppData\Local\Android\Sdk\platform-tools;C:\Users\Administrator\AppData\Local\Programs\mongosh\;C:\Program Files\MongoDB\TOOLS\bin;
USERNAME=Administrator
LANG=en_US.UTF-8
OS=Windows_NT
PROCESSOR_IDENTIFIER=Intel64 Family 6 Model 60 Stepping 3, GenuineIntel
TMP=C:\Users\ADMINI~1\AppData\Local\Temp
TEMP=C:\Users\ADMINI~1\AppData\Local\Temp



---------------  S Y S T E M  ---------------

OS:
 Windows 10 , 64 bit Build 19041 (10.0.19041.5198)
OS uptime: 0 days 2:01 hours

CPU: total 4 (initial active 4) (4 cores per cpu, 1 threads per core) family 6 model 60 stepping 3 microcode 0x27, cx8, cmov, fxsr, mmx, sse, sse2, sse3, ssse3, sse4.1, sse4.2, popcnt, lzcnt, tsc, tscinvbit, avx, avx2, aes, erms, clmul, bmi1, bmi2, fma, vzeroupper, clflush
Processor Information for all 4 processors :
  Max Mhz: 2900, Current Mhz: 2900, Mhz Limit: 2900

Memory: 4k page, system-wide physical 16336M (4015M free)
TotalPageFile size 29648M (AvailPageFile size 12940M)
current process WorkingSet (physical memory assigned to process): 438M, peak: 441M
current process commit charge ("private bytes"): 473M, peak: 475M

vm_info: OpenJDK 64-Bit Server VM (17.0.8+7-LTS) for windows-amd64 JRE (17.0.8+7-LTS), built on Jul  7 2023 17:21:55 by "MicrosoftCorporation" with MS VC++ 16.10 / 16.11 (VS2019)

END.
