#
# A fatal error has been detected by the Java Runtime Environment:
#
#  EXCEPTION_ACCESS_VIOLATION (0xc0000005) at pc=0x00007ffdb88ae0a9, pid=19372, tid=11200
#
# JRE version: OpenJDK Runtime Environment Microsoft-8035246 (17.0.8+7) (build 17.0.8+7-LTS)
# Java VM: OpenJDK 64-Bit Server VM Microsoft-8035246 (17.0.8+7-LTS, mixed mode, sharing, tiered, compressed oops, compressed class ptrs, g1 gc, windows-amd64)
# Problematic frame:
# V  [jvm.dll+0x2be0a9]
#
# No core dump will be written. Minidumps are not enabled by default on client versions of Windows
#
# If you would like to submit a bug report, please visit:
#   https://github.com/microsoft/openjdk/issues
#

---------------  S U M M A R Y ------------

Command Line: -XX:MaxMetaspaceSize=512m --add-opens=java.base/java.util=ALL-UNNAMED --add-opens=java.base/java.lang=ALL-UNNAMED --add-opens=java.base/java.lang.invoke=ALL-UNNAMED --add-opens=java.prefs/java.util.prefs=ALL-UNNAMED --add-exports=jdk.compiler/com.sun.tools.javac.api=ALL-UNNAMED --add-exports=jdk.compiler/com.sun.tools.javac.util=ALL-UNNAMED --add-opens=java.base/java.nio.charset=ALL-UNNAMED --add-opens=java.base/java.net=ALL-UNNAMED --add-opens=java.base/java.util.concurrent.atomic=ALL-UNNAMED -Xmx2048m -Dfile.encoding=windows-1252 -Duser.country=US -Duser.language=en -Duser.variant -javaagent:C:\Users\Administrator\.gradle\wrapper\dists\gradle-8.10.2-all\7iv73wktx1xtkvlq19urqw1wm\gradle-8.10.2\lib\agents\gradle-instrumentation-agent-8.10.2.jar org.gradle.launcher.daemon.bootstrap.GradleDaemon 8.10.2

Host: Intel(R) Core(TM) i5-4570S CPU @ 2.90GHz, 4 cores, 15G,  Windows 10 , 64 bit Build 19041 (10.0.19041.5438)
Time: Wed Feb 19 15:17:47 2025 Pakistan Standard Time elapsed time: 22.607807 seconds (0d 0h 0m 22s)

---------------  T H R E A D  ---------------

Current thread (0x000001f63a861f80):  JavaThread "C2 CompilerThread1" daemon [_thread_in_native, id=11200, stack(0x0000005df7700000,0x0000005df7800000)]


Current CompileTask:
C2:  22607 13261   !   4       java.util.concurrent.FutureTask::run (123 bytes)

Stack: [0x0000005df7700000,0x0000005df7800000],  sp=0x0000005df77fb2b0,  free space=1004k
Native frames: (J=compiled Java code, j=interpreted, Vv=VM code, C=native code)
V  [jvm.dll+0x2be0a9]
V  [jvm.dll+0x21ba8b]
V  [jvm.dll+0x21944b]
V  [jvm.dll+0x1a56b6]
V  [jvm.dll+0x2291ea]
V  [jvm.dll+0x22724c]
V  [jvm.dll+0x7efd0c]
V  [jvm.dll+0x7ea13a]
V  [jvm.dll+0x67ad85]
C  [ucrtbase.dll+0x21bb2]
C  [KERNEL32.DLL+0x17374]
C  [ntdll.dll+0x4cc91]


siginfo: EXCEPTION_ACCESS_VIOLATION (0xc0000005), reading address 0x0000000000000028


Register to memory mapping:

RIP=0x00007ffdb88ae0a9 jvm.dll
RAX=0x000001f6386ba2b0 points into unknown readable memory: 0x0000000000000000 | 00 00 00 00 00 00 00 00
RBX=0x0000000000001a13 is an unknown value
RCX=0x0 is NULL
RDX=0x0 is NULL
RSP=0x0000005df77fb2b0 is pointing into the stack for thread: 0x000001f63a861f80
RBP=0x0000005df77fb320 is pointing into the stack for thread: 0x000001f63a861f80
RSI=0x0 is NULL
RDI=0x000000000000004c is an unknown value
R8 =0x000000000000ffe0 is an unknown value
R9 =0x0 is NULL
R10=0x00007ffdf7640000 VCRUNTIME140.dll
R11=0x000001f6386ba2d0 points into unknown readable memory: 0x0000000000000000 | 00 00 00 00 00 00 00 00
R12=0x0000000000000050 is an unknown value
R13=0x0 is NULL
R14=0x0 is NULL
R15=0x0000005df77fe4d0 is pointing into the stack for thread: 0x000001f63a861f80


Registers:
RAX=0x000001f6386ba2b0, RBX=0x0000000000001a13, RCX=0x0000000000000000, RDX=0x0000000000000000
RSP=0x0000005df77fb2b0, RBP=0x0000005df77fb320, RSI=0x0000000000000000, RDI=0x000000000000004c
R8 =0x000000000000ffe0, R9 =0x0000000000000000, R10=0x00007ffdf7640000, R11=0x000001f6386ba2d0
R12=0x0000000000000050, R13=0x0000000000000000, R14=0x0000000000000000, R15=0x0000005df77fe4d0
RIP=0x00007ffdb88ae0a9, EFLAGS=0x0000000000010202

Top of Stack: (sp=0x0000005df77fb2b0)
0x0000005df77fb2b0:   0000000000001a13 0000000000000000
0x0000005df77fb2c0:   0000005df77fe4d0 00007ffdb88138d1
0x0000005df77fb2d0:   000001f63aa6f8c0 00007ffd00002000
0x0000005df77fb2e0:   000001f6386ba2b0 000001f600000000
0x0000005df77fb2f0:   0000000000000002 000001f63768be00
0x0000005df77fb300:   0000000000000002 000001f63aa6f8c0
0x0000005df77fb310:   0000000000000000 0000000000000000
0x0000005df77fb320:   000001f63a7c10c0 000001f677ce9df0
0x0000005df77fb330:   000000000000004c 00007ffdb8f34c08
0x0000005df77fb340:   0000005df77fb450 00007ffdb880ba8b
0x0000005df77fb350:   0000005df77fe4d0 00007ffdb8f34c08
0x0000005df77fb360:   0000005df77fe4d0 0000005df77fb450
0x0000005df77fb370:   0000000000000000 0000005d00000001
0x0000005df77fb380:   0000005d0000000f 0000005df77fe4d0
0x0000005df77fb390:   0000005df77fb500 0000000000000000
0x0000005df77fb3a0:   0000000000000100 00007ffdb8f34c08 

Instructions: (pc=0x00007ffdb88ae0a9)
0x00007ffdb88adfa9:   3b d0 75 0b ff c1 41 3b c9 7c dc 48 8b c2 c3 33
0x00007ffdb88adfb9:   c0 c3 cc cc cc cc cc 48 89 5c 24 18 55 56 57 41
0x00007ffdb88adfc9:   55 41 57 48 8b ec 48 83 ec 70 65 48 8b 04 25 58
0x00007ffdb88adfd9:   00 00 00 48 8b f2 44 8b 05 d2 8b 90 00 4c 8b f9
0x00007ffdb88adfe9:   4a 8b 1c c0 b8 50 00 00 00 80 3c 18 00 75 05 e8
0x00007ffdb88adff9:   8b 6f 5d 00 b8 20 00 00 00 48 8b 04 18 48 8b 98
0x00007ffdb88ae009:   38 02 00 00 48 89 5d b0 c7 45 b8 04 00 00 00 48
0x00007ffdb88ae019:   8b 43 18 48 83 f8 df 76 18 4c 8d 05 37 a9 65 00
0x00007ffdb88ae029:   ba 20 00 00 00 48 8b cb e8 5a eb de ff 48 8b 43
0x00007ffdb88ae039:   18 48 8d 48 20 48 3b 4b 20 76 11 45 33 c0 48 8b
0x00007ffdb88ae049:   cb 41 8d 50 20 e8 fd e8 de ff eb 04 48 89 4b 18
0x00007ffdb88ae059:   44 8b 45 b8 33 d2 49 c1 e0 03 48 8b c8 48 89 45
0x00007ffdb88ae069:   c0 e8 e3 80 5d 00 45 33 ed 48 8d 4d d0 44 89 6d
0x00007ffdb88ae079:   c8 e8 01 59 56 00 41 8b 9f 40 02 00 00 41 2b 9f
0x00007ffdb88ae089:   68 02 00 00 44 89 6d f0 3b 5d b8 72 0b 8b d3 48
0x00007ffdb88ae099:   8d 4d b0 e8 6f b3 39 00 48 8b 45 c0 4c 89 2c d8
0x00007ffdb88ae0a9:   8b 7e 28 8b df c1 eb 05 3b 5d d0 72 0b 8b d3 48
0x00007ffdb88ae0b9:   8d 4d d0 e8 1f 59 56 00 48 8b 45 d8 83 e7 1f 48
0x00007ffdb88ae0c9:   8d 14 98 40 0f b6 cf 41 b8 01 00 00 00 41 d3 e0
0x00007ffdb88ae0d9:   8b 0a 8b c1 41 0b c0 89 02 41 85 c8 75 21 8b 5d
0x00007ffdb88ae0e9:   c8 8d 43 01 89 45 c8 3b 5d b8 72 0b 8b d3 48 8d
0x00007ffdb88ae0f9:   4d b0 e8 10 b3 39 00 48 8b 45 c0 48 89 34 d8 44
0x00007ffdb88ae109:   39 6d c8 0f 86 77 01 00 00 4c 89 a4 24 a0 00 00
0x00007ffdb88ae119:   00 4c 89 b4 24 a8 00 00 00 48 8b 45 c0 41 8b cd
0x00007ffdb88ae129:   48 8b 34 c8 8b 46 2c 25 ff 1f 00 00 3d 04 10 00
0x00007ffdb88ae139:   00 0f 85 a7 00 00 00 bb 01 00 00 00 39 5e 18 76
0x00007ffdb88ae149:   39 66 0f 1f 44 00 00 48 8b 46 08 8b cb 48 8b 14
0x00007ffdb88ae159:   c8 48 85 d2 74 1d 48 83 7a 10 00 74 16 80 7a 2c
0x00007ffdb88ae169:   84 74 10 e8 7f 7e ee ff 48 8b d0 49 8b cf e8 a4
0x00007ffdb88ae179:   61 f6 ff ff c3 3b 5e 18 72 cd 48 8b 5e 10 8b 46
0x00007ffdb88ae189:   20 4c 8d 34 c3 49 3b de 73 54 48 8b 3b 8b 47 2c
0x00007ffdb88ae199:   83 e0 03 3c 03 75 2e 48 8b 07 48 8b cf ff 90 88 


Stack slot to memory mapping:
stack at sp + 0 slots: 0x0000000000001a13 is an unknown value
stack at sp + 1 slots: 0x0 is NULL
stack at sp + 2 slots: 0x0000005df77fe4d0 is pointing into the stack for thread: 0x000001f63a861f80
stack at sp + 3 slots: 0x00007ffdb88138d1 jvm.dll
stack at sp + 4 slots: 0x000001f63aa6f8c0 points into unknown readable memory: 0x000001f600000006 | 06 00 00 00 f6 01 00 00
stack at sp + 5 slots: 0x00007ffd00002000 is an unknown value
stack at sp + 6 slots: 0x000001f6386ba2b0 points into unknown readable memory: 0x0000000000000000 | 00 00 00 00 00 00 00 00
stack at sp + 7 slots: 0x000001f600000000 points into unknown readable memory: 0x0000000000000010 | 10 00 00 00 00 00 00 00


---------------  P R O C E S S  ---------------

Threads class SMR info:
_java_thread_list=0x000001f63a7a4d20, length=90, elements={
0x000001f677cd29d0, 0x000001f6158fd090, 0x000001f6158fecd0, 0x000001f615915420,
0x000001f615915cf0, 0x000001f6159165c0, 0x000001f615916e90, 0x000001f615917b40,
0x000001f61591a510, 0x000001f615920330, 0x000001f615b36ff0, 0x000001f615c414e0,
0x000001f636498460, 0x000001f635ab4c70, 0x000001f636727620, 0x000001f6357b4bb0,
0x000001f63664b080, 0x000001f63664b590, 0x000001f63664d900, 0x000001f63664de10,
0x000001f63664e320, 0x000001f63664bfb0, 0x000001f63664baa0, 0x000001f63664e830,
0x000001f63664c4c0, 0x000001f63664cee0, 0x000001f63664d3f0, 0x000001f638ac1e00,
0x000001f638abffa0, 0x000001f638abeb60, 0x000001f638ac04b0, 0x000001f638ac09c0,
0x000001f638ac18f0, 0x000001f638abf070, 0x000001f637eb9f30, 0x000001f637eb71a0,
0x000001f637eb5d60, 0x000001f637eb4e30, 0x000001f637eb76b0, 0x000001f637eb7bc0,
0x000001f637eb9510, 0x000001f637eb85e0, 0x000001f637eb5340, 0x000001f637ebae60,
0x000001f637eb6270, 0x000001f637eb6780, 0x000001f637eb9000, 0x000001f637eb6c90,
0x000001f637eb8af0, 0x000001f637ebb370, 0x000001f637ebb880, 0x000001f637ebc7b0,
0x000001f639a99520, 0x000001f639a99010, 0x000001f639a94420, 0x000001f639a99a30,
0x000001f639a97bd0, 0x000001f639a9a960, 0x000001f639a99f40, 0x000001f639a934f0,
0x000001f639a95860, 0x000001f639a980e0, 0x000001f639a94e40, 0x000001f639a94930,
0x000001f639a976c0, 0x000001f639a9a450, 0x000001f639a92fe0, 0x000001f639a98b00,
0x000001f639a93f10, 0x000001f639a985f0, 0x000001f639a95350, 0x000001f639a95d70,
0x000001f639a96790, 0x000001f639a971b0, 0x000001f639a96ca0, 0x000001f63a6fa9b0,
0x000001f63a6faec0, 0x000001f63a6f9570, 0x000001f63a6f9060, 0x000001f63a6f9a80,
0x000001f63a6fb8e0, 0x000001f63a6fc810, 0x000001f63a6f9f90, 0x000001f63a6fb3d0,
0x000001f63a6fbdf0, 0x000001f639a96280, 0x000001f63a0fd440, 0x000001f63a0fca20,
0x000001f63a0fde60, 0x000001f63a861f80
}

Java Threads: ( => current thread )
  0x000001f677cd29d0 JavaThread "main" [_thread_blocked, id=1180, stack(0x0000005df6400000,0x0000005df6500000)]
  0x000001f6158fd090 JavaThread "Reference Handler" daemon [_thread_blocked, id=10824, stack(0x0000005df6b00000,0x0000005df6c00000)]
  0x000001f6158fecd0 JavaThread "Finalizer" daemon [_thread_blocked, id=1672, stack(0x0000005df6c00000,0x0000005df6d00000)]
  0x000001f615915420 JavaThread "Signal Dispatcher" daemon [_thread_blocked, id=424, stack(0x0000005df6d00000,0x0000005df6e00000)]
  0x000001f615915cf0 JavaThread "Attach Listener" daemon [_thread_blocked, id=14484, stack(0x0000005df6e00000,0x0000005df6f00000)]
  0x000001f6159165c0 JavaThread "Service Thread" daemon [_thread_blocked, id=15020, stack(0x0000005df6f00000,0x0000005df7000000)]
  0x000001f615916e90 JavaThread "Monitor Deflation Thread" daemon [_thread_blocked, id=18068, stack(0x0000005df7000000,0x0000005df7100000)]
  0x000001f615917b40 JavaThread "C2 CompilerThread0" daemon [_thread_in_native, id=19036, stack(0x0000005df7100000,0x0000005df7200000)]
  0x000001f61591a510 JavaThread "C1 CompilerThread0" daemon [_thread_blocked, id=10876, stack(0x0000005df7200000,0x0000005df7300000)]
  0x000001f615920330 JavaThread "Sweeper thread" daemon [_thread_blocked, id=16584, stack(0x0000005df7300000,0x0000005df7400000)]
  0x000001f615b36ff0 JavaThread "Common-Cleaner" daemon [_thread_blocked, id=8980, stack(0x0000005df7400000,0x0000005df7500000)]
  0x000001f615c414e0 JavaThread "Notification Thread" daemon [_thread_blocked, id=1128, stack(0x0000005df7500000,0x0000005df7600000)]
  0x000001f636498460 JavaThread "Daemon health stats" [_thread_blocked, id=16316, stack(0x0000005df7b00000,0x0000005df7c00000)]
  0x000001f635ab4c70 JavaThread "Incoming local TCP Connector on port 52889" [_thread_in_native, id=17040, stack(0x0000005df7c00000,0x0000005df7d00000)]
  0x000001f636727620 JavaThread "Daemon periodic checks" [_thread_blocked, id=11440, stack(0x0000005df7d00000,0x0000005df7e00000)]
  0x000001f6357b4bb0 JavaThread "Daemon" [_thread_blocked, id=17624, stack(0x0000005df7e00000,0x0000005df7f00000)]
  0x000001f63664b080 JavaThread "Handler for socket connection from /127.0.0.1:52889 to /127.0.0.1:52890" [_thread_in_native, id=14504, stack(0x0000005df7f00000,0x0000005df8000000)]
  0x000001f63664b590 JavaThread "Cancel handler" [_thread_blocked, id=5756, stack(0x0000005df8000000,0x0000005df8100000)]
  0x000001f63664d900 JavaThread "Daemon worker" [_thread_in_Java, id=16044, stack(0x0000005df8100000,0x0000005df8200000)]
  0x000001f63664de10 JavaThread "Asynchronous log dispatcher for DefaultDaemonConnection: socket connection from /127.0.0.1:52889 to /127.0.0.1:52890" [_thread_blocked, id=18396, stack(0x0000005df8200000,0x0000005df8300000)]
  0x000001f63664e320 JavaThread "Stdin handler" [_thread_blocked, id=20084, stack(0x0000005df8300000,0x0000005df8400000)]
  0x000001f63664bfb0 JavaThread "Daemon client event forwarder" [_thread_blocked, id=6216, stack(0x0000005df8400000,0x0000005df8500000)]
  0x000001f63664baa0 JavaThread "Cache worker for journal cache (C:\Users\Administrator\.gradle\caches\journal-1)" [_thread_blocked, id=15292, stack(0x0000005df8500000,0x0000005df8600000)]
  0x000001f63664e830 JavaThread "File lock request listener" [_thread_in_native, id=1952, stack(0x0000005df8600000,0x0000005df8700000)]
  0x000001f63664c4c0 JavaThread "Cache worker for file hash cache (C:\Users\Administrator\.gradle\caches\8.10.2\fileHashes)" [_thread_blocked, id=11672, stack(0x0000005df8700000,0x0000005df8800000)]
  0x000001f63664cee0 JavaThread "Cache worker for file hash cache (D:\Tahafuz_App\android\.gradle\8.10.2\fileHashes)" [_thread_blocked, id=18156, stack(0x0000005df8800000,0x0000005df8900000)]
  0x000001f63664d3f0 JavaThread "Cache worker for Build Output Cleanup Cache (D:\Tahafuz_App\android\.gradle\buildOutputCleanup)" [_thread_blocked, id=7316, stack(0x0000005df8900000,0x0000005df8a00000)]
  0x000001f638ac1e00 JavaThread "File watcher server" daemon [_thread_in_native, id=5200, stack(0x0000005df8a00000,0x0000005df8b00000)]
  0x000001f638abffa0 JavaThread "File watcher consumer" daemon [_thread_blocked, id=17120, stack(0x0000005df8b00000,0x0000005df8c00000)]
  0x000001f638abeb60 JavaThread "Cache worker for checksums cache (D:\Tahafuz_App\android\.gradle\8.10.2\checksums)" [_thread_blocked, id=6496, stack(0x0000005df8c00000,0x0000005df8d00000)]
  0x000001f638ac04b0 JavaThread "Cache worker for file content cache (C:\Users\Administrator\.gradle\caches\8.10.2\fileContent)" [_thread_blocked, id=8548, stack(0x0000005df8d00000,0x0000005df8e00000)]
  0x000001f638ac09c0 JavaThread "Cache worker for cache directory md-rule (C:\Users\Administrator\.gradle\caches\8.10.2\md-rule)" [_thread_blocked, id=14016, stack(0x0000005df8e00000,0x0000005df8f00000)]
  0x000001f638ac18f0 JavaThread "Cache worker for cache directory md-supplier (C:\Users\Administrator\.gradle\caches\8.10.2\md-supplier)" [_thread_blocked, id=7396, stack(0x0000005df8f00000,0x0000005df9000000)]
  0x000001f638abf070 JavaThread "jar transforms" [_thread_blocked, id=5688, stack(0x0000005df9100000,0x0000005df9200000)]
  0x000001f637eb9f30 JavaThread "Cache worker for Build Output Cleanup Cache (D:\Tahafuz_App\node_modules\@react-native\gradle-plugin\.gradle\buildOutputCleanup)" [_thread_blocked, id=10456, stack(0x0000005df9200000,0x0000005df9300000)]
  0x000001f637eb71a0 JavaThread "Unconstrained build operations" [_thread_blocked, id=9528, stack(0x0000005df9400000,0x0000005df9500000)]
  0x000001f637eb5d60 JavaThread "Unconstrained build operations Thread 2" [_thread_blocked, id=836, stack(0x0000005df9500000,0x0000005df9600000)]
  0x000001f637eb4e30 JavaThread "Unconstrained build operations Thread 3" [_thread_blocked, id=15004, stack(0x0000005df9600000,0x0000005df9700000)]
  0x000001f637eb76b0 JavaThread "Unconstrained build operations Thread 4" [_thread_blocked, id=14660, stack(0x0000005df9700000,0x0000005df9800000)]
  0x000001f637eb7bc0 JavaThread "Unconstrained build operations Thread 5" [_thread_blocked, id=14796, stack(0x0000005df9800000,0x0000005df9900000)]
  0x000001f637eb9510 JavaThread "Unconstrained build operations Thread 6" [_thread_blocked, id=17656, stack(0x0000005df9900000,0x0000005df9a00000)]
  0x000001f637eb85e0 JavaThread "Unconstrained build operations Thread 7" [_thread_blocked, id=15896, stack(0x0000005df9a00000,0x0000005df9b00000)]
  0x000001f637eb5340 JavaThread "Unconstrained build operations Thread 8" [_thread_blocked, id=18024, stack(0x0000005df9b00000,0x0000005df9c00000)]
  0x000001f637ebae60 JavaThread "Unconstrained build operations Thread 9" [_thread_blocked, id=10148, stack(0x0000005df9c00000,0x0000005df9d00000)]
  0x000001f637eb6270 JavaThread "Unconstrained build operations Thread 10" [_thread_blocked, id=2156, stack(0x0000005df9d00000,0x0000005df9e00000)]
  0x000001f637eb6780 JavaThread "Unconstrained build operations Thread 11" [_thread_blocked, id=13236, stack(0x0000005df9e00000,0x0000005df9f00000)]
  0x000001f637eb9000 JavaThread "Unconstrained build operations Thread 12" [_thread_blocked, id=10380, stack(0x0000005df9f00000,0x0000005dfa000000)]
  0x000001f637eb6c90 JavaThread "Unconstrained build operations Thread 13" [_thread_blocked, id=8828, stack(0x0000005dfa000000,0x0000005dfa100000)]
  0x000001f637eb8af0 JavaThread "Unconstrained build operations Thread 14" [_thread_blocked, id=11976, stack(0x0000005dfa100000,0x0000005dfa200000)]
  0x000001f637ebb370 JavaThread "Unconstrained build operations Thread 15" [_thread_blocked, id=6276, stack(0x0000005dfa200000,0x0000005dfa300000)]
  0x000001f637ebb880 JavaThread "Memory manager" [_thread_blocked, id=18520, stack(0x0000005dfa300000,0x0000005dfa400000)]
  0x000001f637ebc7b0 JavaThread "build event listener" [_thread_blocked, id=16204, stack(0x0000005dfa400000,0x0000005dfa500000)]
  0x000001f639a99520 JavaThread "ForkJoinPool.commonPool-worker-1" daemon [_thread_blocked, id=12756, stack(0x0000005dfa500000,0x0000005dfa600000)]
  0x000001f639a99010 JavaThread "ForkJoinPool.commonPool-worker-2" daemon [_thread_blocked, id=6196, stack(0x0000005dfa600000,0x0000005dfa700000)]
  0x000001f639a94420 JavaThread "ForkJoinPool.commonPool-worker-3" daemon [_thread_blocked, id=12492, stack(0x0000005dfa700000,0x0000005dfa800000)]
  0x000001f639a99a30 JavaThread "included builds" [_thread_blocked, id=16272, stack(0x0000005dfa800000,0x0000005dfa900000)]
  0x000001f639a97bd0 JavaThread "Execution worker" [_thread_blocked, id=6156, stack(0x0000005dfa900000,0x0000005dfaa00000)]
  0x000001f639a9a960 JavaThread "Execution worker Thread 2" [_thread_blocked, id=10704, stack(0x0000005dfaa00000,0x0000005dfab00000)]
  0x000001f639a99f40 JavaThread "Execution worker Thread 3" [_thread_blocked, id=18632, stack(0x0000005dfab00000,0x0000005dfac00000)]
  0x000001f639a934f0 JavaThread "Cache worker for execution history cache (D:\Tahafuz_App\node_modules\@react-native\gradle-plugin\.gradle\8.10.2\executionHistory)" [_thread_blocked, id=15920, stack(0x0000005dfac00000,0x0000005dfad00000)]
  0x000001f639a95860 JavaThread "Unconstrained build operations Thread 16" [_thread_in_vm, id=14280, stack(0x0000005dfad00000,0x0000005dfae00000)]
  0x000001f639a980e0 JavaThread "Unconstrained build operations Thread 17" [_thread_blocked, id=19336, stack(0x0000005dfae00000,0x0000005dfaf00000)]
  0x000001f639a94e40 JavaThread "Unconstrained build operations Thread 18" [_thread_blocked, id=4760, stack(0x0000005dfaf00000,0x0000005dfb000000)]
  0x000001f639a94930 JavaThread "Unconstrained build operations Thread 19" [_thread_blocked, id=6828, stack(0x0000005dfb000000,0x0000005dfb100000)]
  0x000001f639a976c0 JavaThread "Unconstrained build operations Thread 20" [_thread_in_Java, id=12728, stack(0x0000005dfb100000,0x0000005dfb200000)]
  0x000001f639a9a450 JavaThread "Unconstrained build operations Thread 21" [_thread_in_native, id=6300, stack(0x0000005dfb200000,0x0000005dfb300000)]
  0x000001f639a92fe0 JavaThread "Unconstrained build operations Thread 22" [_thread_blocked, id=7484, stack(0x0000005dfb300000,0x0000005dfb400000)]
  0x000001f639a98b00 JavaThread "Unconstrained build operations Thread 23" [_thread_blocked, id=16344, stack(0x0000005dfb400000,0x0000005dfb500000)]
  0x000001f639a93f10 JavaThread "Unconstrained build operations Thread 24" [_thread_blocked, id=16188, stack(0x0000005dfb500000,0x0000005dfb600000)]
  0x000001f639a985f0 JavaThread "Unconstrained build operations Thread 25" [_thread_blocked, id=8948, stack(0x0000005dfb600000,0x0000005dfb700000)]
  0x000001f639a95350 JavaThread "Unconstrained build operations Thread 26" [_thread_blocked, id=10820, stack(0x0000005dfb700000,0x0000005dfb800000)]
  0x000001f639a95d70 JavaThread "Unconstrained build operations Thread 27" [_thread_blocked, id=14636, stack(0x0000005dfb800000,0x0000005dfb900000)]
  0x000001f639a96790 JavaThread "Unconstrained build operations Thread 28" [_thread_blocked, id=12212, stack(0x0000005dfb900000,0x0000005dfba00000)]
  0x000001f639a971b0 JavaThread "Unconstrained build operations Thread 29" [_thread_blocked, id=8008, stack(0x0000005dfba00000,0x0000005dfbb00000)]
  0x000001f639a96ca0 JavaThread "Unconstrained build operations Thread 30" [_thread_blocked, id=2616, stack(0x0000005dfbb00000,0x0000005dfbc00000)]
  0x000001f63a6fa9b0 JavaThread "Unconstrained build operations Thread 31" [_thread_blocked, id=6188, stack(0x0000005dfbc00000,0x0000005dfbd00000)]
  0x000001f63a6faec0 JavaThread "Unconstrained build operations Thread 32" [_thread_blocked, id=17960, stack(0x0000005dfbd00000,0x0000005dfbe00000)]
  0x000001f63a6f9570 JavaThread "Unconstrained build operations Thread 33" [_thread_blocked, id=1316, stack(0x0000005dfbe00000,0x0000005dfbf00000)]
  0x000001f63a6f9060 JavaThread "Unconstrained build operations Thread 34" [_thread_blocked, id=11740, stack(0x0000005dfbf00000,0x0000005dfc000000)]
  0x000001f63a6f9a80 JavaThread "Unconstrained build operations Thread 35" [_thread_blocked, id=20260, stack(0x0000005dfc000000,0x0000005dfc100000)]
  0x000001f63a6fb8e0 JavaThread "Unconstrained build operations Thread 36" [_thread_blocked, id=2308, stack(0x0000005dfc100000,0x0000005dfc200000)]
  0x000001f63a6fc810 JavaThread "jar transforms Thread 2" [_thread_blocked, id=3176, stack(0x0000005dfc200000,0x0000005dfc300000)]
  0x000001f63a6f9f90 JavaThread "jar transforms Thread 3" [_thread_blocked, id=17620, stack(0x0000005dfc300000,0x0000005dfc400000)]
  0x000001f63a6fb3d0 JavaThread "Unconstrained build operations Thread 37" [_thread_blocked, id=6572, stack(0x0000005dfc400000,0x0000005dfc500000)]
  0x000001f63a6fbdf0 JavaThread "Unconstrained build operations Thread 38" [_thread_blocked, id=14032, stack(0x0000005dfc500000,0x0000005dfc600000)]
  0x000001f639a96280 JavaThread "Unconstrained build operations Thread 39" [_thread_blocked, id=15356, stack(0x0000005dfc600000,0x0000005dfc700000)]
  0x000001f63a0fd440 JavaThread "Unconstrained build operations Thread 40" [_thread_blocked, id=10304, stack(0x0000005dfc700000,0x0000005dfc800000)]
  0x000001f63a0fca20 JavaThread "jar transforms Thread 4" [_thread_blocked, id=6096, stack(0x0000005dfc800000,0x0000005dfc900000)]
  0x000001f63a0fde60 JavaThread "build event listener" [_thread_blocked, id=13076, stack(0x0000005dfc900000,0x0000005dfca00000)]
=>0x000001f63a861f80 JavaThread "C2 CompilerThread1" daemon [_thread_in_native, id=11200, stack(0x0000005df7700000,0x0000005df7800000)]

Other Threads:
  0x000001f6158f9570 VMThread "VM Thread" [stack: 0x0000005df6a00000,0x0000005df6b00000] [id=13176]
  0x000001f615c419c0 WatcherThread [stack: 0x0000005df7600000,0x0000005df7700000] [id=13300]
  0x000001f677d2ffd0 GCTaskThread "GC Thread#0" [stack: 0x0000005df6500000,0x0000005df6600000] [id=13136]
  0x000001f635124ab0 GCTaskThread "GC Thread#1" [stack: 0x0000005df7800000,0x0000005df7900000] [id=9640]
  0x000001f615ce1e20 GCTaskThread "GC Thread#2" [stack: 0x0000005df7900000,0x0000005df7a00000] [id=4520]
  0x000001f615ce20e0 GCTaskThread "GC Thread#3" [stack: 0x0000005df7a00000,0x0000005df7b00000] [id=7112]
  0x000001f677d435e0 ConcurrentGCThread "G1 Main Marker" [stack: 0x0000005df6600000,0x0000005df6700000] [id=660]
  0x000001f677d43f00 ConcurrentGCThread "G1 Conc#0" [stack: 0x0000005df6700000,0x0000005df6800000] [id=18448]
  0x000001f677d8e300 ConcurrentGCThread "G1 Refine#0" [stack: 0x0000005df6800000,0x0000005df6900000] [id=2440]
  0x000001f638b85980 ConcurrentGCThread "G1 Refine#1" [stack: 0x0000005df9000000,0x0000005df9100000] [id=4460]
  0x000001f677d8ec40 ConcurrentGCThread "G1 Service" [stack: 0x0000005df6900000,0x0000005df6a00000] [id=648]

Threads with active compile tasks:
C2 CompilerThread0    22645 13267   !   4       org.gradle.cache.internal.DefaultMultiProcessSafeIndexedCache::getIfPresent (25 bytes)
C2 CompilerThread1    22645 13261   !   4       java.util.concurrent.FutureTask::run (123 bytes)

VM state: not at safepoint (normal execution)

VM Mutex/Monitor currently owned by a thread: None

Heap address: 0x0000000080000000, size: 2048 MB, Compressed Oops mode: 32-bit

CDS archive(s) mapped at: [0x000001f616000000-0x000001f616bd0000-0x000001f616bd0000), size 12386304, SharedBaseAddress: 0x000001f616000000, ArchiveRelocationMode: 1.
Compressed class space mapped at: 0x000001f617000000-0x000001f631000000, reserved size: 436207616
Narrow klass base: 0x000001f616000000, Narrow klass shift: 0, Narrow klass range: 0x100000000

GC Precious Log:
 CPUs: 4 total, 4 available
 Memory: 16336M
 Large Page Support: Disabled
 NUMA Support: Disabled
 Compressed Oops: Enabled (32-bit)
 Heap Region Size: 1M
 Heap Min Capacity: 8M
 Heap Initial Capacity: 256M
 Heap Max Capacity: 2G
 Pre-touch: Disabled
 Parallel Workers: 4
 Concurrent Workers: 1
 Concurrent Refinement Workers: 4
 Periodic GC: Disabled

Heap:
 garbage-first heap   total 228352K, used 172744K [0x0000000080000000, 0x0000000100000000)
  region size 1024K, 45 young (46080K), 4 survivors (4096K)
 Metaspace       used 100355K, committed 101440K, reserved 557056K
  class space    used 14010K, committed 14528K, reserved 425984K

Heap Regions: E=young(eden), S=young(survivor), O=old, HS=humongous(starts), HC=humongous(continues), CS=collection set, F=free, OA=open archive, CA=closed archive, TAMS=top-at-mark-start (previous, next)
|   0|0x0000000080000000, 0x0000000080100000, 0x0000000080100000|100%|HS|  |TAMS 0x0000000080100000, 0x0000000080000000| Complete 
|   1|0x0000000080100000, 0x0000000080200000, 0x0000000080200000|100%|HC|  |TAMS 0x0000000080200000, 0x0000000080100000| Complete 
|   2|0x0000000080200000, 0x0000000080300000, 0x0000000080300000|100%|HC|  |TAMS 0x0000000080300000, 0x0000000080200000| Complete 
|   3|0x0000000080300000, 0x0000000080400000, 0x0000000080400000|100%|HC|  |TAMS 0x0000000080400000, 0x0000000080300000| Complete 
|   4|0x0000000080400000, 0x0000000080500000, 0x0000000080500000|100%| O|  |TAMS 0x0000000080500000, 0x0000000080400000| Untracked 
|   5|0x0000000080500000, 0x0000000080600000, 0x0000000080600000|100%| O|  |TAMS 0x0000000080600000, 0x0000000080500000| Untracked 
|   6|0x0000000080600000, 0x0000000080700000, 0x0000000080700000|100%| O|  |TAMS 0x0000000080700000, 0x0000000080600000| Untracked 
|   7|0x0000000080700000, 0x0000000080800000, 0x0000000080800000|100%| O|  |TAMS 0x0000000080800000, 0x0000000080700000| Untracked 
|   8|0x0000000080800000, 0x0000000080900000, 0x0000000080900000|100%|HS|  |TAMS 0x0000000080900000, 0x0000000080800000| Complete 
|   9|0x0000000080900000, 0x0000000080a00000, 0x0000000080a00000|100%| O|  |TAMS 0x0000000080a00000, 0x0000000080900000| Untracked 
|  10|0x0000000080a00000, 0x0000000080b00000, 0x0000000080b00000|100%| O|  |TAMS 0x0000000080b00000, 0x0000000080a00000| Untracked 
|  11|0x0000000080b00000, 0x0000000080c00000, 0x0000000080c00000|100%| O|  |TAMS 0x0000000080c00000, 0x0000000080b00000| Untracked 
|  12|0x0000000080c00000, 0x0000000080d00000, 0x0000000080d00000|100%| O|  |TAMS 0x0000000080d00000, 0x0000000080c00000| Untracked 
|  13|0x0000000080d00000, 0x0000000080e00000, 0x0000000080e00000|100%| O|  |TAMS 0x0000000080e00000, 0x0000000080d00000| Untracked 
|  14|0x0000000080e00000, 0x0000000080f00000, 0x0000000080f00000|100%| O|  |TAMS 0x0000000080f00000, 0x0000000080e00000| Untracked 
|  15|0x0000000080f00000, 0x0000000081000000, 0x0000000081000000|100%| O|  |TAMS 0x0000000081000000, 0x0000000080f00000| Untracked 
|  16|0x0000000081000000, 0x0000000081100000, 0x0000000081100000|100%| O|  |TAMS 0x0000000081100000, 0x0000000081000000| Untracked 
|  17|0x0000000081100000, 0x0000000081200000, 0x0000000081200000|100%| O|  |TAMS 0x0000000081200000, 0x0000000081100000| Untracked 
|  18|0x0000000081200000, 0x0000000081300000, 0x0000000081300000|100%| O|  |TAMS 0x0000000081300000, 0x0000000081200000| Untracked 
|  19|0x0000000081300000, 0x0000000081400000, 0x0000000081400000|100%| O|  |TAMS 0x0000000081400000, 0x0000000081300000| Untracked 
|  20|0x0000000081400000, 0x0000000081500000, 0x0000000081500000|100%| O|  |TAMS 0x0000000081500000, 0x0000000081400000| Untracked 
|  21|0x0000000081500000, 0x0000000081600000, 0x0000000081600000|100%| O|  |TAMS 0x0000000081600000, 0x0000000081500000| Untracked 
|  22|0x0000000081600000, 0x0000000081700000, 0x0000000081700000|100%| O|  |TAMS 0x0000000081700000, 0x0000000081600000| Untracked 
|  23|0x0000000081700000, 0x0000000081800000, 0x0000000081800000|100%| O|  |TAMS 0x0000000081800000, 0x0000000081700000| Untracked 
|  24|0x0000000081800000, 0x0000000081900000, 0x0000000081900000|100%| O|  |TAMS 0x0000000081900000, 0x0000000081800000| Untracked 
|  25|0x0000000081900000, 0x0000000081a00000, 0x0000000081a00000|100%| O|  |TAMS 0x0000000081a00000, 0x0000000081900000| Untracked 
|  26|0x0000000081a00000, 0x0000000081b00000, 0x0000000081b00000|100%| O|  |TAMS 0x0000000081b00000, 0x0000000081a00000| Untracked 
|  27|0x0000000081b00000, 0x0000000081c00000, 0x0000000081c00000|100%| O|  |TAMS 0x0000000081c00000, 0x0000000081b00000| Untracked 
|  28|0x0000000081c00000, 0x0000000081d00000, 0x0000000081d00000|100%| O|  |TAMS 0x0000000081d00000, 0x0000000081c00000| Untracked 
|  29|0x0000000081d00000, 0x0000000081e00000, 0x0000000081e00000|100%| O|  |TAMS 0x0000000081e00000, 0x0000000081d00000| Untracked 
|  30|0x0000000081e00000, 0x0000000081f00000, 0x0000000081f00000|100%| O|  |TAMS 0x0000000081f00000, 0x0000000081e00000| Untracked 
|  31|0x0000000081f00000, 0x0000000082000000, 0x0000000082000000|100%| O|  |TAMS 0x0000000082000000, 0x0000000081f00000| Untracked 
|  32|0x0000000082000000, 0x0000000082100000, 0x0000000082100000|100%| O|  |TAMS 0x0000000082100000, 0x0000000082000000| Untracked 
|  33|0x0000000082100000, 0x0000000082200000, 0x0000000082200000|100%| O|  |TAMS 0x0000000082200000, 0x0000000082100000| Untracked 
|  34|0x0000000082200000, 0x0000000082300000, 0x0000000082300000|100%| O|  |TAMS 0x0000000082300000, 0x0000000082200000| Untracked 
|  35|0x0000000082300000, 0x0000000082400000, 0x0000000082400000|100%| O|  |TAMS 0x0000000082400000, 0x0000000082300000| Untracked 
|  36|0x0000000082400000, 0x0000000082500000, 0x0000000082500000|100%| O|  |TAMS 0x0000000082500000, 0x0000000082400000| Untracked 
|  37|0x0000000082500000, 0x0000000082600000, 0x0000000082600000|100%| O|  |TAMS 0x0000000082600000, 0x0000000082500000| Untracked 
|  38|0x0000000082600000, 0x00000000826f7200, 0x0000000082700000| 96%| O|  |TAMS 0x00000000826f7200, 0x0000000082600000| Untracked 
|  39|0x0000000082700000, 0x0000000082800000, 0x0000000082800000|100%|HS|  |TAMS 0x0000000082800000, 0x0000000082700000| Complete 
|  40|0x0000000082800000, 0x0000000082900000, 0x0000000082900000|100%|HC|  |TAMS 0x0000000082900000, 0x0000000082800000| Complete 
|  41|0x0000000082900000, 0x0000000082a00000, 0x0000000082a00000|100%|HS|  |TAMS 0x0000000082a00000, 0x0000000082900000| Complete 
|  42|0x0000000082a00000, 0x0000000082b00000, 0x0000000082b00000|100%|HC|  |TAMS 0x0000000082b00000, 0x0000000082a00000| Complete 
|  43|0x0000000082b00000, 0x0000000082c00000, 0x0000000082c00000|100%|HS|  |TAMS 0x0000000082c00000, 0x0000000082b00000| Complete 
|  44|0x0000000082c00000, 0x0000000082d00000, 0x0000000082d00000|100%|HC|  |TAMS 0x0000000082d00000, 0x0000000082c00000| Complete 
|  45|0x0000000082d00000, 0x0000000082e00000, 0x0000000082e00000|100%|HC|  |TAMS 0x0000000082e00000, 0x0000000082d00000| Complete 
|  46|0x0000000082e00000, 0x0000000082f00000, 0x0000000082f00000|100%|HC|  |TAMS 0x0000000082f00000, 0x0000000082e00000| Complete 
|  47|0x0000000082f00000, 0x0000000083000000, 0x0000000083000000|100%|HS|  |TAMS 0x0000000083000000, 0x0000000082f00000| Complete 
|  48|0x0000000083000000, 0x0000000083100000, 0x0000000083100000|100%|HC|  |TAMS 0x0000000083100000, 0x0000000083000000| Complete 
|  49|0x0000000083100000, 0x0000000083200000, 0x0000000083200000|100%|HC|  |TAMS 0x0000000083200000, 0x0000000083100000| Complete 
|  50|0x0000000083200000, 0x0000000083300000, 0x0000000083300000|100%|HC|  |TAMS 0x0000000083300000, 0x0000000083200000| Complete 
|  51|0x0000000083300000, 0x0000000083400000, 0x0000000083400000|100%| O|  |TAMS 0x0000000083400000, 0x0000000083300000| Untracked 
|  52|0x0000000083400000, 0x0000000083500000, 0x0000000083500000|100%| O|  |TAMS 0x0000000083500000, 0x0000000083400000| Untracked 
|  53|0x0000000083500000, 0x0000000083600000, 0x0000000083600000|100%| O|  |TAMS 0x0000000083600000, 0x0000000083500000| Untracked 
|  54|0x0000000083600000, 0x0000000083700000, 0x0000000083700000|100%| O|  |TAMS 0x0000000083700000, 0x0000000083600000| Untracked 
|  55|0x0000000083700000, 0x0000000083800000, 0x0000000083800000|100%| O|  |TAMS 0x0000000083800000, 0x0000000083700000| Untracked 
|  56|0x0000000083800000, 0x0000000083900000, 0x0000000083900000|100%| O|  |TAMS 0x0000000083900000, 0x0000000083800000| Untracked 
|  57|0x0000000083900000, 0x0000000083a00000, 0x0000000083a00000|100%| O|  |TAMS 0x0000000083a00000, 0x0000000083900000| Untracked 
|  58|0x0000000083a00000, 0x0000000083b00000, 0x0000000083b00000|100%| O|  |TAMS 0x0000000083b00000, 0x0000000083a00000| Untracked 
|  59|0x0000000083b00000, 0x0000000083c00000, 0x0000000083c00000|100%| O|  |TAMS 0x0000000083c00000, 0x0000000083b00000| Untracked 
|  60|0x0000000083c00000, 0x0000000083d00000, 0x0000000083d00000|100%| O|  |TAMS 0x0000000083d00000, 0x0000000083c00000| Untracked 
|  61|0x0000000083d00000, 0x0000000083e00000, 0x0000000083e00000|100%| O|  |TAMS 0x0000000083e00000, 0x0000000083d00000| Untracked 
|  62|0x0000000083e00000, 0x0000000083f00000, 0x0000000083f00000|100%| O|  |TAMS 0x0000000083f00000, 0x0000000083e00000| Untracked 
|  63|0x0000000083f00000, 0x0000000084000000, 0x0000000084000000|100%| O|  |TAMS 0x0000000084000000, 0x0000000083f00000| Untracked 
|  64|0x0000000084000000, 0x0000000084100000, 0x0000000084100000|100%| O|  |TAMS 0x0000000084100000, 0x0000000084000000| Untracked 
|  65|0x0000000084100000, 0x0000000084200000, 0x0000000084200000|100%| O|  |TAMS 0x0000000084200000, 0x0000000084100000| Untracked 
|  66|0x0000000084200000, 0x0000000084300000, 0x0000000084300000|100%| O|  |TAMS 0x0000000084300000, 0x0000000084200000| Untracked 
|  67|0x0000000084300000, 0x0000000084400000, 0x0000000084400000|100%| O|  |TAMS 0x0000000084400000, 0x0000000084300000| Untracked 
|  68|0x0000000084400000, 0x0000000084500000, 0x0000000084500000|100%| O|  |TAMS 0x0000000084500000, 0x0000000084400000| Untracked 
|  69|0x0000000084500000, 0x0000000084600000, 0x0000000084600000|100%| O|  |TAMS 0x0000000084600000, 0x0000000084500000| Untracked 
|  70|0x0000000084600000, 0x0000000084700000, 0x0000000084700000|100%| O|  |TAMS 0x0000000084700000, 0x0000000084600000| Untracked 
|  71|0x0000000084700000, 0x0000000084800000, 0x0000000084800000|100%| O|  |TAMS 0x0000000084800000, 0x0000000084700000| Untracked 
|  72|0x0000000084800000, 0x0000000084900000, 0x0000000084900000|100%| O|  |TAMS 0x0000000084900000, 0x0000000084800000| Untracked 
|  73|0x0000000084900000, 0x0000000084a00000, 0x0000000084a00000|100%| O|  |TAMS 0x0000000084a00000, 0x0000000084900000| Untracked 
|  74|0x0000000084a00000, 0x0000000084b00000, 0x0000000084b00000|100%| O|  |TAMS 0x0000000084b00000, 0x0000000084a00000| Untracked 
|  75|0x0000000084b00000, 0x0000000084c00000, 0x0000000084c00000|100%| O|  |TAMS 0x0000000084c00000, 0x0000000084b00000| Untracked 
|  76|0x0000000084c00000, 0x0000000084d00000, 0x0000000084d00000|100%| O|  |TAMS 0x0000000084d00000, 0x0000000084c00000| Untracked 
|  77|0x0000000084d00000, 0x0000000084e00000, 0x0000000084e00000|100%| O|  |TAMS 0x0000000084e00000, 0x0000000084d00000| Untracked 
|  78|0x0000000084e00000, 0x0000000084f00000, 0x0000000084f00000|100%|HS|  |TAMS 0x0000000084f00000, 0x0000000084e00000| Complete 
|  79|0x0000000084f00000, 0x0000000085000000, 0x0000000085000000|100%| O|  |TAMS 0x0000000085000000, 0x0000000084f00000| Untracked 
|  80|0x0000000085000000, 0x0000000085100000, 0x0000000085100000|100%| O|  |TAMS 0x0000000085100000, 0x0000000085000000| Untracked 
|  81|0x0000000085100000, 0x0000000085200000, 0x0000000085200000|100%| O|  |TAMS 0x0000000085100000, 0x0000000085100000| Untracked 
|  82|0x0000000085200000, 0x0000000085300000, 0x0000000085300000|100%| O|  |TAMS 0x0000000085300000, 0x0000000085200000| Untracked 
|  83|0x0000000085300000, 0x0000000085400000, 0x0000000085400000|100%| O|  |TAMS 0x0000000085400000, 0x0000000085300000| Untracked 
|  84|0x0000000085400000, 0x0000000085500000, 0x0000000085500000|100%| O|  |TAMS 0x0000000085500000, 0x0000000085400000| Untracked 
|  85|0x0000000085500000, 0x0000000085600000, 0x0000000085600000|100%| O|  |TAMS 0x0000000085600000, 0x0000000085500000| Untracked 
|  86|0x0000000085600000, 0x0000000085700000, 0x0000000085700000|100%| O|  |TAMS 0x000000008560b000, 0x0000000085600000| Untracked 
|  87|0x0000000085700000, 0x0000000085800000, 0x0000000085800000|100%|HS|  |TAMS 0x0000000085800000, 0x0000000085700000| Complete 
|  88|0x0000000085800000, 0x0000000085900000, 0x0000000085900000|100%|HS|  |TAMS 0x0000000085900000, 0x0000000085800000| Complete 
|  89|0x0000000085900000, 0x0000000085a00000, 0x0000000085a00000|100%|HS|  |TAMS 0x0000000085a00000, 0x0000000085900000| Complete 
|  90|0x0000000085a00000, 0x0000000085b00000, 0x0000000085b00000|100%| O|  |TAMS 0x0000000085a00000, 0x0000000085a00000| Untracked 
|  91|0x0000000085b00000, 0x0000000085c00000, 0x0000000085c00000|100%|HS|  |TAMS 0x0000000085c00000, 0x0000000085b00000| Complete 
|  92|0x0000000085c00000, 0x0000000085d00000, 0x0000000085d00000|100%|HS|  |TAMS 0x0000000085d00000, 0x0000000085c00000| Complete 
|  93|0x0000000085d00000, 0x0000000085e00000, 0x0000000085e00000|100%| O|  |TAMS 0x0000000085d00000, 0x0000000085d00000| Untracked 
|  94|0x0000000085e00000, 0x0000000085f00000, 0x0000000085f00000|100%| O|  |TAMS 0x0000000085e00000, 0x0000000085e00000| Untracked 
|  95|0x0000000085f00000, 0x0000000086000000, 0x0000000086000000|100%| O|  |TAMS 0x0000000085f00000, 0x0000000085f00000| Untracked 
|  96|0x0000000086000000, 0x0000000086100000, 0x0000000086100000|100%|HS|  |TAMS 0x0000000086000000, 0x0000000086000000| Complete 
|  97|0x0000000086100000, 0x0000000086200000, 0x0000000086200000|100%| O|  |TAMS 0x0000000086100000, 0x0000000086100000| Untracked 
|  98|0x0000000086200000, 0x0000000086300000, 0x0000000086300000|100%| O|  |TAMS 0x0000000086200000, 0x0000000086200000| Untracked 
|  99|0x0000000086300000, 0x0000000086400000, 0x0000000086400000|100%| O|  |TAMS 0x0000000086300000, 0x0000000086300000| Untracked 
| 100|0x0000000086400000, 0x0000000086500000, 0x0000000086500000|100%| O|  |TAMS 0x0000000086400000, 0x0000000086400000| Untracked 
| 101|0x0000000086500000, 0x0000000086600000, 0x0000000086600000|100%| O|  |TAMS 0x0000000086500000, 0x0000000086500000| Untracked 
| 102|0x0000000086600000, 0x0000000086700000, 0x0000000086700000|100%| O|  |TAMS 0x0000000086600000, 0x0000000086600000| Untracked 
| 103|0x0000000086700000, 0x0000000086800000, 0x0000000086800000|100%| O|  |TAMS 0x0000000086700000, 0x0000000086700000| Untracked 
| 104|0x0000000086800000, 0x0000000086900000, 0x0000000086900000|100%| O|  |TAMS 0x0000000086800000, 0x0000000086800000| Untracked 
| 105|0x0000000086900000, 0x0000000086a00000, 0x0000000086a00000|100%| O|  |TAMS 0x0000000086900000, 0x0000000086900000| Untracked 
| 106|0x0000000086a00000, 0x0000000086b00000, 0x0000000086b00000|100%|HS|  |TAMS 0x0000000086a00000, 0x0000000086a00000| Complete 
| 107|0x0000000086b00000, 0x0000000086c00000, 0x0000000086c00000|100%|HC|  |TAMS 0x0000000086b00000, 0x0000000086b00000| Complete 
| 108|0x0000000086c00000, 0x0000000086d00000, 0x0000000086d00000|100%| O|  |TAMS 0x0000000086c00000, 0x0000000086c00000| Untracked 
| 109|0x0000000086d00000, 0x0000000086e00000, 0x0000000086e00000|100%| O|  |TAMS 0x0000000086d00000, 0x0000000086d00000| Untracked 
| 110|0x0000000086e00000, 0x0000000086f00000, 0x0000000086f00000|100%| O|  |TAMS 0x0000000086e00000, 0x0000000086e00000| Untracked 
| 111|0x0000000086f00000, 0x0000000087000000, 0x0000000087000000|100%| O|  |TAMS 0x0000000086f00000, 0x0000000086f00000| Untracked 
| 112|0x0000000087000000, 0x0000000087100000, 0x0000000087100000|100%| O|  |TAMS 0x0000000087000000, 0x0000000087000000| Untracked 
| 113|0x0000000087100000, 0x0000000087200000, 0x0000000087200000|100%| O|  |TAMS 0x0000000087100000, 0x0000000087100000| Untracked 
| 114|0x0000000087200000, 0x0000000087300000, 0x0000000087300000|100%| O|  |TAMS 0x0000000087200000, 0x0000000087200000| Untracked 
| 115|0x0000000087300000, 0x0000000087400000, 0x0000000087400000|100%| O|  |TAMS 0x0000000087300000, 0x0000000087300000| Untracked 
| 116|0x0000000087400000, 0x0000000087500000, 0x0000000087500000|100%| O|  |TAMS 0x0000000087400000, 0x0000000087400000| Untracked 
| 117|0x0000000087500000, 0x0000000087600000, 0x0000000087600000|100%| O|  |TAMS 0x0000000087500000, 0x0000000087500000| Untracked 
| 118|0x0000000087600000, 0x0000000087700000, 0x0000000087700000|100%| O|  |TAMS 0x0000000087600000, 0x0000000087600000| Untracked 
| 119|0x0000000087700000, 0x0000000087800000, 0x0000000087800000|100%| O|  |TAMS 0x0000000087700000, 0x0000000087700000| Untracked 
| 120|0x0000000087800000, 0x0000000087900000, 0x0000000087900000|100%| O|  |TAMS 0x0000000087800000, 0x0000000087800000| Untracked 
| 121|0x0000000087900000, 0x0000000087a00000, 0x0000000087a00000|100%| O|  |TAMS 0x0000000087900000, 0x0000000087900000| Untracked 
| 122|0x0000000087a00000, 0x0000000087b00000, 0x0000000087b00000|100%| O|  |TAMS 0x0000000087a00000, 0x0000000087a00000| Untracked 
| 123|0x0000000087b00000, 0x0000000087c00000, 0x0000000087c00000|100%| O|  |TAMS 0x0000000087b00000, 0x0000000087b00000| Untracked 
| 124|0x0000000087c00000, 0x0000000087d00000, 0x0000000087d00000|100%| O|  |TAMS 0x0000000087c00000, 0x0000000087c00000| Untracked 
| 125|0x0000000087d00000, 0x0000000087de6800, 0x0000000087e00000| 90%| O|  |TAMS 0x0000000087d00000, 0x0000000087d00000| Untracked 
| 126|0x0000000087e00000, 0x0000000087e00000, 0x0000000087f00000|  0%| F|  |TAMS 0x0000000087e00000, 0x0000000087e00000| Untracked 
| 127|0x0000000087f00000, 0x0000000087f00000, 0x0000000088000000|  0%| F|  |TAMS 0x0000000087f00000, 0x0000000087f00000| Untracked 
| 128|0x0000000088000000, 0x0000000088000000, 0x0000000088100000|  0%| F|  |TAMS 0x0000000088000000, 0x0000000088000000| Untracked 
| 129|0x0000000088100000, 0x0000000088100000, 0x0000000088200000|  0%| F|  |TAMS 0x0000000088100000, 0x0000000088100000| Untracked 
| 130|0x0000000088200000, 0x0000000088200000, 0x0000000088300000|  0%| F|  |TAMS 0x0000000088200000, 0x0000000088200000| Untracked 
| 131|0x0000000088300000, 0x0000000088300000, 0x0000000088400000|  0%| F|  |TAMS 0x0000000088300000, 0x0000000088300000| Untracked 
| 132|0x0000000088400000, 0x0000000088400000, 0x0000000088500000|  0%| F|  |TAMS 0x0000000088400000, 0x0000000088400000| Untracked 
| 133|0x0000000088500000, 0x0000000088500000, 0x0000000088600000|  0%| F|  |TAMS 0x0000000088500000, 0x0000000088500000| Untracked 
| 134|0x0000000088600000, 0x0000000088600000, 0x0000000088700000|  0%| F|  |TAMS 0x0000000088600000, 0x0000000088600000| Untracked 
| 135|0x0000000088700000, 0x0000000088700000, 0x0000000088800000|  0%| F|  |TAMS 0x0000000088700000, 0x0000000088700000| Untracked 
| 136|0x0000000088800000, 0x0000000088800000, 0x0000000088900000|  0%| F|  |TAMS 0x0000000088800000, 0x0000000088800000| Untracked 
| 137|0x0000000088900000, 0x0000000088900000, 0x0000000088a00000|  0%| F|  |TAMS 0x0000000088900000, 0x0000000088900000| Untracked 
| 138|0x0000000088a00000, 0x0000000088a00000, 0x0000000088b00000|  0%| F|  |TAMS 0x0000000088a00000, 0x0000000088a00000| Untracked 
| 139|0x0000000088b00000, 0x0000000088b00000, 0x0000000088c00000|  0%| F|  |TAMS 0x0000000088b00000, 0x0000000088b00000| Untracked 
| 140|0x0000000088c00000, 0x0000000088c00000, 0x0000000088d00000|  0%| F|  |TAMS 0x0000000088c00000, 0x0000000088c00000| Untracked 
| 141|0x0000000088d00000, 0x0000000088d00000, 0x0000000088e00000|  0%| F|  |TAMS 0x0000000088d00000, 0x0000000088d00000| Untracked 
| 142|0x0000000088e00000, 0x0000000088e00000, 0x0000000088f00000|  0%| F|  |TAMS 0x0000000088e00000, 0x0000000088e00000| Untracked 
| 143|0x0000000088f00000, 0x0000000088f00000, 0x0000000089000000|  0%| F|  |TAMS 0x0000000088f00000, 0x0000000088f00000| Untracked 
| 144|0x0000000089000000, 0x0000000089000000, 0x0000000089100000|  0%| F|  |TAMS 0x0000000089000000, 0x0000000089000000| Untracked 
| 145|0x0000000089100000, 0x0000000089100000, 0x0000000089200000|  0%| F|  |TAMS 0x0000000089100000, 0x0000000089100000| Untracked 
| 146|0x0000000089200000, 0x0000000089200000, 0x0000000089300000|  0%| F|  |TAMS 0x0000000089200000, 0x0000000089200000| Untracked 
| 147|0x0000000089300000, 0x0000000089300000, 0x0000000089400000|  0%| F|  |TAMS 0x0000000089300000, 0x0000000089300000| Untracked 
| 148|0x0000000089400000, 0x0000000089400000, 0x0000000089500000|  0%| F|  |TAMS 0x0000000089400000, 0x0000000089400000| Untracked 
| 149|0x0000000089500000, 0x0000000089500000, 0x0000000089600000|  0%| F|  |TAMS 0x0000000089500000, 0x0000000089500000| Untracked 
| 150|0x0000000089600000, 0x0000000089600000, 0x0000000089700000|  0%| F|  |TAMS 0x0000000089600000, 0x0000000089600000| Untracked 
| 151|0x0000000089700000, 0x0000000089700000, 0x0000000089800000|  0%| F|  |TAMS 0x0000000089700000, 0x0000000089700000| Untracked 
| 152|0x0000000089800000, 0x0000000089800000, 0x0000000089900000|  0%| F|  |TAMS 0x0000000089800000, 0x0000000089800000| Untracked 
| 153|0x0000000089900000, 0x0000000089900000, 0x0000000089a00000|  0%| F|  |TAMS 0x0000000089900000, 0x0000000089900000| Untracked 
| 154|0x0000000089a00000, 0x0000000089a00000, 0x0000000089b00000|  0%| F|  |TAMS 0x0000000089a00000, 0x0000000089a00000| Untracked 
| 155|0x0000000089b00000, 0x0000000089b00000, 0x0000000089c00000|  0%| F|  |TAMS 0x0000000089b00000, 0x0000000089b00000| Untracked 
| 156|0x0000000089c00000, 0x0000000089c00000, 0x0000000089d00000|  0%| F|  |TAMS 0x0000000089c00000, 0x0000000089c00000| Untracked 
| 157|0x0000000089d00000, 0x0000000089d00000, 0x0000000089e00000|  0%| F|  |TAMS 0x0000000089d00000, 0x0000000089d00000| Untracked 
| 158|0x0000000089e00000, 0x0000000089e00000, 0x0000000089f00000|  0%| F|  |TAMS 0x0000000089e00000, 0x0000000089e00000| Untracked 
| 159|0x0000000089f00000, 0x0000000089f00000, 0x000000008a000000|  0%| F|  |TAMS 0x0000000089f00000, 0x0000000089f00000| Untracked 
| 160|0x000000008a000000, 0x000000008a000000, 0x000000008a100000|  0%| F|  |TAMS 0x000000008a000000, 0x000000008a000000| Untracked 
| 161|0x000000008a100000, 0x000000008a1d46a0, 0x000000008a200000| 82%| S|CS|TAMS 0x000000008a100000, 0x000000008a100000| Complete 
| 162|0x000000008a200000, 0x000000008a300000, 0x000000008a300000|100%| S|CS|TAMS 0x000000008a200000, 0x000000008a200000| Complete 
| 163|0x000000008a300000, 0x000000008a400000, 0x000000008a400000|100%| S|CS|TAMS 0x000000008a300000, 0x000000008a300000| Complete 
| 164|0x000000008a400000, 0x000000008a500000, 0x000000008a500000|100%| S|CS|TAMS 0x000000008a400000, 0x000000008a400000| Complete 
| 165|0x000000008a500000, 0x000000008a500000, 0x000000008a600000|  0%| F|  |TAMS 0x000000008a500000, 0x000000008a500000| Untracked 
| 166|0x000000008a600000, 0x000000008a600000, 0x000000008a700000|  0%| F|  |TAMS 0x000000008a600000, 0x000000008a600000| Untracked 
| 167|0x000000008a700000, 0x000000008a700000, 0x000000008a800000|  0%| F|  |TAMS 0x000000008a700000, 0x000000008a700000| Untracked 
| 168|0x000000008a800000, 0x000000008a800000, 0x000000008a900000|  0%| F|  |TAMS 0x000000008a800000, 0x000000008a800000| Untracked 
| 169|0x000000008a900000, 0x000000008a900000, 0x000000008aa00000|  0%| F|  |TAMS 0x000000008a900000, 0x000000008a900000| Untracked 
| 170|0x000000008aa00000, 0x000000008aa00000, 0x000000008ab00000|  0%| F|  |TAMS 0x000000008aa00000, 0x000000008aa00000| Untracked 
| 171|0x000000008ab00000, 0x000000008ab00000, 0x000000008ac00000|  0%| F|  |TAMS 0x000000008ab00000, 0x000000008ab00000| Untracked 
| 172|0x000000008ac00000, 0x000000008ac00000, 0x000000008ad00000|  0%| F|  |TAMS 0x000000008ac00000, 0x000000008ac00000| Untracked 
| 173|0x000000008ad00000, 0x000000008ad00000, 0x000000008ae00000|  0%| F|  |TAMS 0x000000008ad00000, 0x000000008ad00000| Untracked 
| 174|0x000000008ae00000, 0x000000008ae00000, 0x000000008af00000|  0%| F|  |TAMS 0x000000008ae00000, 0x000000008ae00000| Untracked 
| 175|0x000000008af00000, 0x000000008af00000, 0x000000008b000000|  0%| F|  |TAMS 0x000000008af00000, 0x000000008af00000| Untracked 
| 176|0x000000008b000000, 0x000000008b000000, 0x000000008b100000|  0%| F|  |TAMS 0x000000008b000000, 0x000000008b000000| Untracked 
| 177|0x000000008b100000, 0x000000008b100000, 0x000000008b200000|  0%| F|  |TAMS 0x000000008b100000, 0x000000008b100000| Untracked 
| 178|0x000000008b200000, 0x000000008b200000, 0x000000008b300000|  0%| F|  |TAMS 0x000000008b200000, 0x000000008b200000| Untracked 
| 179|0x000000008b300000, 0x000000008b300000, 0x000000008b400000|  0%| F|  |TAMS 0x000000008b300000, 0x000000008b300000| Untracked 
| 180|0x000000008b400000, 0x000000008b400000, 0x000000008b500000|  0%| F|  |TAMS 0x000000008b400000, 0x000000008b400000| Untracked 
| 181|0x000000008b500000, 0x000000008b500000, 0x000000008b600000|  0%| F|  |TAMS 0x000000008b500000, 0x000000008b500000| Untracked 
| 182|0x000000008b600000, 0x000000008b700000, 0x000000008b700000|100%| E|  |TAMS 0x000000008b600000, 0x000000008b600000| Complete 
| 183|0x000000008b700000, 0x000000008b800000, 0x000000008b800000|100%| E|CS|TAMS 0x000000008b700000, 0x000000008b700000| Complete 
| 184|0x000000008b800000, 0x000000008b900000, 0x000000008b900000|100%| E|CS|TAMS 0x000000008b800000, 0x000000008b800000| Complete 
| 185|0x000000008b900000, 0x000000008ba00000, 0x000000008ba00000|100%| E|CS|TAMS 0x000000008b900000, 0x000000008b900000| Complete 
| 186|0x000000008ba00000, 0x000000008bb00000, 0x000000008bb00000|100%| E|CS|TAMS 0x000000008ba00000, 0x000000008ba00000| Complete 
| 187|0x000000008bb00000, 0x000000008bc00000, 0x000000008bc00000|100%| E|CS|TAMS 0x000000008bb00000, 0x000000008bb00000| Complete 
| 188|0x000000008bc00000, 0x000000008bd00000, 0x000000008bd00000|100%| E|CS|TAMS 0x000000008bc00000, 0x000000008bc00000| Complete 
| 189|0x000000008bd00000, 0x000000008be00000, 0x000000008be00000|100%| E|CS|TAMS 0x000000008bd00000, 0x000000008bd00000| Complete 
| 190|0x000000008be00000, 0x000000008bf00000, 0x000000008bf00000|100%| E|CS|TAMS 0x000000008be00000, 0x000000008be00000| Complete 
| 191|0x000000008bf00000, 0x000000008c000000, 0x000000008c000000|100%| E|  |TAMS 0x000000008bf00000, 0x000000008bf00000| Complete 
| 192|0x000000008c000000, 0x000000008c100000, 0x000000008c100000|100%| E|CS|TAMS 0x000000008c000000, 0x000000008c000000| Complete 
| 193|0x000000008c100000, 0x000000008c200000, 0x000000008c200000|100%| E|CS|TAMS 0x000000008c100000, 0x000000008c100000| Complete 
| 194|0x000000008c200000, 0x000000008c300000, 0x000000008c300000|100%| E|CS|TAMS 0x000000008c200000, 0x000000008c200000| Complete 
| 195|0x000000008c300000, 0x000000008c400000, 0x000000008c400000|100%| E|CS|TAMS 0x000000008c300000, 0x000000008c300000| Complete 
| 196|0x000000008c400000, 0x000000008c500000, 0x000000008c500000|100%| E|CS|TAMS 0x000000008c400000, 0x000000008c400000| Complete 
| 197|0x000000008c500000, 0x000000008c600000, 0x000000008c600000|100%| E|CS|TAMS 0x000000008c500000, 0x000000008c500000| Complete 
| 198|0x000000008c600000, 0x000000008c700000, 0x000000008c700000|100%| E|CS|TAMS 0x000000008c600000, 0x000000008c600000| Complete 
| 199|0x000000008c700000, 0x000000008c800000, 0x000000008c800000|100%| E|CS|TAMS 0x000000008c700000, 0x000000008c700000| Complete 
| 200|0x000000008c800000, 0x000000008c900000, 0x000000008c900000|100%| E|CS|TAMS 0x000000008c800000, 0x000000008c800000| Complete 
| 201|0x000000008c900000, 0x000000008ca00000, 0x000000008ca00000|100%| E|CS|TAMS 0x000000008c900000, 0x000000008c900000| Complete 
| 202|0x000000008ca00000, 0x000000008cb00000, 0x000000008cb00000|100%| E|CS|TAMS 0x000000008ca00000, 0x000000008ca00000| Complete 
| 203|0x000000008cb00000, 0x000000008cc00000, 0x000000008cc00000|100%| E|CS|TAMS 0x000000008cb00000, 0x000000008cb00000| Complete 
| 204|0x000000008cc00000, 0x000000008cd00000, 0x000000008cd00000|100%| E|CS|TAMS 0x000000008cc00000, 0x000000008cc00000| Complete 
| 205|0x000000008cd00000, 0x000000008ce00000, 0x000000008ce00000|100%| E|CS|TAMS 0x000000008cd00000, 0x000000008cd00000| Complete 
| 206|0x000000008ce00000, 0x000000008cf00000, 0x000000008cf00000|100%| E|CS|TAMS 0x000000008ce00000, 0x000000008ce00000| Complete 
| 207|0x000000008cf00000, 0x000000008d000000, 0x000000008d000000|100%| E|CS|TAMS 0x000000008cf00000, 0x000000008cf00000| Complete 
| 208|0x000000008d000000, 0x000000008d100000, 0x000000008d100000|100%| E|CS|TAMS 0x000000008d000000, 0x000000008d000000| Complete 
| 209|0x000000008d100000, 0x000000008d200000, 0x000000008d200000|100%| E|CS|TAMS 0x000000008d100000, 0x000000008d100000| Complete 
| 210|0x000000008d200000, 0x000000008d300000, 0x000000008d300000|100%| E|CS|TAMS 0x000000008d200000, 0x000000008d200000| Complete 
| 211|0x000000008d300000, 0x000000008d400000, 0x000000008d400000|100%| E|CS|TAMS 0x000000008d300000, 0x000000008d300000| Complete 
| 212|0x000000008d400000, 0x000000008d500000, 0x000000008d500000|100%| E|CS|TAMS 0x000000008d400000, 0x000000008d400000| Complete 
| 213|0x000000008d500000, 0x000000008d600000, 0x000000008d600000|100%| E|CS|TAMS 0x000000008d500000, 0x000000008d500000| Complete 
| 214|0x000000008d600000, 0x000000008d700000, 0x000000008d700000|100%| E|CS|TAMS 0x000000008d600000, 0x000000008d600000| Complete 
| 215|0x000000008d700000, 0x000000008d800000, 0x000000008d800000|100%| E|CS|TAMS 0x000000008d700000, 0x000000008d700000| Complete 
| 216|0x000000008d800000, 0x000000008d900000, 0x000000008d900000|100%| E|CS|TAMS 0x000000008d800000, 0x000000008d800000| Complete 
| 217|0x000000008d900000, 0x000000008da00000, 0x000000008da00000|100%| E|CS|TAMS 0x000000008d900000, 0x000000008d900000| Complete 
| 218|0x000000008da00000, 0x000000008db00000, 0x000000008db00000|100%| E|CS|TAMS 0x000000008da00000, 0x000000008da00000| Complete 
| 219|0x000000008db00000, 0x000000008dc00000, 0x000000008dc00000|100%| E|CS|TAMS 0x000000008db00000, 0x000000008db00000| Complete 
| 233|0x000000008e900000, 0x000000008ea00000, 0x000000008ea00000|100%| E|CS|TAMS 0x000000008e900000, 0x000000008e900000| Complete 
| 234|0x000000008ea00000, 0x000000008eb00000, 0x000000008eb00000|100%| E|CS|TAMS 0x000000008ea00000, 0x000000008ea00000| Complete 
| 255|0x000000008ff00000, 0x0000000090000000, 0x0000000090000000|100%| E|CS|TAMS 0x000000008ff00000, 0x000000008ff00000| Complete 

Card table byte_map: [0x000001f67fbd0000,0x000001f67ffd0000] _byte_map_base: 0x000001f67f7d0000

Marking Bits (Prev, Next): (CMBitMap*) 0x000001f677d30500, (CMBitMap*) 0x000001f677d30540
 Prev Bits: [0x000001f60f400000, 0x000001f611400000)
 Next Bits: [0x000001f611400000, 0x000001f613400000)

Polling page: 0x000001f677490000

Metaspace:

Usage:
  Non-class:     84.32 MB used.
      Class:     13.68 MB used.
       Both:     98.00 MB used.

Virtual space:
  Non-class space:      128.00 MB reserved,      84.88 MB ( 66%) committed,  2 nodes.
      Class space:      416.00 MB reserved,      14.19 MB (  3%) committed,  1 nodes.
             Both:      544.00 MB reserved,      99.06 MB ( 18%) committed. 

Chunk freelists:
   Non-Class:  10.45 MB
       Class:  1.67 MB
        Both:  12.13 MB

MaxMetaspaceSize: 512.00 MB
CompressedClassSpaceSize: 416.00 MB
Initial GC threshold: 21.00 MB
Current GC threshold: 135.31 MB
CDS: on
MetaspaceReclaimPolicy: balanced
 - commit_granule_bytes: 65536.
 - commit_granule_words: 8192.
 - virtual_space_node_default_size: 8388608.
 - enlarge_chunks_in_place: 1.
 - new_chunks_are_fully_committed: 0.
 - uncommit_free_chunks: 1.
 - use_allocation_guard: 0.
 - handle_deallocations: 1.


Internal statistics:

num_allocs_failed_limit: 12.
num_arena_births: 1342.
num_arena_deaths: 0.
num_vsnodes_births: 3.
num_vsnodes_deaths: 0.
num_space_committed: 1585.
num_space_uncommitted: 0.
num_chunks_returned_to_freelist: 12.
num_chunks_taken_from_freelist: 5644.
num_chunk_merges: 9.
num_chunk_splits: 3649.
num_chunks_enlarged: 2319.
num_inconsistent_stats: 0.

CodeHeap 'non-profiled nmethods': size=120000Kb used=7888Kb max_used=7888Kb free=112112Kb
 bounds [0x000001f607ad0000, 0x000001f608290000, 0x000001f60f000000]
CodeHeap 'profiled nmethods': size=120000Kb used=22995Kb max_used=22995Kb free=97004Kb
 bounds [0x000001f600000000, 0x000001f601680000, 0x000001f607530000]
CodeHeap 'non-nmethods': size=5760Kb used=2456Kb max_used=2525Kb free=3303Kb
 bounds [0x000001f607530000, 0x000001f6077b0000, 0x000001f607ad0000]
 total_blobs=12564 nmethods=11565 adapters=911
 compilation: enabled
              stopped_count=0, restarted_count=0
 full_count=0

Compilation events (20 events):
Event: 22.475 Thread 0x000001f615917b40 nmethod 13254 0x000001f608276610 code [0x000001f6082767a0, 0x000001f608276878]
Event: 22.475 Thread 0x000001f615917b40 13255   !   4       sun.nio.ch.NativeThreadSet::add (155 bytes)
Event: 22.477 Thread 0x000001f615917b40 nmethod 13255 0x000001f608276910 code [0x000001f608276aa0, 0x000001f608276cf8]
Event: 22.477 Thread 0x000001f615917b40 13257       4       org.gradle.internal.component.external.model.DefaultModuleComponentArtifactIdentifier::getComponentIdentifier (5 bytes)
Event: 22.477 Thread 0x000001f615917b40 nmethod 13257 0x000001f608276e90 code [0x000001f608277000, 0x000001f608277078]
Event: 22.477 Thread 0x000001f615917b40 13256       4       org.gradle.api.internal.artifacts.transform.TransformStepSubject$Transformed::getInitialComponentIdentifier (8 bytes)
Event: 22.478 Thread 0x000001f615917b40 nmethod 13256 0x000001f608277190 code [0x000001f608277340, 0x000001f6082774e8]
Event: 22.478 Thread 0x000001f615917b40 13258       4       java.util.stream.Collectors::toList (26 bytes)
Event: 22.479 Thread 0x000001f615917b40 nmethod 13258 0x000001f608277710 code [0x000001f6082778a0, 0x000001f608277978]
Event: 22.479 Thread 0x000001f615917b40 13259   !   4       sun.nio.ch.NativeThreadSet::remove (50 bytes)
Event: 22.480 Thread 0x000001f615917b40 nmethod 13259 0x000001f608277a90 code [0x000001f608277c20, 0x000001f608277e58]
Event: 22.481 Thread 0x000001f63a861f80 nmethod 13240 0x000001f608277f90 code [0x000001f6082783c0, 0x000001f60827bfb8]
Event: 22.483 Thread 0x000001f615917b40 13260       4       org.gradle.internal.operations.DefaultBuildOperationProgressEventEmitter::emitIfCurrent (23 bytes)
Event: 22.505 Thread 0x000001f63a861f80 13261   !   4       java.util.concurrent.FutureTask::run (123 bytes)
Event: 22.510 Thread 0x000001f615917b40 nmethod 13260 0x000001f60827e990 code [0x000001f60827ec00, 0x000001f60827fc40]
Event: 22.510 Thread 0x000001f615917b40 13262       4       org.gradle.internal.snapshot.AbstractFileSystemLocationSnapshot::getSnapshot (5 bytes)
Event: 22.510 Thread 0x000001f615917b40 nmethod 13262 0x000001f608280b90 code [0x000001f608280d20, 0x000001f608280df8]
Event: 22.529 Thread 0x000001f615917b40 13263   !   4       com.google.common.cache.LocalCache$Segment::put (439 bytes)
Event: 22.563 Thread 0x000001f615917b40 nmethod 13263 0x000001f608280e90 code [0x000001f6082811c0, 0x000001f6082828a0]
Event: 22.563 Thread 0x000001f615917b40 13267   !   4       org.gradle.cache.internal.DefaultMultiProcessSafeIndexedCache::getIfPresent (25 bytes)

GC Heap History (20 events):
Event: 16.500 GC heap before
{Heap before GC invocations=27 (full 0):
 garbage-first heap   total 174080K, used 91254K [0x0000000080000000, 0x0000000100000000)
  region size 1024K, 8 young (8192K), 5 survivors (5120K)
 Metaspace       used 77901K, committed 78720K, reserved 557056K
  class space    used 10875K, committed 11264K, reserved 425984K
}
Event: 16.504 GC heap after
{Heap after GC invocations=28 (full 0):
 garbage-first heap   total 174080K, used 88033K [0x0000000080000000, 0x0000000100000000)
  region size 1024K, 1 young (1024K), 1 survivors (1024K)
 Metaspace       used 77901K, committed 78720K, reserved 557056K
  class space    used 10875K, committed 11264K, reserved 425984K
}
Event: 17.476 GC heap before
{Heap before GC invocations=28 (full 0):
 garbage-first heap   total 174080K, used 148449K [0x0000000080000000, 0x0000000100000000)
  region size 1024K, 54 young (55296K), 1 survivors (1024K)
 Metaspace       used 81167K, committed 82048K, reserved 557056K
  class space    used 11240K, committed 11648K, reserved 425984K
}
Event: 17.480 GC heap after
{Heap after GC invocations=29 (full 0):
 garbage-first heap   total 228352K, used 101064K [0x0000000080000000, 0x0000000100000000)
  region size 1024K, 7 young (7168K), 7 survivors (7168K)
 Metaspace       used 81167K, committed 82048K, reserved 557056K
  class space    used 11240K, committed 11648K, reserved 425984K
}
Event: 18.263 GC heap before
{Heap before GC invocations=30 (full 0):
 garbage-first heap   total 228352K, used 181960K [0x0000000080000000, 0x0000000100000000)
  region size 1024K, 81 young (82944K), 7 survivors (7168K)
 Metaspace       used 85463K, committed 86400K, reserved 557056K
  class space    used 11809K, committed 12288K, reserved 425984K
}
Event: 18.271 GC heap after
{Heap after GC invocations=31 (full 0):
 garbage-first heap   total 228352K, used 108229K [0x0000000080000000, 0x0000000100000000)
  region size 1024K, 6 young (6144K), 6 survivors (6144K)
 Metaspace       used 85463K, committed 86400K, reserved 557056K
  class space    used 11809K, committed 12288K, reserved 425984K
}
Event: 18.312 GC heap before
{Heap before GC invocations=31 (full 0):
 garbage-first heap   total 228352K, used 113349K [0x0000000080000000, 0x0000000100000000)
  region size 1024K, 11 young (11264K), 6 survivors (6144K)
 Metaspace       used 85750K, committed 86656K, reserved 557056K
  class space    used 11847K, committed 12288K, reserved 425984K
}
Event: 18.317 GC heap after
{Heap after GC invocations=32 (full 0):
 garbage-first heap   total 228352K, used 108387K [0x0000000080000000, 0x0000000100000000)
  region size 1024K, 1 young (1024K), 1 survivors (1024K)
 Metaspace       used 85750K, committed 86656K, reserved 557056K
  class space    used 11847K, committed 12288K, reserved 425984K
}
Event: 19.075 GC heap before
{Heap before GC invocations=32 (full 0):
 garbage-first heap   total 228352K, used 183139K [0x0000000080000000, 0x0000000100000000)
  region size 1024K, 72 young (73728K), 1 survivors (1024K)
 Metaspace       used 90211K, committed 91200K, reserved 557056K
  class space    used 12480K, committed 12928K, reserved 425984K
}
Event: 19.080 GC heap after
{Heap after GC invocations=33 (full 0):
 garbage-first heap   total 228352K, used 113428K [0x0000000080000000, 0x0000000100000000)
  region size 1024K, 4 young (4096K), 4 survivors (4096K)
 Metaspace       used 90211K, committed 91200K, reserved 557056K
  class space    used 12480K, committed 12928K, reserved 425984K
}
Event: 19.666 GC heap before
{Heap before GC invocations=33 (full 0):
 garbage-first heap   total 228352K, used 184084K [0x0000000080000000, 0x0000000100000000)
  region size 1024K, 73 young (74752K), 4 survivors (4096K)
 Metaspace       used 91907K, committed 92928K, reserved 557056K
  class space    used 12701K, committed 13184K, reserved 425984K
}
Event: 19.674 GC heap after
{Heap after GC invocations=34 (full 0):
 garbage-first heap   total 228352K, used 117410K [0x0000000080000000, 0x0000000100000000)
  region size 1024K, 8 young (8192K), 8 survivors (8192K)
 Metaspace       used 91907K, committed 92928K, reserved 557056K
  class space    used 12701K, committed 13184K, reserved 425984K
}
Event: 20.376 GC heap before
{Heap before GC invocations=34 (full 0):
 garbage-first heap   total 228352K, used 187042K [0x0000000080000000, 0x0000000100000000)
  region size 1024K, 75 young (76800K), 8 survivors (8192K)
 Metaspace       used 96088K, committed 97088K, reserved 557056K
  class space    used 13462K, committed 13952K, reserved 425984K
}
Event: 20.384 GC heap after
{Heap after GC invocations=35 (full 0):
 garbage-first heap   total 228352K, used 120051K [0x0000000080000000, 0x0000000100000000)
  region size 1024K, 7 young (7168K), 7 survivors (7168K)
 Metaspace       used 96088K, committed 97088K, reserved 557056K
  class space    used 13462K, committed 13952K, reserved 425984K
}
Event: 21.095 GC heap before
{Heap before GC invocations=35 (full 0):
 garbage-first heap   total 228352K, used 188659K [0x0000000080000000, 0x0000000100000000)
  region size 1024K, 74 young (75776K), 7 survivors (7168K)
 Metaspace       used 99232K, committed 100288K, reserved 557056K
  class space    used 13900K, committed 14400K, reserved 425984K
}
Event: 21.106 GC heap after
{Heap after GC invocations=36 (full 0):
 garbage-first heap   total 228352K, used 124859K [0x0000000080000000, 0x0000000100000000)
  region size 1024K, 8 young (8192K), 8 survivors (8192K)
 Metaspace       used 99232K, committed 100288K, reserved 557056K
  class space    used 13900K, committed 14400K, reserved 425984K
}
Event: 21.906 GC heap before
{Heap before GC invocations=36 (full 0):
 garbage-first heap   total 228352K, used 187323K [0x0000000080000000, 0x0000000100000000)
  region size 1024K, 70 young (71680K), 8 survivors (8192K)
 Metaspace       used 100353K, committed 101440K, reserved 557056K
  class space    used 14009K, committed 14528K, reserved 425984K
}
Event: 21.917 GC heap after
{Heap after GC invocations=37 (full 0):
 garbage-first heap   total 228352K, used 130576K [0x0000000080000000, 0x0000000100000000)
  region size 1024K, 6 young (6144K), 6 survivors (6144K)
 Metaspace       used 100353K, committed 101440K, reserved 557056K
  class space    used 14009K, committed 14528K, reserved 425984K
}
Event: 22.424 GC heap before
{Heap before GC invocations=37 (full 0):
 garbage-first heap   total 228352K, used 188944K [0x0000000080000000, 0x0000000100000000)
  region size 1024K, 64 young (65536K), 6 survivors (6144K)
 Metaspace       used 100355K, committed 101440K, reserved 557056K
  class space    used 14010K, committed 14528K, reserved 425984K
}
Event: 22.430 GC heap after
{Heap after GC invocations=38 (full 0):
 garbage-first heap   total 228352K, used 132808K [0x0000000080000000, 0x0000000100000000)
  region size 1024K, 4 young (4096K), 4 survivors (4096K)
 Metaspace       used 100355K, committed 101440K, reserved 557056K
  class space    used 14010K, committed 14528K, reserved 425984K
}

Dll operation events (14 events):
Event: 0.010 Loaded shared library C:\Program Files\Microsoft\jdk-17.0.8.7-hotspot\bin\java.dll
Event: 0.028 Loaded shared library C:\Program Files\Microsoft\jdk-17.0.8.7-hotspot\bin\jsvml.dll
Event: 0.073 Loaded shared library C:\Program Files\Microsoft\jdk-17.0.8.7-hotspot\bin\zip.dll
Event: 0.076 Loaded shared library C:\Program Files\Microsoft\jdk-17.0.8.7-hotspot\bin\instrument.dll
Event: 0.080 Loaded shared library C:\Program Files\Microsoft\jdk-17.0.8.7-hotspot\bin\net.dll
Event: 0.081 Loaded shared library C:\Program Files\Microsoft\jdk-17.0.8.7-hotspot\bin\nio.dll
Event: 0.083 Loaded shared library C:\Program Files\Microsoft\jdk-17.0.8.7-hotspot\bin\zip.dll
Event: 0.306 Loaded shared library C:\Program Files\Microsoft\jdk-17.0.8.7-hotspot\bin\jimage.dll
Event: 0.436 Loaded shared library C:\Program Files\Microsoft\jdk-17.0.8.7-hotspot\bin\verify.dll
Event: 0.582 Loaded shared library C:\Users\Administrator\.gradle\native\c067742578af261105cb4f569cf0c3c89f3d7b1fecec35dd04571415982c5e48\windows-amd64\native-platform.dll
Event: 0.599 Loaded shared library C:\Users\Administrator\.gradle\native\100fb08df4bc3b14c8652ba06237920a3bd2aa13389f12d3474272988ae205f9\windows-amd64\native-platform-file-events.dll
Event: 1.808 Loaded shared library C:\Program Files\Microsoft\jdk-17.0.8.7-hotspot\bin\management.dll
Event: 1.809 Loaded shared library C:\Program Files\Microsoft\jdk-17.0.8.7-hotspot\bin\management_ext.dll
Event: 2.111 Loaded shared library C:\Program Files\Microsoft\jdk-17.0.8.7-hotspot\bin\sunmscapi.dll

Deoptimization events (20 events):
Event: 21.590 Thread 0x000001f637ebb370 DEOPT PACKING pc=0x000001f6015aa960 sp=0x0000005dfa2fd9c0
Event: 21.590 Thread 0x000001f637ebb370 DEOPT UNPACKING pc=0x000001f607587143 sp=0x0000005dfa2fcec8 mode 0
Event: 21.609 Thread 0x000001f63664d900 DEOPT PACKING pc=0x000001f6015aa960 sp=0x0000005df81f78f0
Event: 21.609 Thread 0x000001f63664d900 DEOPT UNPACKING pc=0x000001f607587143 sp=0x0000005df81f6df8 mode 0
Event: 21.631 Thread 0x000001f637ebb370 DEOPT PACKING pc=0x000001f6015aa960 sp=0x0000005dfa2fe190
Event: 21.631 Thread 0x000001f637ebb370 DEOPT UNPACKING pc=0x000001f607587143 sp=0x0000005dfa2fd698 mode 0
Event: 21.670 Thread 0x000001f639a94e40 DEOPT PACKING pc=0x000001f6015aa960 sp=0x0000005dfaffc510
Event: 21.670 Thread 0x000001f639a94e40 DEOPT UNPACKING pc=0x000001f607587143 sp=0x0000005dfaffba18 mode 0
Event: 21.683 Thread 0x000001f637eb6c90 DEOPT PACKING pc=0x000001f6015aa960 sp=0x0000005dfa0fd3f0
Event: 21.683 Thread 0x000001f637eb6c90 DEOPT UNPACKING pc=0x000001f607587143 sp=0x0000005dfa0fc8f8 mode 0
Event: 21.699 Thread 0x000001f639a980e0 DEOPT PACKING pc=0x000001f6015aa960 sp=0x0000005dfaefc340
Event: 21.699 Thread 0x000001f639a980e0 DEOPT UNPACKING pc=0x000001f607587143 sp=0x0000005dfaefb848 mode 0
Event: 21.712 Thread 0x000001f639a980e0 DEOPT PACKING pc=0x000001f6015aa960 sp=0x0000005dfaefc340
Event: 21.712 Thread 0x000001f639a980e0 DEOPT UNPACKING pc=0x000001f607587143 sp=0x0000005dfaefb848 mode 0
Event: 21.729 Thread 0x000001f639a94e40 DEOPT PACKING pc=0x000001f6015aa960 sp=0x0000005dfaffc510
Event: 21.729 Thread 0x000001f639a94e40 DEOPT UNPACKING pc=0x000001f607587143 sp=0x0000005dfaffba18 mode 0
Event: 21.741 Thread 0x000001f637eb6c90 DEOPT PACKING pc=0x000001f6015aa960 sp=0x0000005dfa0fdd50
Event: 21.741 Thread 0x000001f637eb6c90 DEOPT UNPACKING pc=0x000001f607587143 sp=0x0000005dfa0fd258 mode 0
Event: 21.751 Thread 0x000001f639a94e40 DEOPT PACKING pc=0x000001f6015aa960 sp=0x0000005dfaffc510
Event: 21.751 Thread 0x000001f639a94e40 DEOPT UNPACKING pc=0x000001f607587143 sp=0x0000005dfaffba18 mode 0

Classes unloaded (0 events):
No events

Classes redefined (0 events):
No events

Internal exceptions (20 events):
Event: 21.080 Thread 0x000001f63664d900 Exception <a 'java/lang/ClassNotFoundException'{0x0000000089d13f58}: com/android/build/gradle/internal/api/ApplicationVariantImplCustomizer> (0x0000000089d13f58) 
thrown [s\src\hotspot\share\classfile\systemDictionary.cpp, line 256]
Event: 21.081 Thread 0x000001f63664d900 Exception <a 'java/lang/ClassNotFoundException'{0x0000000089d40338}: com/android/build/gradle/internal/api/ApplicationVariantImpl_DecoratedCustomizer> (0x0000000089d40338) 
thrown [s\src\hotspot\share\classfile\systemDictionary.cpp, line 256]
Event: 21.088 Thread 0x000001f63664d900 Exception <a 'java/lang/ClassNotFoundException'{0x0000000089c40cf0}: org/gradle/api/DefaultTask_DecoratedBeanInfo> (0x0000000089c40cf0) 
thrown [s\src\hotspot\share\classfile\systemDictionary.cpp, line 256]
Event: 21.089 Thread 0x000001f63664d900 Exception <a 'java/lang/ClassNotFoundException'{0x0000000089c5eef8}: org/gradle/api/DefaultTask_DecoratedCustomizer> (0x0000000089c5eef8) 
thrown [s\src\hotspot\share\classfile\systemDictionary.cpp, line 256]
Event: 21.249 Thread 0x000001f63664d900 Exception <a 'java/lang/ClassNotFoundException'{0x000000008d27dbd0}: com/android/build/gradle/internal/lint/AndroidLintAnalysisTask_DecoratedBeanInfo> (0x000000008d27dbd0) 
thrown [s\src\hotspot\share\classfile\systemDictionary.cpp, line 256]
Event: 21.250 Thread 0x000001f63664d900 Exception <a 'java/lang/ClassNotFoundException'{0x000000008d292408}: com/android/build/gradle/internal/lint/AndroidLintAnalysisTaskBeanInfo> (0x000000008d292408) 
thrown [s\src\hotspot\share\classfile\systemDictionary.cpp, line 256]
Event: 21.250 Thread 0x000001f63664d900 Exception <a 'java/lang/ClassNotFoundException'{0x000000008d2a6960}: com/android/build/gradle/internal/tasks/NonIncrementalTaskBeanInfo> (0x000000008d2a6960) 
thrown [s\src\hotspot\share\classfile\systemDictionary.cpp, line 256]
Event: 21.251 Thread 0x000001f63664d900 Exception <a 'java/lang/ClassNotFoundException'{0x000000008d2baec0}: com/android/build/gradle/internal/tasks/AndroidVariantTaskBeanInfo> (0x000000008d2baec0) 
thrown [s\src\hotspot\share\classfile\systemDictionary.cpp, line 256]
Event: 21.252 Thread 0x000001f63664d900 Exception <a 'java/lang/ClassNotFoundException'{0x000000008d2cf268}: com/android/build/gradle/internal/tasks/BaseTaskBeanInfo> (0x000000008d2cf268) 
thrown [s\src\hotspot\share\classfile\systemDictionary.cpp, line 256]
Event: 21.253 Thread 0x000001f63664d900 Exception <a 'java/lang/ClassNotFoundException'{0x000000008d2e3628}: com/android/build/gradle/internal/tasks/BaseTaskCustomizer> (0x000000008d2e3628) 
thrown [s\src\hotspot\share\classfile\systemDictionary.cpp, line 256]
Event: 21.256 Thread 0x000001f63664d900 Exception <a 'java/lang/ClassNotFoundException'{0x000000008d109298}: com/android/build/gradle/internal/tasks/AndroidVariantTaskCustomizer> (0x000000008d109298) 
thrown [s\src\hotspot\share\classfile\systemDictionary.cpp, line 256]
Event: 21.257 Thread 0x000001f63664d900 Exception <a 'java/lang/ClassNotFoundException'{0x000000008d12d190}: com/android/build/gradle/internal/tasks/NonIncrementalTaskCustomizer> (0x000000008d12d190) 
thrown [s\src\hotspot\share\classfile\systemDictionary.cpp, line 256]
Event: 21.261 Thread 0x000001f63664d900 Exception <a 'java/lang/ClassNotFoundException'{0x000000008d14fdc8}: com/android/build/gradle/internal/lint/AndroidLintAnalysisTaskCustomizer> (0x000000008d14fdc8) 
thrown [s\src\hotspot\share\classfile\systemDictionary.cpp, line 256]
Event: 21.262 Thread 0x000001f63664d900 Exception <a 'java/lang/ClassNotFoundException'{0x000000008d18f1c8}: com/android/build/gradle/internal/lint/AndroidLintAnalysisTask_DecoratedCustomizer> (0x000000008d18f1c8) 
thrown [s\src\hotspot\share\classfile\systemDictionary.cpp, line 256]
Event: 21.277 Thread 0x000001f63664d900 Exception <a 'java/lang/ClassNotFoundException'{0x000000008cf53148}: com/android/build/gradle/internal/lint/LintModelWriterTask_DecoratedBeanInfo> (0x000000008cf53148) 
thrown [s\src\hotspot\share\classfile\systemDictionary.cpp, line 256]
Event: 21.278 Thread 0x000001f63664d900 Exception <a 'java/lang/ClassNotFoundException'{0x000000008cf676a8}: com/android/build/gradle/internal/lint/LintModelWriterTaskBeanInfo> (0x000000008cf676a8) 
thrown [s\src\hotspot\share\classfile\systemDictionary.cpp, line 256]
Event: 21.278 Thread 0x000001f63664d900 Exception <a 'java/lang/ClassNotFoundException'{0x000000008cf7bbf8}: com/android/build/gradle/internal/lint/LintModelWriterTaskCustomizer> (0x000000008cf7bbf8) 
thrown [s\src\hotspot\share\classfile\systemDictionary.cpp, line 256]
Event: 21.279 Thread 0x000001f63664d900 Exception <a 'java/lang/ClassNotFoundException'{0x000000008cfa7740}: com/android/build/gradle/internal/lint/LintModelWriterTask_DecoratedCustomizer> (0x000000008cfa7740) 
thrown [s\src\hotspot\share\classfile\systemDictionary.cpp, line 256]
Event: 21.343 Thread 0x000001f63664d900 Exception <a 'java/lang/ClassNotFoundException'{0x000000008cd914d0}: build_dwwvfj53e19mkbw9lj1p42ampBeanInfo> (0x000000008cd914d0) 
thrown [s\src\hotspot\share\classfile\systemDictionary.cpp, line 256]
Event: 21.343 Thread 0x000001f63664d900 Exception <a 'java/lang/ClassNotFoundException'{0x000000008cd986d0}: build_dwwvfj53e19mkbw9lj1p42ampCustomizer> (0x000000008cd986d0) 
thrown [s\src\hotspot\share\classfile\systemDictionary.cpp, line 256]

VM Operations (20 events):
Event: 19.089 Executing VM operation: HandshakeAllThreads
Event: 19.093 Executing VM operation: HandshakeAllThreads done
Event: 19.191 Executing VM operation: HandshakeAllThreads
Event: 19.191 Executing VM operation: HandshakeAllThreads done
Event: 19.563 Executing VM operation: HandshakeAllThreads
Event: 19.563 Executing VM operation: HandshakeAllThreads done
Event: 19.666 Executing VM operation: G1CollectForAllocation
Event: 19.675 Executing VM operation: G1CollectForAllocation done
Event: 20.376 Executing VM operation: G1CollectForAllocation
Event: 20.384 Executing VM operation: G1CollectForAllocation done
Event: 21.095 Executing VM operation: G1CollectForAllocation
Event: 21.107 Executing VM operation: G1CollectForAllocation done
Event: 21.227 Executing VM operation: HandshakeAllThreads
Event: 21.227 Executing VM operation: HandshakeAllThreads done
Event: 21.638 Executing VM operation: ICBufferFull
Event: 21.638 Executing VM operation: ICBufferFull done
Event: 21.906 Executing VM operation: G1CollectForAllocation
Event: 21.917 Executing VM operation: G1CollectForAllocation done
Event: 22.424 Executing VM operation: G1CollectForAllocation
Event: 22.431 Executing VM operation: G1CollectForAllocation done

Events (20 events):
Event: 20.974 loading class java/util/ArrayListBeanInfo
Event: 20.974 loading class java/util/ArrayListBeanInfo done
Event: 20.974 loading class java/util/ArrayListBeanInfo
Event: 20.974 loading class java/util/ArrayListBeanInfo done
Event: 20.975 loading class java/util/AbstractListBeanInfo
Event: 20.975 loading class java/util/AbstractListBeanInfo done
Event: 20.975 loading class java/util/AbstractListBeanInfo
Event: 20.975 loading class java/util/AbstractListBeanInfo done
Event: 20.975 loading class java/util/AbstractListCustomizer
Event: 20.975 loading class java/util/AbstractListCustomizer done
Event: 20.976 loading class java/util/AbstractListCustomizer
Event: 20.976 loading class java/util/AbstractListCustomizer done
Event: 20.976 loading class java/util/ArrayListCustomizer
Event: 20.976 loading class java/util/ArrayListCustomizer done
Event: 20.977 loading class java/util/ArrayListCustomizer
Event: 20.977 loading class java/util/ArrayListCustomizer done
Event: 21.032 loading class java/io/FilterReader
Event: 21.032 loading class java/io/FilterReader done
Event: 21.226 loading class java/io/NotSerializableException
Event: 21.226 loading class java/io/NotSerializableException done


Dynamic libraries:
0x00007ff748ce0000 - 0x00007ff748cee000 	C:\Program Files\Microsoft\jdk-17.0.8.7-hotspot\bin\java.exe
0x00007ffe001d0000 - 0x00007ffe003c8000 	C:\Windows\SYSTEM32\ntdll.dll
0x00007ffdfebe0000 - 0x00007ffdfeca2000 	C:\Windows\System32\KERNEL32.DLL
0x00007ffdfdbb0000 - 0x00007ffdfdeaf000 	C:\Windows\System32\KERNELBASE.dll
0x00007ffdfdf60000 - 0x00007ffdfe060000 	C:\Windows\System32\ucrtbase.dll
0x00007ffdf0980000 - 0x00007ffdf0997000 	C:\Program Files\Microsoft\jdk-17.0.8.7-hotspot\bin\jli.dll
0x00007ffdf7640000 - 0x00007ffdf765b000 	C:\Program Files\Microsoft\jdk-17.0.8.7-hotspot\bin\VCRUNTIME140.dll
0x00007ffdfefc0000 - 0x00007ffdff15d000 	C:\Windows\System32\USER32.dll
0x00007ffdfe0b0000 - 0x00007ffdfe0d2000 	C:\Windows\System32\win32u.dll
0x00007ffdf5350000 - 0x00007ffdf55ea000 	C:\Windows\WinSxS\amd64_microsoft.windows.common-controls_6595b64144ccf1df_6.0.19041.4355_none_60b8b9eb71f62e16\COMCTL32.dll
0x00007ffdffda0000 - 0x00007ffdffdcb000 	C:\Windows\System32\GDI32.dll
0x00007ffe000f0000 - 0x00007ffe0018e000 	C:\Windows\System32\msvcrt.dll
0x00007ffdfd9d0000 - 0x00007ffdfdaea000 	C:\Windows\System32\gdi32full.dll
0x00007ffdfe0e0000 - 0x00007ffdfe17d000 	C:\Windows\System32\msvcp_win.dll
0x00007ffe00010000 - 0x00007ffe0003f000 	C:\Windows\System32\IMM32.DLL
0x00007ffdf7ad0000 - 0x00007ffdf7adc000 	C:\Program Files\Microsoft\jdk-17.0.8.7-hotspot\bin\vcruntime140_1.dll
0x00007ffdc1d80000 - 0x00007ffdc1e0d000 	C:\Program Files\Microsoft\jdk-17.0.8.7-hotspot\bin\msvcp140.dll
0x00007ffdb85f0000 - 0x00007ffdb9255000 	C:\Program Files\Microsoft\jdk-17.0.8.7-hotspot\bin\server\jvm.dll
0x00007ffdfede0000 - 0x00007ffdfee8f000 	C:\Windows\System32\ADVAPI32.dll
0x00007ffdffe50000 - 0x00007ffdffeef000 	C:\Windows\System32\sechost.dll
0x00007ffdffb30000 - 0x00007ffdffc53000 	C:\Windows\System32\RPCRT4.dll
0x00007ffdfdaf0000 - 0x00007ffdfdb17000 	C:\Windows\System32\bcrypt.dll
0x00007ffdf7680000 - 0x00007ffdf7689000 	C:\Windows\SYSTEM32\WSOCK32.dll
0x00007ffdfd2f0000 - 0x00007ffdfd33b000 	C:\Windows\SYSTEM32\POWRPROF.dll
0x00007ffdf5ef0000 - 0x00007ffdf5f17000 	C:\Windows\SYSTEM32\WINMM.dll
0x00007ffdff760000 - 0x00007ffdff7cb000 	C:\Windows\System32\WS2_32.dll
0x00007ffdf89c0000 - 0x00007ffdf89ca000 	C:\Windows\SYSTEM32\VERSION.dll
0x00007ffdfd2d0000 - 0x00007ffdfd2e2000 	C:\Windows\SYSTEM32\UMPDC.dll
0x00007ffdfb630000 - 0x00007ffdfb642000 	C:\Windows\SYSTEM32\kernel.appcore.dll
0x00007ffdf4420000 - 0x00007ffdf442a000 	C:\Program Files\Microsoft\jdk-17.0.8.7-hotspot\bin\jimage.dll
0x00007ffdf7f20000 - 0x00007ffdf8104000 	C:\Windows\SYSTEM32\DBGHELP.DLL
0x00007ffdf7ee0000 - 0x00007ffdf7f14000 	C:\Windows\SYSTEM32\dbgcore.DLL
0x00007ffdfdb20000 - 0x00007ffdfdba2000 	C:\Windows\System32\bcryptPrimitives.dll
0x00007ffdf6af0000 - 0x00007ffdf6afe000 	C:\Program Files\Microsoft\jdk-17.0.8.7-hotspot\bin\instrument.dll
0x00007ffde25c0000 - 0x00007ffde25e5000 	C:\Program Files\Microsoft\jdk-17.0.8.7-hotspot\bin\java.dll
0x00007ffdbed00000 - 0x00007ffdbedd7000 	C:\Program Files\Microsoft\jdk-17.0.8.7-hotspot\bin\jsvml.dll
0x00007ffdfe470000 - 0x00007ffdfebdd000 	C:\Windows\System32\SHELL32.dll
0x00007ffdfb910000 - 0x00007ffdfc0b4000 	C:\Windows\SYSTEM32\windows.storage.dll
0x00007ffdff7d0000 - 0x00007ffdffb25000 	C:\Windows\System32\combase.dll
0x00007ffdfd230000 - 0x00007ffdfd25f000 	C:\Windows\SYSTEM32\Wldp.dll
0x00007ffdfee90000 - 0x00007ffdfef5d000 	C:\Windows\System32\OLEAUT32.dll
0x00007ffe00040000 - 0x00007ffe000ed000 	C:\Windows\System32\SHCORE.dll
0x00007ffdfe400000 - 0x00007ffdfe455000 	C:\Windows\System32\shlwapi.dll
0x00007ffdfd7a0000 - 0x00007ffdfd7c4000 	C:\Windows\SYSTEM32\profapi.dll
0x00007ffde70b0000 - 0x00007ffde70c8000 	C:\Program Files\Microsoft\jdk-17.0.8.7-hotspot\bin\zip.dll
0x00007ffde9f30000 - 0x00007ffde9f49000 	C:\Program Files\Microsoft\jdk-17.0.8.7-hotspot\bin\net.dll
0x00007ffdf8400000 - 0x00007ffdf850a000 	C:\Windows\SYSTEM32\WINHTTP.dll
0x00007ffdfcf90000 - 0x00007ffdfcffc000 	C:\Windows\system32\mswsock.dll
0x00007ffde7230000 - 0x00007ffde7246000 	C:\Program Files\Microsoft\jdk-17.0.8.7-hotspot\bin\nio.dll
0x00007ffdf7af0000 - 0x00007ffdf7b00000 	C:\Program Files\Microsoft\jdk-17.0.8.7-hotspot\bin\verify.dll
0x00007ffdf41b0000 - 0x00007ffdf41d7000 	C:\Users\Administrator\.gradle\native\c067742578af261105cb4f569cf0c3c89f3d7b1fecec35dd04571415982c5e48\windows-amd64\native-platform.dll
0x00007ffdc3300000 - 0x00007ffdc3444000 	C:\Users\Administrator\.gradle\native\100fb08df4bc3b14c8652ba06237920a3bd2aa13389f12d3474272988ae205f9\windows-amd64\native-platform-file-events.dll
0x00007ffdf40d0000 - 0x00007ffdf40d9000 	C:\Program Files\Microsoft\jdk-17.0.8.7-hotspot\bin\management.dll
0x00007ffdf38a0000 - 0x00007ffdf38ab000 	C:\Program Files\Microsoft\jdk-17.0.8.7-hotspot\bin\management_ext.dll
0x00007ffdfe460000 - 0x00007ffdfe468000 	C:\Windows\System32\PSAPI.DLL
0x00007ffdfd190000 - 0x00007ffdfd1a8000 	C:\Windows\SYSTEM32\CRYPTSP.dll
0x00007ffdfc850000 - 0x00007ffdfc884000 	C:\Windows\system32\rsaenh.dll
0x00007ffdfd720000 - 0x00007ffdfd74e000 	C:\Windows\SYSTEM32\USERENV.dll
0x00007ffdfd180000 - 0x00007ffdfd18c000 	C:\Windows\SYSTEM32\CRYPTBASE.dll
0x00007ffdfcc10000 - 0x00007ffdfcc4b000 	C:\Windows\SYSTEM32\IPHLPAPI.DLL
0x00007ffdffd70000 - 0x00007ffdffd78000 	C:\Windows\System32\NSI.dll
0x00007ffdf8bc0000 - 0x00007ffdf8bd7000 	C:\Windows\SYSTEM32\dhcpcsvc6.DLL
0x00007ffdf8ba0000 - 0x00007ffdf8bbd000 	C:\Windows\SYSTEM32\dhcpcsvc.DLL
0x00007ffdfcc50000 - 0x00007ffdfcd1a000 	C:\Windows\SYSTEM32\DNSAPI.dll
0x00007ffdea3c0000 - 0x00007ffdea3ce000 	C:\Program Files\Microsoft\jdk-17.0.8.7-hotspot\bin\sunmscapi.dll
0x00007ffdfd870000 - 0x00007ffdfd9cc000 	C:\Windows\System32\CRYPT32.dll
0x00007ffdfd2a0000 - 0x00007ffdfd2c7000 	C:\Windows\SYSTEM32\ncrypt.dll
0x00007ffdfd260000 - 0x00007ffdfd29b000 	C:\Windows\SYSTEM32\NTASN1.dll
0x00007ffde2ed0000 - 0x00007ffde2ed7000 	C:\Windows\system32\wshunix.dll
0x00007ffdf6480000 - 0x00007ffdf648a000 	C:\Windows\System32\rasadhlp.dll
0x00007ffdf6280000 - 0x00007ffdf6300000 	C:\Windows\System32\fwpuclnt.dll
0x00007ffdec430000 - 0x00007ffdec447000 	C:\Windows\system32\napinsp.dll
0x00007ffdec410000 - 0x00007ffdec42b000 	C:\Windows\system32\pnrpnsp.dll
0x00007ffdec3f0000 - 0x00007ffdec405000 	C:\Windows\system32\wshbth.dll
0x00007ffdf8c00000 - 0x00007ffdf8c1d000 	C:\Windows\system32\NLAapi.dll
0x00007ffdec3d0000 - 0x00007ffdec3e2000 	C:\Windows\System32\winrnr.dll

dbghelp: loaded successfully - version: 4.0.5 - missing functions: none
symbol engine: initialized successfully - sym options: 0x614 - pdb path: .;C:\Program Files\Microsoft\jdk-17.0.8.7-hotspot\bin;C:\Windows\SYSTEM32;C:\Windows\WinSxS\amd64_microsoft.windows.common-controls_6595b64144ccf1df_6.0.19041.4355_none_60b8b9eb71f62e16;C:\Program Files\Microsoft\jdk-17.0.8.7-hotspot\bin\server;C:\Users\Administrator\.gradle\native\c067742578af261105cb4f569cf0c3c89f3d7b1fecec35dd04571415982c5e48\windows-amd64;C:\Users\Administrator\.gradle\native\100fb08df4bc3b14c8652ba06237920a3bd2aa13389f12d3474272988ae205f9\windows-amd64

VM Arguments:
jvm_args: -XX:MaxMetaspaceSize=512m --add-opens=java.base/java.util=ALL-UNNAMED --add-opens=java.base/java.lang=ALL-UNNAMED --add-opens=java.base/java.lang.invoke=ALL-UNNAMED --add-opens=java.prefs/java.util.prefs=ALL-UNNAMED --add-exports=jdk.compiler/com.sun.tools.javac.api=ALL-UNNAMED --add-exports=jdk.compiler/com.sun.tools.javac.util=ALL-UNNAMED --add-opens=java.base/java.nio.charset=ALL-UNNAMED --add-opens=java.base/java.net=ALL-UNNAMED --add-opens=java.base/java.util.concurrent.atomic=ALL-UNNAMED -Xmx2048m -Dfile.encoding=windows-1252 -Duser.country=US -Duser.language=en -Duser.variant -javaagent:C:\Users\Administrator\.gradle\wrapper\dists\gradle-8.10.2-all\7iv73wktx1xtkvlq19urqw1wm\gradle-8.10.2\lib\agents\gradle-instrumentation-agent-8.10.2.jar 
java_command: org.gradle.launcher.daemon.bootstrap.GradleDaemon 8.10.2
java_class_path (initial): C:\Users\Administrator\.gradle\wrapper\dists\gradle-8.10.2-all\7iv73wktx1xtkvlq19urqw1wm\gradle-8.10.2\lib\gradle-daemon-main-8.10.2.jar
Launcher Type: SUN_STANDARD

[Global flags]
     intx CICompilerCount                          = 3                                         {product} {ergonomic}
   size_t CompressedClassSpaceSize                 = 436207616                                 {product} {ergonomic}
     uint ConcGCThreads                            = 1                                         {product} {ergonomic}
     uint G1ConcRefinementThreads                  = 4                                         {product} {ergonomic}
   size_t G1HeapRegionSize                         = 1048576                                   {product} {ergonomic}
    uintx GCDrainStackTargetSize                   = 64                                        {product} {ergonomic}
   size_t InitialHeapSize                          = 268435456                                 {product} {ergonomic}
   size_t MarkStackSize                            = 4194304                                   {product} {ergonomic}
   size_t MaxHeapSize                              = 2147483648                                {product} {command line}
   size_t MaxMetaspaceSize                         = 536870912                                 {product} {command line}
   size_t MaxNewSize                               = 1287651328                                {product} {ergonomic}
   size_t MinHeapDeltaBytes                        = 1048576                                   {product} {ergonomic}
   size_t MinHeapSize                              = 8388608                                   {product} {ergonomic}
    uintx NonNMethodCodeHeapSize                   = 5832780                                {pd product} {ergonomic}
    uintx NonProfiledCodeHeapSize                  = 122912730                              {pd product} {ergonomic}
    uintx ProfiledCodeHeapSize                     = 122912730                              {pd product} {ergonomic}
    uintx ReservedCodeCacheSize                    = 251658240                              {pd product} {ergonomic}
     bool SegmentedCodeCache                       = true                                      {product} {ergonomic}
   size_t SoftMaxHeapSize                          = 2147483648                             {manageable} {ergonomic}
     bool UseCompressedClassPointers               = true                           {product lp64_product} {ergonomic}
     bool UseCompressedOops                        = true                           {product lp64_product} {ergonomic}
     bool UseG1GC                                  = true                                      {product} {ergonomic}
     bool UseLargePagesIndividualAllocation        = false                                  {pd product} {ergonomic}

Logging:
Log output configuration:
 #0: stdout all=warning uptime,level,tags
 #1: stderr all=off uptime,level,tags

Environment Variables:
JAVA_HOME=C:\Program Files\Microsoft\jdk-17.0.8.7-hotspot\
CLASSPATH=D:\Tahafuz_App\android\\gradle\wrapper\gradle-wrapper.jar
PATH=D:\Tahafuz_App\node_modules\.bin;D:\Tahafuz_App\node_modules\.bin;D:\node_modules\.bin;C:\Program Files\nodejs\node_modules\npm\node_modules\@npmcli\run-script\lib\node-gyp-bin;C:\Program Files\Microsoft\jdk-17.0.8.7-hotspot\bin;C:\Windows\system32;C:\Windows;C:\Windows\System32\Wbem;C:\Windows\System32\WindowsPowerShell\v1.0\;C:\Windows\System32\OpenSSH\;C:\ProgramData\chocolatey\bin;C:\Program Files\nodejs\;C:\Program Files\Git\cmd;C:\Program Files\MongoDB\Server\8.0\bin;C:\Users\Administrator\AppData\Local\Android\Sdk\tools;C:\Users\Administrator\AppData\Local\Microsoft\WindowsApps;C:\Users\Administrator\AppData\Roaming\npm;C:\Users\Administrator\AppData\Local\Programs\Microsoft VS Code\bin;C:\Users\Administrator\AppData\Local\Android\Sdk\platform-tools;C:\Users\Administrator\AppData\Local\Programs\mongosh\;C:\Program Files\MongoDB\TOOLS\bin;D:\flutterSetup\sdk\flutter\bin;
USERNAME=Administrator
LANG=en_US.UTF-8
OS=Windows_NT
PROCESSOR_IDENTIFIER=Intel64 Family 6 Model 60 Stepping 3, GenuineIntel
TMP=C:\Users\ADMINI~1\AppData\Local\Temp
TEMP=C:\Users\ADMINI~1\AppData\Local\Temp



---------------  S Y S T E M  ---------------

OS:
 Windows 10 , 64 bit Build 19041 (10.0.19041.5438)
OS uptime: 2 days 1:00 hours

CPU: total 4 (initial active 4) (4 cores per cpu, 1 threads per core) family 6 model 60 stepping 3 microcode 0x27, cx8, cmov, fxsr, mmx, sse, sse2, sse3, ssse3, sse4.1, sse4.2, popcnt, lzcnt, tsc, tscinvbit, avx, avx2, aes, erms, clmul, bmi1, bmi2, fma, vzeroupper, clflush
Processor Information for all 4 processors :
  Max Mhz: 2900, Current Mhz: 2900, Mhz Limit: 2900

Memory: 4k page, system-wide physical 16336M (5752M free)
TotalPageFile size 29136M (AvailPageFile size 15053M)
current process WorkingSet (physical memory assigned to process): 508M, peak: 516M
current process commit charge ("private bytes"): 543M, peak: 551M

vm_info: OpenJDK 64-Bit Server VM (17.0.8+7-LTS) for windows-amd64 JRE (17.0.8+7-LTS), built on Jul  7 2023 17:21:55 by "MicrosoftCorporation" with MS VC++ 16.10 / 16.11 (VS2019)

END.
