#
# A fatal error has been detected by the Java Runtime Environment:
#
#  EXCEPTION_ACCESS_VIOLATION (0xc0000005) at pc=0x00007ff819a0e0a9, pid=9996, tid=9476
#
# JRE version: OpenJDK Runtime Environment Microsoft-8035246 (17.0.8+7) (build 17.0.8+7-LTS)
# Java VM: OpenJDK 64-Bit Server VM Microsoft-8035246 (17.0.8+7-LTS, mixed mode, sharing, tiered, compressed oops, compressed class ptrs, g1 gc, windows-amd64)
# Problematic frame:
# V  [jvm.dll+0x2be0a9]
#
# No core dump will be written. Minidumps are not enabled by default on client versions of Windows
#
# If you would like to submit a bug report, please visit:
#   https://github.com/microsoft/openjdk/issues
#

---------------  S U M M A R Y ------------

Command Line: -XX:MaxMetaspaceSize=512m --add-opens=java.base/java.util=ALL-UNNAMED --add-opens=java.base/java.lang=ALL-UNNAMED --add-opens=java.base/java.lang.invoke=ALL-UNNAMED --add-opens=java.prefs/java.util.prefs=ALL-UNNAMED --add-exports=jdk.compiler/com.sun.tools.javac.api=ALL-UNNAMED --add-exports=jdk.compiler/com.sun.tools.javac.util=ALL-UNNAMED --add-opens=java.base/java.nio.charset=ALL-UNNAMED --add-opens=java.base/java.net=ALL-UNNAMED --add-opens=java.base/java.util.concurrent.atomic=ALL-UNNAMED -Xmx2048m -Dfile.encoding=windows-1252 -Duser.country=US -Duser.language=en -Duser.variant -javaagent:C:\Users\Administrator\.gradle\wrapper\dists\gradle-8.10.2-all\7iv73wktx1xtkvlq19urqw1wm\gradle-8.10.2\lib\agents\gradle-instrumentation-agent-8.10.2.jar org.gradle.launcher.daemon.bootstrap.GradleDaemon 8.10.2

Host: Intel(R) Core(TM) i5-4570S CPU @ 2.90GHz, 4 cores, 15G,  Windows 10 , 64 bit Build 19041 (10.0.19041.5198)
Time: Fri Feb 14 21:20:11 2025 Pakistan Standard Time elapsed time: 16.858468 seconds (0d 0h 0m 16s)

---------------  T H R E A D  ---------------

Current thread (0x000001c869086e90):  JavaThread "C2 CompilerThread0" daemon [_thread_in_native, id=9476, stack(0x000000bc6f400000,0x000000bc6f500000)]


Current CompileTask:
C2:  16858 11310       4       org.gradle.cache.internal.ExclusiveCacheAccessingWorker$$Lambda$546/0x000001c80149b600::call (10 bytes)

Stack: [0x000000bc6f400000,0x000000bc6f500000],  sp=0x000000bc6f4fb320,  free space=1004k
Native frames: (J=compiled Java code, j=interpreted, Vv=VM code, C=native code)
V  [jvm.dll+0x2be0a9]
V  [jvm.dll+0x21ba8b]
V  [jvm.dll+0x21944b]
V  [jvm.dll+0x1a56b6]
V  [jvm.dll+0x2291ea]
V  [jvm.dll+0x22724c]
V  [jvm.dll+0x7efd0c]
V  [jvm.dll+0x7ea13a]
V  [jvm.dll+0x67ad85]
C  [ucrtbase.dll+0x21bb2]
C  [KERNEL32.DLL+0x17374]
C  [ntdll.dll+0x4cc91]


siginfo: EXCEPTION_ACCESS_VIOLATION (0xc0000005), reading address 0x0000000000000028


Register to memory mapping:

RIP=0x00007ff819a0e0a9 jvm.dll
RAX=0x000001c86e429f80 points into unknown readable memory: 0x0000000000000000 | 00 00 00 00 00 00 00 00
RBX=0x00000000000017e0 is an unknown value
RCX=0x0 is NULL
RDX=0x0 is NULL
RSP=0x000000bc6f4fb320 is pointing into the stack for thread: 0x000001c869086e90
RBP=0x000000bc6f4fb390 is pointing into the stack for thread: 0x000001c869086e90
RSI=0x0 is NULL
RDI=0x000000000000004c is an unknown value
R8 =0x000000000000ffe0 is an unknown value
R9 =0x0 is NULL
R10=0x00007ff86c410000 VCRUNTIME140.dll
R11=0x000001c86e429fa0 points into unknown readable memory: 0x0000000000000000 | 00 00 00 00 00 00 00 00
R12=0x0000000000000050 is an unknown value
R13=0x0 is NULL
R14=0x0 is NULL
R15=0x000000bc6f4fe540 is pointing into the stack for thread: 0x000001c869086e90


Registers:
RAX=0x000001c86e429f80, RBX=0x00000000000017e0, RCX=0x0000000000000000, RDX=0x0000000000000000
RSP=0x000000bc6f4fb320, RBP=0x000000bc6f4fb390, RSI=0x0000000000000000, RDI=0x000000000000004c
R8 =0x000000000000ffe0, R9 =0x0000000000000000, R10=0x00007ff86c410000, R11=0x000001c86e429fa0
R12=0x0000000000000050, R13=0x0000000000000000, R14=0x0000000000000000, R15=0x000000bc6f4fe540
RIP=0x00007ff819a0e0a9, EFLAGS=0x0000000000010202

Top of Stack: (sp=0x000000bc6f4fb320)
0x000000bc6f4fb320:   00000000000017e0 0000000000000000
0x000000bc6f4fb330:   000000bc6f4fe540 00007ff8199738d1
0x000000bc6f4fb340:   000001c869083530 00007ff800002000
0x000000bc6f4fb350:   000001c86e429f80 0000000000000000
0x000000bc6f4fb360:   0000000000000002 000001c87153cbd0
0x000000bc6f4fb370:   0000000000000002 000001c869083530
0x000000bc6f4fb380:   0000000000000000 0000000000000000
0x000000bc6f4fb390:   000001c868f253d0 000001c84b492010
0x000000bc6f4fb3a0:   000000000000004c 00007ff81a094c08
0x000000bc6f4fb3b0:   000000bc6f4fb4c0 00007ff81996ba8b
0x000000bc6f4fb3c0:   000000bc6f4fe540 00007ff81a094c08
0x000000bc6f4fb3d0:   000000bc6f4fe540 000000bc6f4fb4c0
0x000000bc6f4fb3e0:   000000bc00000000 000000bc6f4ff0a0
0x000000bc6f4fb3f0:   000000bc0000000f 000000bc6f4fe540
0x000000bc6f4fb400:   000000bc6f4fb570 00007ff800000000
0x000000bc6f4fb410:   000001c800000100 00007ff81a094c08 

Instructions: (pc=0x00007ff819a0e0a9)
0x00007ff819a0dfa9:   3b d0 75 0b ff c1 41 3b c9 7c dc 48 8b c2 c3 33
0x00007ff819a0dfb9:   c0 c3 cc cc cc cc cc 48 89 5c 24 18 55 56 57 41
0x00007ff819a0dfc9:   55 41 57 48 8b ec 48 83 ec 70 65 48 8b 04 25 58
0x00007ff819a0dfd9:   00 00 00 48 8b f2 44 8b 05 d2 8b 90 00 4c 8b f9
0x00007ff819a0dfe9:   4a 8b 1c c0 b8 50 00 00 00 80 3c 18 00 75 05 e8
0x00007ff819a0dff9:   8b 6f 5d 00 b8 20 00 00 00 48 8b 04 18 48 8b 98
0x00007ff819a0e009:   38 02 00 00 48 89 5d b0 c7 45 b8 04 00 00 00 48
0x00007ff819a0e019:   8b 43 18 48 83 f8 df 76 18 4c 8d 05 37 a9 65 00
0x00007ff819a0e029:   ba 20 00 00 00 48 8b cb e8 5a eb de ff 48 8b 43
0x00007ff819a0e039:   18 48 8d 48 20 48 3b 4b 20 76 11 45 33 c0 48 8b
0x00007ff819a0e049:   cb 41 8d 50 20 e8 fd e8 de ff eb 04 48 89 4b 18
0x00007ff819a0e059:   44 8b 45 b8 33 d2 49 c1 e0 03 48 8b c8 48 89 45
0x00007ff819a0e069:   c0 e8 e3 80 5d 00 45 33 ed 48 8d 4d d0 44 89 6d
0x00007ff819a0e079:   c8 e8 01 59 56 00 41 8b 9f 40 02 00 00 41 2b 9f
0x00007ff819a0e089:   68 02 00 00 44 89 6d f0 3b 5d b8 72 0b 8b d3 48
0x00007ff819a0e099:   8d 4d b0 e8 6f b3 39 00 48 8b 45 c0 4c 89 2c d8
0x00007ff819a0e0a9:   8b 7e 28 8b df c1 eb 05 3b 5d d0 72 0b 8b d3 48
0x00007ff819a0e0b9:   8d 4d d0 e8 1f 59 56 00 48 8b 45 d8 83 e7 1f 48
0x00007ff819a0e0c9:   8d 14 98 40 0f b6 cf 41 b8 01 00 00 00 41 d3 e0
0x00007ff819a0e0d9:   8b 0a 8b c1 41 0b c0 89 02 41 85 c8 75 21 8b 5d
0x00007ff819a0e0e9:   c8 8d 43 01 89 45 c8 3b 5d b8 72 0b 8b d3 48 8d
0x00007ff819a0e0f9:   4d b0 e8 10 b3 39 00 48 8b 45 c0 48 89 34 d8 44
0x00007ff819a0e109:   39 6d c8 0f 86 77 01 00 00 4c 89 a4 24 a0 00 00
0x00007ff819a0e119:   00 4c 89 b4 24 a8 00 00 00 48 8b 45 c0 41 8b cd
0x00007ff819a0e129:   48 8b 34 c8 8b 46 2c 25 ff 1f 00 00 3d 04 10 00
0x00007ff819a0e139:   00 0f 85 a7 00 00 00 bb 01 00 00 00 39 5e 18 76
0x00007ff819a0e149:   39 66 0f 1f 44 00 00 48 8b 46 08 8b cb 48 8b 14
0x00007ff819a0e159:   c8 48 85 d2 74 1d 48 83 7a 10 00 74 16 80 7a 2c
0x00007ff819a0e169:   84 74 10 e8 7f 7e ee ff 48 8b d0 49 8b cf e8 a4
0x00007ff819a0e179:   61 f6 ff ff c3 3b 5e 18 72 cd 48 8b 5e 10 8b 46
0x00007ff819a0e189:   20 4c 8d 34 c3 49 3b de 73 54 48 8b 3b 8b 47 2c
0x00007ff819a0e199:   83 e0 03 3c 03 75 2e 48 8b 07 48 8b cf ff 90 88 


Stack slot to memory mapping:
stack at sp + 0 slots: 0x00000000000017e0 is an unknown value
stack at sp + 1 slots: 0x0 is NULL
stack at sp + 2 slots: 0x000000bc6f4fe540 is pointing into the stack for thread: 0x000001c869086e90
stack at sp + 3 slots: 0x00007ff8199738d1 jvm.dll
stack at sp + 4 slots: 0x000001c869083530 points into unknown readable memory: 0x000001c800000006 | 06 00 00 00 c8 01 00 00
stack at sp + 5 slots: 0x00007ff800002000 is an unknown value
stack at sp + 6 slots: 0x000001c86e429f80 points into unknown readable memory: 0x0000000000000000 | 00 00 00 00 00 00 00 00
stack at sp + 7 slots: 0x0 is NULL


---------------  P R O C E S S  ---------------

Threads class SMR info:
_java_thread_list=0x000001c871f1b120, length=89, elements={
0x000001c84b47b7e0, 0x000001c86906f280, 0x000001c869070010, 0x000001c869084770,
0x000001c869085040, 0x000001c869085910, 0x000001c8690861e0, 0x000001c869086e90,
0x000001c869097540, 0x000001c86909e660, 0x000001c86905bb30, 0x000001c8693e54e0,
0x000001c86ee71560, 0x000001c869496650, 0x000001c86ef747f0, 0x000001c86e65e050,
0x000001c86f0c2580, 0x000001c86f0c2a90, 0x000001c86f0c39c0, 0x000001c86f0c2fa0,
0x000001c86f0c4e00, 0x000001c86f0c5310, 0x000001c86f0c2070, 0x000001c86f0c43e0,
0x000001c86f0c48f0, 0x000001c8706a45a0, 0x000001c8706a4ab0, 0x000001c8706a1810,
0x000001c8706a03d0, 0x000001c8706a4fc0, 0x000001c8706a0df0, 0x000001c8706a2c50,
0x000001c8706a6400, 0x000001c8706a3160, 0x000001c8706a59e0, 0x000001c8706a1300,
0x000001c8706a4090, 0x000001c8706a6e20, 0x000001c8706a2740, 0x000001c8706a3670,
0x000001c8706a08e0, 0x000001c871000100, 0x000001c8724389f0, 0x000001c8724370a0,
0x000001c872438f00, 0x000001c87243d0d0, 0x000001c87243c1a0, 0x000001c87243c6b0,
0x000001c872439410, 0x000001c872439920, 0x000001c87243ea20, 0x000001c87243ad60,
0x000001c872437fd0, 0x000001c87243bc90, 0x000001c87243cbc0, 0x000001c872439e30,
0x000001c8724384e0, 0x000001c87243e000, 0x000001c87243d5e0, 0x000001c87243b780,
0x000001c87243e510, 0x000001c87243a850, 0x000001c872437ac0, 0x000001c872cab230,
0x000001c872cac670, 0x000001c872ca7a80, 0x000001c872cac160, 0x000001c872cab740,
0x000001c872cad090, 0x000001c872cabc50, 0x000001c872ca7f90, 0x000001c872cacb80,
0x000001c872ca89b0, 0x000001c872cad5a0, 0x000001c872caad20, 0x000001c872cadab0,
0x000001c872ca7570, 0x000001c872caa300, 0x000001c872cadfc0, 0x000001c872cae4d0,
0x000001c872ca7060, 0x000001c872caa810, 0x000001c872ca8ec0, 0x000001c872ca93d0,
0x000001c872ca84a0, 0x000001c872ca98e0, 0x000001c872ca9df0, 0x000001c871f8c580,
0x000001c871f8ca90
}

Java Threads: ( => current thread )
  0x000001c84b47b7e0 JavaThread "main" [_thread_blocked, id=12712, stack(0x000000bc6e700000,0x000000bc6e800000)]
  0x000001c86906f280 JavaThread "Reference Handler" daemon [_thread_blocked, id=248, stack(0x000000bc6ee00000,0x000000bc6ef00000)]
  0x000001c869070010 JavaThread "Finalizer" daemon [_thread_blocked, id=13472, stack(0x000000bc6ef00000,0x000000bc6f000000)]
  0x000001c869084770 JavaThread "Signal Dispatcher" daemon [_thread_blocked, id=12044, stack(0x000000bc6f000000,0x000000bc6f100000)]
  0x000001c869085040 JavaThread "Attach Listener" daemon [_thread_blocked, id=7548, stack(0x000000bc6f100000,0x000000bc6f200000)]
  0x000001c869085910 JavaThread "Service Thread" daemon [_thread_blocked, id=6876, stack(0x000000bc6f200000,0x000000bc6f300000)]
  0x000001c8690861e0 JavaThread "Monitor Deflation Thread" daemon [_thread_blocked, id=7664, stack(0x000000bc6f300000,0x000000bc6f400000)]
=>0x000001c869086e90 JavaThread "C2 CompilerThread0" daemon [_thread_in_native, id=9476, stack(0x000000bc6f400000,0x000000bc6f500000)]
  0x000001c869097540 JavaThread "C1 CompilerThread0" daemon [_thread_blocked, id=11160, stack(0x000000bc6f500000,0x000000bc6f600000)]
  0x000001c86909e660 JavaThread "Sweeper thread" daemon [_thread_blocked, id=17760, stack(0x000000bc6f600000,0x000000bc6f700000)]
  0x000001c86905bb30 JavaThread "Common-Cleaner" daemon [_thread_blocked, id=10784, stack(0x000000bc6f700000,0x000000bc6f800000)]
  0x000001c8693e54e0 JavaThread "Notification Thread" daemon [_thread_blocked, id=6548, stack(0x000000bc6f800000,0x000000bc6f900000)]
  0x000001c86ee71560 JavaThread "Daemon health stats" [_thread_blocked, id=2984, stack(0x000000bc6fe00000,0x000000bc6ff00000)]
  0x000001c869496650 JavaThread "Incoming local TCP Connector on port 64398" [_thread_in_native, id=1144, stack(0x000000bc6ff00000,0x000000bc70000000)]
  0x000001c86ef747f0 JavaThread "Daemon periodic checks" [_thread_blocked, id=10552, stack(0x000000bc70000000,0x000000bc70100000)]
  0x000001c86e65e050 JavaThread "Daemon" [_thread_blocked, id=10340, stack(0x000000bc70100000,0x000000bc70200000)]
  0x000001c86f0c2580 JavaThread "Handler for socket connection from /127.0.0.1:64398 to /127.0.0.1:64399" [_thread_in_native, id=17784, stack(0x000000bc70200000,0x000000bc70300000)]
  0x000001c86f0c2a90 JavaThread "Cancel handler" [_thread_blocked, id=11140, stack(0x000000bc70300000,0x000000bc70400000)]
  0x000001c86f0c39c0 JavaThread "Daemon worker" [_thread_in_native, id=13180, stack(0x000000bc70400000,0x000000bc70500000)]
  0x000001c86f0c2fa0 JavaThread "Asynchronous log dispatcher for DefaultDaemonConnection: socket connection from /127.0.0.1:64398 to /127.0.0.1:64399" [_thread_blocked, id=14528, stack(0x000000bc70500000,0x000000bc70600000)]
  0x000001c86f0c4e00 JavaThread "Stdin handler" [_thread_blocked, id=1748, stack(0x000000bc70600000,0x000000bc70700000)]
  0x000001c86f0c5310 JavaThread "Daemon client event forwarder" [_thread_blocked, id=2732, stack(0x000000bc70700000,0x000000bc70800000)]
  0x000001c86f0c2070 JavaThread "Cache worker for journal cache (C:\Users\Administrator\.gradle\caches\journal-1)" [_thread_blocked, id=13964, stack(0x000000bc70800000,0x000000bc70900000)]
  0x000001c86f0c43e0 JavaThread "File lock request listener" [_thread_in_native, id=2828, stack(0x000000bc70900000,0x000000bc70a00000)]
  0x000001c86f0c48f0 JavaThread "Cache worker for file hash cache (C:\Users\Administrator\.gradle\caches\8.10.2\fileHashes)" [_thread_blocked, id=2496, stack(0x000000bc70a00000,0x000000bc70b00000)]
  0x000001c8706a45a0 JavaThread "Cache worker for file hash cache (D:\Tahafuz_App\android\.gradle\8.10.2\fileHashes)" [_thread_blocked, id=12648, stack(0x000000bc70b00000,0x000000bc70c00000)]
  0x000001c8706a4ab0 JavaThread "Cache worker for Build Output Cleanup Cache (D:\Tahafuz_App\android\.gradle\buildOutputCleanup)" [_thread_blocked, id=9108, stack(0x000000bc70c00000,0x000000bc70d00000)]
  0x000001c8706a1810 JavaThread "File watcher server" daemon [_thread_in_native, id=8088, stack(0x000000bc70d00000,0x000000bc70e00000)]
  0x000001c8706a03d0 JavaThread "File watcher consumer" daemon [_thread_blocked, id=3964, stack(0x000000bc70e00000,0x000000bc70f00000)]
  0x000001c8706a4fc0 JavaThread "Cache worker for checksums cache (D:\Tahafuz_App\android\.gradle\8.10.2\checksums)" [_thread_blocked, id=14024, stack(0x000000bc6fd00000,0x000000bc6fe00000)]
  0x000001c8706a0df0 JavaThread "Cache worker for file content cache (C:\Users\Administrator\.gradle\caches\8.10.2\fileContent)" [_thread_blocked, id=9464, stack(0x000000bc70f00000,0x000000bc71000000)]
  0x000001c8706a2c50 JavaThread "Cache worker for cache directory md-rule (C:\Users\Administrator\.gradle\caches\8.10.2\md-rule)" [_thread_blocked, id=9536, stack(0x000000bc71100000,0x000000bc71200000)]
  0x000001c8706a6400 JavaThread "Cache worker for cache directory md-supplier (C:\Users\Administrator\.gradle\caches\8.10.2\md-supplier)" [_thread_blocked, id=15480, stack(0x000000bc71200000,0x000000bc71300000)]
  0x000001c8706a3160 JavaThread "jar transforms" [_thread_blocked, id=11012, stack(0x000000bc71400000,0x000000bc71500000)]
  0x000001c8706a59e0 JavaThread "Cache worker for Build Output Cleanup Cache (D:\Tahafuz_App\node_modules\@react-native\gradle-plugin\.gradle\buildOutputCleanup)" [_thread_blocked, id=2428, stack(0x000000bc71500000,0x000000bc71600000)]
  0x000001c8706a1300 JavaThread "Unconstrained build operations" [_thread_blocked, id=15820, stack(0x000000bc71700000,0x000000bc71800000)]
  0x000001c8706a4090 JavaThread "Unconstrained build operations Thread 2" [_thread_blocked, id=10112, stack(0x000000bc71800000,0x000000bc71900000)]
  0x000001c8706a6e20 JavaThread "Unconstrained build operations Thread 3" [_thread_blocked, id=10836, stack(0x000000bc71900000,0x000000bc71a00000)]
  0x000001c8706a2740 JavaThread "Unconstrained build operations Thread 4" [_thread_blocked, id=16252, stack(0x000000bc71a00000,0x000000bc71b00000)]
  0x000001c8706a3670 JavaThread "Unconstrained build operations Thread 5" [_thread_blocked, id=9736, stack(0x000000bc71b00000,0x000000bc71c00000)]
  0x000001c8706a08e0 JavaThread "Unconstrained build operations Thread 6" [_thread_blocked, id=16460, stack(0x000000bc71c00000,0x000000bc71d00000)]
  0x000001c871000100 JavaThread "C2 CompilerThread1" daemon [_thread_in_native, id=2252, stack(0x000000bc71000000,0x000000bc71100000)]
  0x000001c8724389f0 JavaThread "Unconstrained build operations Thread 7" [_thread_blocked, id=7084, stack(0x000000bc71d00000,0x000000bc71e00000)]
  0x000001c8724370a0 JavaThread "Unconstrained build operations Thread 8" [_thread_blocked, id=1168, stack(0x000000bc71e00000,0x000000bc71f00000)]
  0x000001c872438f00 JavaThread "Unconstrained build operations Thread 9" [_thread_blocked, id=6360, stack(0x000000bc71f00000,0x000000bc72000000)]
  0x000001c87243d0d0 JavaThread "Unconstrained build operations Thread 10" [_thread_blocked, id=17240, stack(0x000000bc72000000,0x000000bc72100000)]
  0x000001c87243c1a0 JavaThread "Unconstrained build operations Thread 11" [_thread_blocked, id=2124, stack(0x000000bc72100000,0x000000bc72200000)]
  0x000001c87243c6b0 JavaThread "Unconstrained build operations Thread 12" [_thread_blocked, id=7836, stack(0x000000bc72200000,0x000000bc72300000)]
  0x000001c872439410 JavaThread "Unconstrained build operations Thread 13" [_thread_blocked, id=16820, stack(0x000000bc72300000,0x000000bc72400000)]
  0x000001c872439920 JavaThread "Unconstrained build operations Thread 14" [_thread_blocked, id=4120, stack(0x000000bc72400000,0x000000bc72500000)]
  0x000001c87243ea20 JavaThread "Unconstrained build operations Thread 15" [_thread_blocked, id=16212, stack(0x000000bc72500000,0x000000bc72600000)]
  0x000001c87243ad60 JavaThread "Memory manager" [_thread_blocked, id=7992, stack(0x000000bc72600000,0x000000bc72700000)]
  0x000001c872437fd0 JavaThread "build event listener" [_thread_blocked, id=5764, stack(0x000000bc72700000,0x000000bc72800000)]
  0x000001c87243bc90 JavaThread "ForkJoinPool.commonPool-worker-1" daemon [_thread_blocked, id=14932, stack(0x000000bc72800000,0x000000bc72900000)]
  0x000001c87243cbc0 JavaThread "ForkJoinPool.commonPool-worker-2" daemon [_thread_blocked, id=8260, stack(0x000000bc72900000,0x000000bc72a00000)]
  0x000001c872439e30 JavaThread "ForkJoinPool.commonPool-worker-3" daemon [_thread_blocked, id=5744, stack(0x000000bc72a00000,0x000000bc72b00000)]
  0x000001c8724384e0 JavaThread "included builds" [_thread_blocked, id=9780, stack(0x000000bc72b00000,0x000000bc72c00000)]
  0x000001c87243e000 JavaThread "Execution worker" [_thread_blocked, id=7396, stack(0x000000bc72c00000,0x000000bc72d00000)]
  0x000001c87243d5e0 JavaThread "Execution worker Thread 2" [_thread_blocked, id=16136, stack(0x000000bc72d00000,0x000000bc72e00000)]
  0x000001c87243b780 JavaThread "Execution worker Thread 3" [_thread_blocked, id=14356, stack(0x000000bc72e00000,0x000000bc72f00000)]
  0x000001c87243e510 JavaThread "Cache worker for execution history cache (D:\Tahafuz_App\node_modules\@react-native\gradle-plugin\.gradle\8.10.2\executionHistory)" [_thread_blocked, id=14068, stack(0x000000bc72f00000,0x000000bc73000000)]
  0x000001c87243a850 JavaThread "Unconstrained build operations Thread 16" [_thread_blocked, id=16036, stack(0x000000bc73000000,0x000000bc73100000)]
  0x000001c872437ac0 JavaThread "Unconstrained build operations Thread 17" [_thread_blocked, id=12400, stack(0x000000bc73100000,0x000000bc73200000)]
  0x000001c872cab230 JavaThread "Unconstrained build operations Thread 18" [_thread_blocked, id=9080, stack(0x000000bc73200000,0x000000bc73300000)]
  0x000001c872cac670 JavaThread "Unconstrained build operations Thread 19" [_thread_blocked, id=5560, stack(0x000000bc73300000,0x000000bc73400000)]
  0x000001c872ca7a80 JavaThread "Unconstrained build operations Thread 20" [_thread_blocked, id=2012, stack(0x000000bc73400000,0x000000bc73500000)]
  0x000001c872cac160 JavaThread "Unconstrained build operations Thread 21" [_thread_blocked, id=11176, stack(0x000000bc73500000,0x000000bc73600000)]
  0x000001c872cab740 JavaThread "Unconstrained build operations Thread 22" [_thread_blocked, id=12172, stack(0x000000bc73600000,0x000000bc73700000)]
  0x000001c872cad090 JavaThread "Unconstrained build operations Thread 23" [_thread_blocked, id=4372, stack(0x000000bc73700000,0x000000bc73800000)]
  0x000001c872cabc50 JavaThread "Unconstrained build operations Thread 24" [_thread_blocked, id=4588, stack(0x000000bc73800000,0x000000bc73900000)]
  0x000001c872ca7f90 JavaThread "Unconstrained build operations Thread 25" [_thread_blocked, id=11676, stack(0x000000bc73900000,0x000000bc73a00000)]
  0x000001c872cacb80 JavaThread "Unconstrained build operations Thread 26" [_thread_blocked, id=1304, stack(0x000000bc73a00000,0x000000bc73b00000)]
  0x000001c872ca89b0 JavaThread "Unconstrained build operations Thread 27" [_thread_blocked, id=15236, stack(0x000000bc73b00000,0x000000bc73c00000)]
  0x000001c872cad5a0 JavaThread "Unconstrained build operations Thread 28" [_thread_blocked, id=4200, stack(0x000000bc73c00000,0x000000bc73d00000)]
  0x000001c872caad20 JavaThread "Unconstrained build operations Thread 29" [_thread_blocked, id=16900, stack(0x000000bc73d00000,0x000000bc73e00000)]
  0x000001c872cadab0 JavaThread "Unconstrained build operations Thread 30" [_thread_blocked, id=3936, stack(0x000000bc73e00000,0x000000bc73f00000)]
  0x000001c872ca7570 JavaThread "Unconstrained build operations Thread 31" [_thread_blocked, id=10544, stack(0x000000bc73f00000,0x000000bc74000000)]
  0x000001c872caa300 JavaThread "Unconstrained build operations Thread 32" [_thread_blocked, id=2416, stack(0x000000bc74000000,0x000000bc74100000)]
  0x000001c872cadfc0 JavaThread "Unconstrained build operations Thread 33" [_thread_blocked, id=2760, stack(0x000000bc74100000,0x000000bc74200000)]
  0x000001c872cae4d0 JavaThread "Unconstrained build operations Thread 34" [_thread_blocked, id=6104, stack(0x000000bc74200000,0x000000bc74300000)]
  0x000001c872ca7060 JavaThread "Unconstrained build operations Thread 35" [_thread_blocked, id=15944, stack(0x000000bc74300000,0x000000bc74400000)]
  0x000001c872caa810 JavaThread "Unconstrained build operations Thread 36" [_thread_blocked, id=15572, stack(0x000000bc74400000,0x000000bc74500000)]
  0x000001c872ca8ec0 JavaThread "jar transforms Thread 2" [_thread_blocked, id=16596, stack(0x000000bc74500000,0x000000bc74600000)]
  0x000001c872ca93d0 JavaThread "jar transforms Thread 3" [_thread_blocked, id=11988, stack(0x000000bc74600000,0x000000bc74700000)]
  0x000001c872ca84a0 JavaThread "Unconstrained build operations Thread 37" [_thread_blocked, id=10476, stack(0x000000bc74700000,0x000000bc74800000)]
  0x000001c872ca98e0 JavaThread "Unconstrained build operations Thread 38" [_thread_blocked, id=1160, stack(0x000000bc74800000,0x000000bc74900000)]
  0x000001c872ca9df0 JavaThread "Unconstrained build operations Thread 39" [_thread_blocked, id=14628, stack(0x000000bc74900000,0x000000bc74a00000)]
  0x000001c871f8c580 JavaThread "Unconstrained build operations Thread 40" [_thread_blocked, id=17724, stack(0x000000bc74a00000,0x000000bc74b00000)]
  0x000001c871f8ca90 JavaThread "jar transforms Thread 4" [_thread_blocked, id=17892, stack(0x000000bc74b00000,0x000000bc74c00000)]

Other Threads:
  0x000001c86906a750 VMThread "VM Thread" [stack: 0x000000bc6ed00000,0x000000bc6ee00000] [id=17900]
  0x000001c84b4f29e0 WatcherThread [stack: 0x000000bc6f900000,0x000000bc6fa00000] [id=8764]
  0x000001c84941e830 GCTaskThread "GC Thread#0" [stack: 0x000000bc6e800000,0x000000bc6e900000] [id=7868]
  0x000001c86963e8e0 GCTaskThread "GC Thread#1" [stack: 0x000000bc6fa00000,0x000000bc6fb00000] [id=3960]
  0x000001c86963eba0 GCTaskThread "GC Thread#2" [stack: 0x000000bc6fb00000,0x000000bc6fc00000] [id=1044]
  0x000001c86963ee60 GCTaskThread "GC Thread#3" [stack: 0x000000bc6fc00000,0x000000bc6fd00000] [id=1180]
  0x000001c84b4e1e30 ConcurrentGCThread "G1 Main Marker" [stack: 0x000000bc6e900000,0x000000bc6ea00000] [id=17580]
  0x000001c84b4e2ef0 ConcurrentGCThread "G1 Conc#0" [stack: 0x000000bc6ea00000,0x000000bc6eb00000] [id=11488]
  0x000001c84b52d490 ConcurrentGCThread "G1 Refine#0" [stack: 0x000000bc6eb00000,0x000000bc6ec00000] [id=10084]
  0x000001c870d50950 ConcurrentGCThread "G1 Refine#1" [stack: 0x000000bc71300000,0x000000bc71400000] [id=7356]
  0x000001c84b52ddd0 ConcurrentGCThread "G1 Service" [stack: 0x000000bc6ec00000,0x000000bc6ed00000] [id=9260]

Threads with active compile tasks:
C2 CompilerThread0    16892 11310       4       org.gradle.cache.internal.ExclusiveCacheAccessingWorker$$Lambda$546/0x000001c80149b600::call (10 bytes)
C2 CompilerThread1    16892 11327   !   4       java.util.zip.ZipFile::getInputStream (275 bytes)

VM state: not at safepoint (normal execution)

VM Mutex/Monitor currently owned by a thread: None

Heap address: 0x0000000080000000, size: 2048 MB, Compressed Oops mode: 32-bit

CDS archive(s) mapped at: [0x000001c800000000-0x000001c800bd0000-0x000001c800bd0000), size 12386304, SharedBaseAddress: 0x000001c800000000, ArchiveRelocationMode: 1.
Compressed class space mapped at: 0x000001c801000000-0x000001c81b000000, reserved size: 436207616
Narrow klass base: 0x000001c800000000, Narrow klass shift: 0, Narrow klass range: 0x100000000

GC Precious Log:
 CPUs: 4 total, 4 available
 Memory: 16336M
 Large Page Support: Disabled
 NUMA Support: Disabled
 Compressed Oops: Enabled (32-bit)
 Heap Region Size: 1M
 Heap Min Capacity: 8M
 Heap Initial Capacity: 256M
 Heap Max Capacity: 2G
 Pre-touch: Disabled
 Parallel Workers: 4
 Concurrent Workers: 1
 Concurrent Refinement Workers: 4
 Periodic GC: Disabled

Heap:
 garbage-first heap   total 180224K, used 118736K [0x0000000080000000, 0x0000000100000000)
  region size 1024K, 32 young (32768K), 5 survivors (5120K)
 Metaspace       used 77866K, committed 78784K, reserved 557056K
  class space    used 10878K, committed 11328K, reserved 425984K

Heap Regions: E=young(eden), S=young(survivor), O=old, HS=humongous(starts), HC=humongous(continues), CS=collection set, F=free, OA=open archive, CA=closed archive, TAMS=top-at-mark-start (previous, next)
|   0|0x0000000080000000, 0x0000000080100000, 0x0000000080100000|100%|HS|  |TAMS 0x0000000080100000, 0x0000000080000000| Complete 
|   1|0x0000000080100000, 0x0000000080200000, 0x0000000080200000|100%|HC|  |TAMS 0x0000000080200000, 0x0000000080100000| Complete 
|   2|0x0000000080200000, 0x0000000080300000, 0x0000000080300000|100%|HC|  |TAMS 0x0000000080300000, 0x0000000080200000| Complete 
|   3|0x0000000080300000, 0x0000000080400000, 0x0000000080400000|100%|HC|  |TAMS 0x0000000080400000, 0x0000000080300000| Complete 
|   4|0x0000000080400000, 0x0000000080500000, 0x0000000080500000|100%| O|  |TAMS 0x0000000080500000, 0x0000000080400000| Untracked 
|   5|0x0000000080500000, 0x0000000080600000, 0x0000000080600000|100%| O|  |TAMS 0x0000000080600000, 0x0000000080500000| Untracked 
|   6|0x0000000080600000, 0x0000000080700000, 0x0000000080700000|100%| O|  |TAMS 0x0000000080700000, 0x0000000080600000| Untracked 
|   7|0x0000000080700000, 0x0000000080800000, 0x0000000080800000|100%| O|  |TAMS 0x0000000080800000, 0x0000000080700000| Untracked 
|   8|0x0000000080800000, 0x0000000080900000, 0x0000000080900000|100%|HS|  |TAMS 0x0000000080900000, 0x0000000080800000| Complete 
|   9|0x0000000080900000, 0x0000000080a00000, 0x0000000080a00000|100%| O|  |TAMS 0x0000000080a00000, 0x0000000080900000| Untracked 
|  10|0x0000000080a00000, 0x0000000080b00000, 0x0000000080b00000|100%| O|  |TAMS 0x0000000080b00000, 0x0000000080a00000| Untracked 
|  11|0x0000000080b00000, 0x0000000080c00000, 0x0000000080c00000|100%| O|  |TAMS 0x0000000080c00000, 0x0000000080b00000| Untracked 
|  12|0x0000000080c00000, 0x0000000080d00000, 0x0000000080d00000|100%| O|  |TAMS 0x0000000080d00000, 0x0000000080c00000| Untracked 
|  13|0x0000000080d00000, 0x0000000080e00000, 0x0000000080e00000|100%| O|  |TAMS 0x0000000080e00000, 0x0000000080d00000| Untracked 
|  14|0x0000000080e00000, 0x0000000080f00000, 0x0000000080f00000|100%| O|  |TAMS 0x0000000080f00000, 0x0000000080e00000| Untracked 
|  15|0x0000000080f00000, 0x0000000081000000, 0x0000000081000000|100%| O|  |TAMS 0x0000000081000000, 0x0000000080f00000| Untracked 
|  16|0x0000000081000000, 0x0000000081100000, 0x0000000081100000|100%| O|  |TAMS 0x0000000081100000, 0x0000000081000000| Untracked 
|  17|0x0000000081100000, 0x0000000081200000, 0x0000000081200000|100%| O|  |TAMS 0x0000000081200000, 0x0000000081100000| Untracked 
|  18|0x0000000081200000, 0x0000000081300000, 0x0000000081300000|100%| O|  |TAMS 0x0000000081300000, 0x0000000081200000| Untracked 
|  19|0x0000000081300000, 0x0000000081400000, 0x0000000081400000|100%| O|  |TAMS 0x0000000081400000, 0x0000000081300000| Untracked 
|  20|0x0000000081400000, 0x0000000081500000, 0x0000000081500000|100%| O|  |TAMS 0x0000000081500000, 0x0000000081400000| Untracked 
|  21|0x0000000081500000, 0x0000000081600000, 0x0000000081600000|100%| O|  |TAMS 0x0000000081600000, 0x0000000081500000| Untracked 
|  22|0x0000000081600000, 0x0000000081700000, 0x0000000081700000|100%| O|  |TAMS 0x0000000081700000, 0x0000000081600000| Untracked 
|  23|0x0000000081700000, 0x0000000081800000, 0x0000000081800000|100%| O|  |TAMS 0x0000000081800000, 0x0000000081700000| Untracked 
|  24|0x0000000081800000, 0x0000000081900000, 0x0000000081900000|100%| O|  |TAMS 0x0000000081900000, 0x0000000081800000| Untracked 
|  25|0x0000000081900000, 0x0000000081a00000, 0x0000000081a00000|100%| O|  |TAMS 0x0000000081a00000, 0x0000000081900000| Untracked 
|  26|0x0000000081a00000, 0x0000000081b00000, 0x0000000081b00000|100%| O|  |TAMS 0x0000000081b00000, 0x0000000081a00000| Untracked 
|  27|0x0000000081b00000, 0x0000000081c00000, 0x0000000081c00000|100%| O|  |TAMS 0x0000000081c00000, 0x0000000081b00000| Untracked 
|  28|0x0000000081c00000, 0x0000000081d00000, 0x0000000081d00000|100%| O|  |TAMS 0x0000000081d00000, 0x0000000081c00000| Untracked 
|  29|0x0000000081d00000, 0x0000000081e00000, 0x0000000081e00000|100%| O|  |TAMS 0x0000000081e00000, 0x0000000081d00000| Untracked 
|  30|0x0000000081e00000, 0x0000000081f00000, 0x0000000081f00000|100%| O|  |TAMS 0x0000000081f00000, 0x0000000081e00000| Untracked 
|  31|0x0000000081f00000, 0x0000000082000000, 0x0000000082000000|100%| O|  |TAMS 0x0000000082000000, 0x0000000081f00000| Untracked 
|  32|0x0000000082000000, 0x0000000082100000, 0x0000000082100000|100%| O|  |TAMS 0x0000000082100000, 0x0000000082000000| Untracked 
|  33|0x0000000082100000, 0x0000000082200000, 0x0000000082200000|100%| O|  |TAMS 0x0000000082200000, 0x0000000082100000| Untracked 
|  34|0x0000000082200000, 0x0000000082300000, 0x0000000082300000|100%| O|  |TAMS 0x0000000082300000, 0x0000000082200000| Untracked 
|  35|0x0000000082300000, 0x0000000082400000, 0x0000000082400000|100%| O|  |TAMS 0x0000000082400000, 0x0000000082300000| Untracked 
|  36|0x0000000082400000, 0x0000000082500000, 0x0000000082500000|100%| O|  |TAMS 0x0000000082500000, 0x0000000082400000| Untracked 
|  37|0x0000000082500000, 0x0000000082600000, 0x0000000082600000|100%| O|  |TAMS 0x0000000082600000, 0x0000000082500000| Untracked 
|  38|0x0000000082600000, 0x0000000082700000, 0x0000000082700000|100%| O|  |TAMS 0x0000000082700000, 0x0000000082600000| Untracked 
|  39|0x0000000082700000, 0x0000000082800000, 0x0000000082800000|100%| O|  |TAMS 0x0000000082800000, 0x0000000082700000| Untracked 
|  40|0x0000000082800000, 0x0000000082900000, 0x0000000082900000|100%|HS|  |TAMS 0x0000000082900000, 0x0000000082800000| Complete 
|  41|0x0000000082900000, 0x0000000082a00000, 0x0000000082a00000|100%|HC|  |TAMS 0x0000000082a00000, 0x0000000082900000| Complete 
|  42|0x0000000082a00000, 0x0000000082b00000, 0x0000000082b00000|100%|HS|  |TAMS 0x0000000082b00000, 0x0000000082a00000| Complete 
|  43|0x0000000082b00000, 0x0000000082c00000, 0x0000000082c00000|100%|HC|  |TAMS 0x0000000082c00000, 0x0000000082b00000| Complete 
|  44|0x0000000082c00000, 0x0000000082d00000, 0x0000000082d00000|100%|HS|  |TAMS 0x0000000082d00000, 0x0000000082c00000| Complete 
|  45|0x0000000082d00000, 0x0000000082e00000, 0x0000000082e00000|100%|HC|  |TAMS 0x0000000082e00000, 0x0000000082d00000| Complete 
|  46|0x0000000082e00000, 0x0000000082f00000, 0x0000000082f00000|100%|HC|  |TAMS 0x0000000082f00000, 0x0000000082e00000| Complete 
|  47|0x0000000082f00000, 0x0000000083000000, 0x0000000083000000|100%|HC|  |TAMS 0x0000000083000000, 0x0000000082f00000| Complete 
|  48|0x0000000083000000, 0x0000000083100000, 0x0000000083100000|100%|HS|  |TAMS 0x0000000083100000, 0x0000000083000000| Complete 
|  49|0x0000000083100000, 0x0000000083200000, 0x0000000083200000|100%|HC|  |TAMS 0x0000000083200000, 0x0000000083100000| Complete 
|  50|0x0000000083200000, 0x0000000083300000, 0x0000000083300000|100%|HC|  |TAMS 0x0000000083300000, 0x0000000083200000| Complete 
|  51|0x0000000083300000, 0x0000000083400000, 0x0000000083400000|100%|HC|  |TAMS 0x0000000083400000, 0x0000000083300000| Complete 
|  52|0x0000000083400000, 0x0000000083500000, 0x0000000083500000|100%| O|  |TAMS 0x0000000083500000, 0x0000000083400000| Untracked 
|  53|0x0000000083500000, 0x0000000083600000, 0x0000000083600000|100%| O|  |TAMS 0x0000000083600000, 0x0000000083500000| Untracked 
|  54|0x0000000083600000, 0x0000000083700000, 0x0000000083700000|100%| O|  |TAMS 0x0000000083700000, 0x0000000083600000| Untracked 
|  55|0x0000000083700000, 0x0000000083800000, 0x0000000083800000|100%| O|  |TAMS 0x0000000083800000, 0x0000000083700000| Untracked 
|  56|0x0000000083800000, 0x0000000083900000, 0x0000000083900000|100%| O|  |TAMS 0x0000000083900000, 0x0000000083800000| Untracked 
|  57|0x0000000083900000, 0x0000000083a00000, 0x0000000083a00000|100%| O|  |TAMS 0x0000000083a00000, 0x0000000083900000| Complete 
|  58|0x0000000083a00000, 0x0000000083b00000, 0x0000000083b00000|100%| O|  |TAMS 0x0000000083b00000, 0x0000000083a00000| Untracked 
|  59|0x0000000083b00000, 0x0000000083c00000, 0x0000000083c00000|100%| O|  |TAMS 0x0000000083c00000, 0x0000000083b00000| Untracked 
|  60|0x0000000083c00000, 0x0000000083d00000, 0x0000000083d00000|100%| O|  |TAMS 0x0000000083d00000, 0x0000000083c00000| Untracked 
|  61|0x0000000083d00000, 0x0000000083e00000, 0x0000000083e00000|100%| O|  |TAMS 0x0000000083e00000, 0x0000000083d00000| Untracked 
|  62|0x0000000083e00000, 0x0000000083f00000, 0x0000000083f00000|100%| O|  |TAMS 0x0000000083f00000, 0x0000000083e00000| Untracked 
|  63|0x0000000083f00000, 0x0000000084000000, 0x0000000084000000|100%| O|  |TAMS 0x0000000084000000, 0x0000000083f00000| Untracked 
|  64|0x0000000084000000, 0x0000000084100000, 0x0000000084100000|100%| O|  |TAMS 0x0000000084100000, 0x0000000084000000| Untracked 
|  65|0x0000000084100000, 0x0000000084200000, 0x0000000084200000|100%| O|  |TAMS 0x0000000084200000, 0x0000000084100000| Untracked 
|  66|0x0000000084200000, 0x0000000084300000, 0x0000000084300000|100%| O|  |TAMS 0x0000000084300000, 0x0000000084200000| Untracked 
|  67|0x0000000084300000, 0x0000000084400000, 0x0000000084400000|100%| O|  |TAMS 0x0000000084400000, 0x0000000084300000| Untracked 
|  68|0x0000000084400000, 0x0000000084500000, 0x0000000084500000|100%| O|  |TAMS 0x0000000084500000, 0x0000000084400000| Untracked 
|  69|0x0000000084500000, 0x0000000084600000, 0x0000000084600000|100%| O|  |TAMS 0x0000000084600000, 0x0000000084500000| Untracked 
|  70|0x0000000084600000, 0x0000000084700000, 0x0000000084700000|100%| O|  |TAMS 0x0000000084700000, 0x0000000084600000| Untracked 
|  71|0x0000000084700000, 0x0000000084800000, 0x0000000084800000|100%| O|  |TAMS 0x0000000084800000, 0x0000000084700000| Untracked 
|  72|0x0000000084800000, 0x0000000084900000, 0x0000000084900000|100%| O|  |TAMS 0x0000000084900000, 0x0000000084800000| Untracked 
|  73|0x0000000084900000, 0x0000000084a00000, 0x0000000084a00000|100%| O|  |TAMS 0x0000000084a00000, 0x0000000084900000| Untracked 
|  74|0x0000000084a00000, 0x0000000084b00000, 0x0000000084b00000|100%| O|  |TAMS 0x0000000084b00000, 0x0000000084a00000| Untracked 
|  75|0x0000000084b00000, 0x0000000084c00000, 0x0000000084c00000|100%| O|  |TAMS 0x0000000084c00000, 0x0000000084b00000| Untracked 
|  76|0x0000000084c00000, 0x0000000084d00000, 0x0000000084d00000|100%| O|  |TAMS 0x0000000084d00000, 0x0000000084c00000| Untracked 
|  77|0x0000000084d00000, 0x0000000084e00000, 0x0000000084e00000|100%| O|  |TAMS 0x0000000084e00000, 0x0000000084d00000| Untracked 
|  78|0x0000000084e00000, 0x0000000084f00000, 0x0000000084f00000|100%| O|  |TAMS 0x0000000084f00000, 0x0000000084e00000| Untracked 
|  79|0x0000000084f00000, 0x0000000085000000, 0x0000000085000000|100%| O|  |TAMS 0x0000000085000000, 0x0000000084f00000| Untracked 
|  80|0x0000000085000000, 0x0000000085100000, 0x0000000085100000|100%| O|  |TAMS 0x0000000085100000, 0x0000000085000000| Untracked 
|  81|0x0000000085100000, 0x0000000085200000, 0x0000000085200000|100%| O|  |TAMS 0x0000000085200000, 0x0000000085100000| Untracked 
|  82|0x0000000085200000, 0x0000000085300000, 0x0000000085300000|100%| O|  |TAMS 0x0000000085300000, 0x0000000085200000| Untracked 
|  83|0x0000000085300000, 0x000000008534ce00, 0x0000000085400000| 30%| O|  |TAMS 0x000000008534ce00, 0x0000000085300000| Untracked 
|  84|0x0000000085400000, 0x0000000085500000, 0x0000000085500000|100%|HS|  |TAMS 0x0000000085400000, 0x0000000085400000| Complete 
|  85|0x0000000085500000, 0x0000000085600000, 0x0000000085600000|100%|HS|  |TAMS 0x0000000085500000, 0x0000000085500000| Complete 
|  86|0x0000000085600000, 0x0000000085700000, 0x0000000085700000|100%|HS|  |TAMS 0x0000000085600000, 0x0000000085600000| Complete 
|  87|0x0000000085700000, 0x0000000085700000, 0x0000000085800000|  0%| F|  |TAMS 0x0000000085700000, 0x0000000085700000| Untracked 
|  88|0x0000000085800000, 0x0000000085800000, 0x0000000085900000|  0%| F|  |TAMS 0x0000000085800000, 0x0000000085800000| Untracked 
|  89|0x0000000085900000, 0x0000000085900000, 0x0000000085a00000|  0%| F|  |TAMS 0x0000000085900000, 0x0000000085900000| Untracked 
|  90|0x0000000085a00000, 0x0000000085a00000, 0x0000000085b00000|  0%| F|  |TAMS 0x0000000085a00000, 0x0000000085a00000| Untracked 
|  91|0x0000000085b00000, 0x0000000085b00000, 0x0000000085c00000|  0%| F|  |TAMS 0x0000000085b00000, 0x0000000085b00000| Untracked 
|  92|0x0000000085c00000, 0x0000000085c00000, 0x0000000085d00000|  0%| F|  |TAMS 0x0000000085c00000, 0x0000000085c00000| Untracked 
|  93|0x0000000085d00000, 0x0000000085d00000, 0x0000000085e00000|  0%| F|  |TAMS 0x0000000085d00000, 0x0000000085d00000| Untracked 
|  94|0x0000000085e00000, 0x0000000085e00000, 0x0000000085f00000|  0%| F|  |TAMS 0x0000000085e00000, 0x0000000085e00000| Untracked 
|  95|0x0000000085f00000, 0x0000000085f00000, 0x0000000086000000|  0%| F|  |TAMS 0x0000000085f00000, 0x0000000085f00000| Untracked 
|  96|0x0000000086000000, 0x0000000086000000, 0x0000000086100000|  0%| F|  |TAMS 0x0000000086000000, 0x0000000086000000| Untracked 
|  97|0x0000000086100000, 0x0000000086100000, 0x0000000086200000|  0%| F|  |TAMS 0x0000000086100000, 0x0000000086100000| Untracked 
|  98|0x0000000086200000, 0x0000000086200000, 0x0000000086300000|  0%| F|  |TAMS 0x0000000086200000, 0x0000000086200000| Untracked 
|  99|0x0000000086300000, 0x0000000086300000, 0x0000000086400000|  0%| F|  |TAMS 0x0000000086300000, 0x0000000086300000| Untracked 
| 100|0x0000000086400000, 0x0000000086400000, 0x0000000086500000|  0%| F|  |TAMS 0x0000000086400000, 0x0000000086400000| Untracked 
| 101|0x0000000086500000, 0x0000000086500000, 0x0000000086600000|  0%| F|  |TAMS 0x0000000086500000, 0x0000000086500000| Untracked 
| 102|0x0000000086600000, 0x0000000086600000, 0x0000000086700000|  0%| F|  |TAMS 0x0000000086600000, 0x0000000086600000| Untracked 
| 103|0x0000000086700000, 0x0000000086700000, 0x0000000086800000|  0%| F|  |TAMS 0x0000000086700000, 0x0000000086700000| Untracked 
| 104|0x0000000086800000, 0x0000000086800000, 0x0000000086900000|  0%| F|  |TAMS 0x0000000086800000, 0x0000000086800000| Untracked 
| 105|0x0000000086900000, 0x0000000086900000, 0x0000000086a00000|  0%| F|  |TAMS 0x0000000086900000, 0x0000000086900000| Untracked 
| 106|0x0000000086a00000, 0x0000000086a00000, 0x0000000086b00000|  0%| F|  |TAMS 0x0000000086a00000, 0x0000000086a00000| Untracked 
| 107|0x0000000086b00000, 0x0000000086b00000, 0x0000000086c00000|  0%| F|  |TAMS 0x0000000086b00000, 0x0000000086b00000| Untracked 
| 108|0x0000000086c00000, 0x0000000086c00000, 0x0000000086d00000|  0%| F|  |TAMS 0x0000000086c00000, 0x0000000086c00000| Untracked 
| 109|0x0000000086d00000, 0x0000000086d00000, 0x0000000086e00000|  0%| F|  |TAMS 0x0000000086d00000, 0x0000000086d00000| Untracked 
| 110|0x0000000086e00000, 0x0000000086e00000, 0x0000000086f00000|  0%| F|  |TAMS 0x0000000086e00000, 0x0000000086e00000| Untracked 
| 111|0x0000000086f00000, 0x0000000086f00000, 0x0000000087000000|  0%| F|  |TAMS 0x0000000086f00000, 0x0000000086f00000| Untracked 
| 112|0x0000000087000000, 0x0000000087000000, 0x0000000087100000|  0%| F|  |TAMS 0x0000000087000000, 0x0000000087000000| Untracked 
| 113|0x0000000087100000, 0x00000000871a75f8, 0x0000000087200000| 65%| S|CS|TAMS 0x0000000087100000, 0x0000000087100000| Complete 
| 114|0x0000000087200000, 0x0000000087300000, 0x0000000087300000|100%| S|CS|TAMS 0x0000000087200000, 0x0000000087200000| Complete 
| 115|0x0000000087300000, 0x0000000087400000, 0x0000000087400000|100%| S|CS|TAMS 0x0000000087300000, 0x0000000087300000| Complete 
| 116|0x0000000087400000, 0x0000000087500000, 0x0000000087500000|100%| S|CS|TAMS 0x0000000087400000, 0x0000000087400000| Complete 
| 117|0x0000000087500000, 0x0000000087600000, 0x0000000087600000|100%| S|CS|TAMS 0x0000000087500000, 0x0000000087500000| Complete 
| 118|0x0000000087600000, 0x0000000087600000, 0x0000000087700000|  0%| F|  |TAMS 0x0000000087600000, 0x0000000087600000| Untracked 
| 119|0x0000000087700000, 0x0000000087700000, 0x0000000087800000|  0%| F|  |TAMS 0x0000000087700000, 0x0000000087700000| Untracked 
| 120|0x0000000087800000, 0x0000000087800000, 0x0000000087900000|  0%| F|  |TAMS 0x0000000087800000, 0x0000000087800000| Untracked 
| 121|0x0000000087900000, 0x0000000087900000, 0x0000000087a00000|  0%| F|  |TAMS 0x0000000087900000, 0x0000000087900000| Untracked 
| 122|0x0000000087a00000, 0x0000000087a00000, 0x0000000087b00000|  0%| F|  |TAMS 0x0000000087a00000, 0x0000000087a00000| Untracked 
| 123|0x0000000087b00000, 0x0000000087b00000, 0x0000000087c00000|  0%| F|  |TAMS 0x0000000087b00000, 0x0000000087b00000| Untracked 
| 124|0x0000000087c00000, 0x0000000087c00000, 0x0000000087d00000|  0%| F|  |TAMS 0x0000000087c00000, 0x0000000087c00000| Untracked 
| 125|0x0000000087d00000, 0x0000000087d00000, 0x0000000087e00000|  0%| F|  |TAMS 0x0000000087d00000, 0x0000000087d00000| Untracked 
| 126|0x0000000087e00000, 0x0000000087e00000, 0x0000000087f00000|  0%| F|  |TAMS 0x0000000087e00000, 0x0000000087e00000| Untracked 
| 127|0x0000000087f00000, 0x0000000087f00000, 0x0000000088000000|  0%| F|  |TAMS 0x0000000087f00000, 0x0000000087f00000| Untracked 
| 128|0x0000000088000000, 0x0000000088000000, 0x0000000088100000|  0%| F|  |TAMS 0x0000000088000000, 0x0000000088000000| Untracked 
| 129|0x0000000088100000, 0x0000000088100000, 0x0000000088200000|  0%| F|  |TAMS 0x0000000088100000, 0x0000000088100000| Untracked 
| 130|0x0000000088200000, 0x0000000088200000, 0x0000000088300000|  0%| F|  |TAMS 0x0000000088200000, 0x0000000088200000| Untracked 
| 131|0x0000000088300000, 0x0000000088300000, 0x0000000088400000|  0%| F|  |TAMS 0x0000000088300000, 0x0000000088300000| Untracked 
| 132|0x0000000088400000, 0x0000000088400000, 0x0000000088500000|  0%| F|  |TAMS 0x0000000088400000, 0x0000000088400000| Untracked 
| 133|0x0000000088500000, 0x0000000088500000, 0x0000000088600000|  0%| F|  |TAMS 0x0000000088500000, 0x0000000088500000| Untracked 
| 134|0x0000000088600000, 0x0000000088600000, 0x0000000088700000|  0%| F|  |TAMS 0x0000000088600000, 0x0000000088600000| Untracked 
| 135|0x0000000088700000, 0x0000000088700000, 0x0000000088800000|  0%| F|  |TAMS 0x0000000088700000, 0x0000000088700000| Untracked 
| 136|0x0000000088800000, 0x0000000088800000, 0x0000000088900000|  0%| F|  |TAMS 0x0000000088800000, 0x0000000088800000| Untracked 
| 137|0x0000000088900000, 0x0000000088900000, 0x0000000088a00000|  0%| F|  |TAMS 0x0000000088900000, 0x0000000088900000| Untracked 
| 138|0x0000000088a00000, 0x0000000088a00000, 0x0000000088b00000|  0%| F|  |TAMS 0x0000000088a00000, 0x0000000088a00000| Untracked 
| 139|0x0000000088b00000, 0x0000000088b00000, 0x0000000088c00000|  0%| F|  |TAMS 0x0000000088b00000, 0x0000000088b00000| Untracked 
| 140|0x0000000088c00000, 0x0000000088c00000, 0x0000000088d00000|  0%| F|  |TAMS 0x0000000088c00000, 0x0000000088c00000| Untracked 
| 141|0x0000000088d00000, 0x0000000088d00000, 0x0000000088e00000|  0%| F|  |TAMS 0x0000000088d00000, 0x0000000088d00000| Untracked 
| 142|0x0000000088e00000, 0x0000000088e00000, 0x0000000088f00000|  0%| F|  |TAMS 0x0000000088e00000, 0x0000000088e00000| Untracked 
| 143|0x0000000088f00000, 0x0000000088f00000, 0x0000000089000000|  0%| F|  |TAMS 0x0000000088f00000, 0x0000000088f00000| Untracked 
| 144|0x0000000089000000, 0x0000000089000000, 0x0000000089100000|  0%| F|  |TAMS 0x0000000089000000, 0x0000000089000000| Untracked 
| 145|0x0000000089100000, 0x0000000089100000, 0x0000000089200000|  0%| F|  |TAMS 0x0000000089100000, 0x0000000089100000| Untracked 
| 146|0x0000000089200000, 0x0000000089200000, 0x0000000089300000|  0%| F|  |TAMS 0x0000000089200000, 0x0000000089200000| Untracked 
| 147|0x0000000089300000, 0x0000000089300000, 0x0000000089400000|  0%| F|  |TAMS 0x0000000089300000, 0x0000000089300000| Untracked 
| 148|0x0000000089400000, 0x0000000089400000, 0x0000000089500000|  0%| F|  |TAMS 0x0000000089400000, 0x0000000089400000| Untracked 
| 149|0x0000000089500000, 0x0000000089600000, 0x0000000089600000|100%| E|  |TAMS 0x0000000089500000, 0x0000000089500000| Complete 
| 150|0x0000000089600000, 0x0000000089700000, 0x0000000089700000|100%| E|CS|TAMS 0x0000000089600000, 0x0000000089600000| Complete 
| 151|0x0000000089700000, 0x0000000089800000, 0x0000000089800000|100%| E|CS|TAMS 0x0000000089700000, 0x0000000089700000| Complete 
| 152|0x0000000089800000, 0x0000000089900000, 0x0000000089900000|100%| E|CS|TAMS 0x0000000089800000, 0x0000000089800000| Complete 
| 153|0x0000000089900000, 0x0000000089a00000, 0x0000000089a00000|100%| E|CS|TAMS 0x0000000089900000, 0x0000000089900000| Complete 
| 154|0x0000000089a00000, 0x0000000089b00000, 0x0000000089b00000|100%| E|CS|TAMS 0x0000000089a00000, 0x0000000089a00000| Complete 
| 155|0x0000000089b00000, 0x0000000089c00000, 0x0000000089c00000|100%| E|CS|TAMS 0x0000000089b00000, 0x0000000089b00000| Complete 
| 156|0x0000000089c00000, 0x0000000089d00000, 0x0000000089d00000|100%| E|CS|TAMS 0x0000000089c00000, 0x0000000089c00000| Complete 
| 157|0x0000000089d00000, 0x0000000089e00000, 0x0000000089e00000|100%| E|CS|TAMS 0x0000000089d00000, 0x0000000089d00000| Complete 
| 158|0x0000000089e00000, 0x0000000089f00000, 0x0000000089f00000|100%| E|CS|TAMS 0x0000000089e00000, 0x0000000089e00000| Complete 
| 159|0x0000000089f00000, 0x000000008a000000, 0x000000008a000000|100%| E|  |TAMS 0x0000000089f00000, 0x0000000089f00000| Complete 
| 160|0x000000008a000000, 0x000000008a100000, 0x000000008a100000|100%| E|CS|TAMS 0x000000008a000000, 0x000000008a000000| Complete 
| 161|0x000000008a100000, 0x000000008a200000, 0x000000008a200000|100%| E|CS|TAMS 0x000000008a100000, 0x000000008a100000| Complete 
| 162|0x000000008a200000, 0x000000008a300000, 0x000000008a300000|100%| E|CS|TAMS 0x000000008a200000, 0x000000008a200000| Complete 
| 163|0x000000008a300000, 0x000000008a400000, 0x000000008a400000|100%| E|CS|TAMS 0x000000008a300000, 0x000000008a300000| Complete 
| 164|0x000000008a400000, 0x000000008a500000, 0x000000008a500000|100%| E|CS|TAMS 0x000000008a400000, 0x000000008a400000| Complete 
| 165|0x000000008a500000, 0x000000008a600000, 0x000000008a600000|100%| E|CS|TAMS 0x000000008a500000, 0x000000008a500000| Complete 
| 166|0x000000008a600000, 0x000000008a700000, 0x000000008a700000|100%| E|CS|TAMS 0x000000008a600000, 0x000000008a600000| Complete 
| 167|0x000000008a700000, 0x000000008a800000, 0x000000008a800000|100%| E|CS|TAMS 0x000000008a700000, 0x000000008a700000| Complete 
| 168|0x000000008a800000, 0x000000008a900000, 0x000000008a900000|100%| E|CS|TAMS 0x000000008a800000, 0x000000008a800000| Complete 
| 169|0x000000008a900000, 0x000000008aa00000, 0x000000008aa00000|100%| E|CS|TAMS 0x000000008a900000, 0x000000008a900000| Complete 
| 170|0x000000008aa00000, 0x000000008ab00000, 0x000000008ab00000|100%| E|CS|TAMS 0x000000008aa00000, 0x000000008aa00000| Complete 
| 171|0x000000008ab00000, 0x000000008ac00000, 0x000000008ac00000|100%| E|CS|TAMS 0x000000008ab00000, 0x000000008ab00000| Complete 
| 172|0x000000008ac00000, 0x000000008ad00000, 0x000000008ad00000|100%| E|CS|TAMS 0x000000008ac00000, 0x000000008ac00000| Complete 
| 233|0x000000008e900000, 0x000000008ea00000, 0x000000008ea00000|100%| E|CS|TAMS 0x000000008e900000, 0x000000008e900000| Complete 
| 234|0x000000008ea00000, 0x000000008eb00000, 0x000000008eb00000|100%| E|CS|TAMS 0x000000008ea00000, 0x000000008ea00000| Complete 
| 255|0x000000008ff00000, 0x0000000090000000, 0x0000000090000000|100%| E|CS|TAMS 0x000000008ff00000, 0x000000008ff00000| Complete 

Card table byte_map: [0x000001c862370000,0x000001c862770000] _byte_map_base: 0x000001c861f70000

Marking Bits (Prev, Next): (CMBitMap*) 0x000001c84b4d1780, (CMBitMap*) 0x000001c84b4d1740
 Prev Bits: [0x000001c864b70000, 0x000001c866b70000)
 Next Bits: [0x000001c862b70000, 0x000001c864b70000)

Polling page: 0x000001c84ac30000

Metaspace:

Usage:
  Non-class:     65.42 MB used.
      Class:     10.62 MB used.
       Both:     76.04 MB used.

Virtual space:
  Non-class space:      128.00 MB reserved,      65.88 MB ( 51%) committed,  2 nodes.
      Class space:      416.00 MB reserved,      11.06 MB (  3%) committed,  1 nodes.
             Both:      544.00 MB reserved,      76.94 MB ( 14%) committed. 

Chunk freelists:
   Non-Class:  14.18 MB
       Class:  5.00 MB
        Both:  19.17 MB

MaxMetaspaceSize: 512.00 MB
CompressedClassSpaceSize: 416.00 MB
Initial GC threshold: 21.00 MB
Current GC threshold: 128.06 MB
CDS: on
MetaspaceReclaimPolicy: balanced
 - commit_granule_bytes: 65536.
 - commit_granule_words: 8192.
 - virtual_space_node_default_size: 8388608.
 - enlarge_chunks_in_place: 1.
 - new_chunks_are_fully_committed: 0.
 - uncommit_free_chunks: 1.
 - use_allocation_guard: 0.
 - handle_deallocations: 1.


Internal statistics:

num_allocs_failed_limit: 12.
num_arena_births: 1096.
num_arena_deaths: 0.
num_vsnodes_births: 3.
num_vsnodes_deaths: 0.
num_space_committed: 1231.
num_space_uncommitted: 0.
num_chunks_returned_to_freelist: 12.
num_chunks_taken_from_freelist: 4335.
num_chunk_merges: 12.
num_chunk_splits: 2748.
num_chunks_enlarged: 1726.
num_inconsistent_stats: 0.

CodeHeap 'non-profiled nmethods': size=120000Kb used=5876Kb max_used=5876Kb free=114123Kb
 bounds [0x000001c85aa40000, 0x000001c85b020000, 0x000001c861f70000]
CodeHeap 'profiled nmethods': size=120000Kb used=18045Kb max_used=19995Kb free=101955Kb
 bounds [0x000001c852f70000, 0x000001c854300000, 0x000001c85a4a0000]
CodeHeap 'non-nmethods': size=5760Kb used=2422Kb max_used=2494Kb free=3337Kb
 bounds [0x000001c85a4a0000, 0x000001c85a720000, 0x000001c85aa40000]
 total_blobs=10600 nmethods=9647 adapters=865
 compilation: enabled
              stopped_count=0, restarted_count=0
 full_count=0

Compilation events (20 events):
Event: 16.789 Thread 0x000001c869086e90 nmethod 11315 0x000001c85ab77390 code [0x000001c85ab77520, 0x000001c85ab777e8]
Event: 16.789 Thread 0x000001c869086e90 11310       4       org.gradle.cache.internal.ExclusiveCacheAccessingWorker$$Lambda$546/0x000001c80149b600::call (10 bytes)
Event: 16.797 Thread 0x000001c869097540 11317       3       java.util.concurrent.ThreadPoolExecutor::workerCountOf (5 bytes)
Event: 16.797 Thread 0x000001c869097540 nmethod 11317 0x000001c853068590 code [0x000001c853068720, 0x000001c853068818]
Event: 16.801 Thread 0x000001c869097540 11319       3       org.codehaus.groovy.runtime.metaclass.MetaMethodIndex::resize (103 bytes)
Event: 16.801 Thread 0x000001c869097540 nmethod 11319 0x000001c8535c0010 code [0x000001c8535c01e0, 0x000001c8535c07b8]
Event: 16.801 Thread 0x000001c869097540 11320       3       org.codehaus.groovy.util.FastArray::set (8 bytes)
Event: 16.801 Thread 0x000001c869097540 nmethod 11320 0x000001c853503010 code [0x000001c8535031c0, 0x000001c853503478]
Event: 16.803 Thread 0x000001c869097540 11321       3       com.sun.beans.util.Cache$CacheEntry::matches (53 bytes)
Event: 16.803 Thread 0x000001c869097540 nmethod 11321 0x000001c8533e3410 code [0x000001c8533e35e0, 0x000001c8533e3a98]
Event: 16.804 Thread 0x000001c869097540 11322       3       groovyjarjarasm.asm.Symbol::<init> (38 bytes)
Event: 16.804 Thread 0x000001c869097540 nmethod 11322 0x000001c853570790 code [0x000001c853570940, 0x000001c853570bd8]
Event: 16.805 Thread 0x000001c869097540 11324       3       groovyjarjarasm.asm.ByteVector::putUTF8 (144 bytes)
Event: 16.805 Thread 0x000001c869097540 nmethod 11324 0x000001c8531cfa90 code [0x000001c8531cfd00, 0x000001c8531d0868]
Event: 16.805 Thread 0x000001c869097540 11323       3       groovyjarjarasm.asm.SymbolTable::put (150 bytes)
Event: 16.806 Thread 0x000001c869097540 nmethod 11323 0x000001c852fcdc10 code [0x000001c852fcde00, 0x000001c852fce698]
Event: 16.806 Thread 0x000001c869097540 11325       3       org.codehaus.groovy.reflection.ParameterTypes::<init> (5 bytes)
Event: 16.806 Thread 0x000001c869097540 nmethod 11325 0x000001c853105c10 code [0x000001c853105da0, 0x000001c853105ef8]
Event: 16.814 Thread 0x000001c869097540 11326       3       java.util.WeakHashMap::put (160 bytes)
Event: 16.815 Thread 0x000001c869097540 nmethod 11326 0x000001c853860b90 code [0x000001c853860e20, 0x000001c853861e68]

GC Heap History (20 events):
Event: 7.997 GC heap before
{Heap before GC invocations=15 (full 0):
 garbage-first heap   total 89088K, used 72041K [0x0000000080000000, 0x0000000100000000)
  region size 1024K, 37 young (37888K), 5 survivors (5120K)
 Metaspace       used 51807K, committed 52288K, reserved 491520K
  class space    used 7154K, committed 7360K, reserved 425984K
}
Event: 8.002 GC heap after
{Heap after GC invocations=16 (full 0):
 garbage-first heap   total 89088K, used 40679K [0x0000000080000000, 0x0000000100000000)
  region size 1024K, 3 young (3072K), 3 survivors (3072K)
 Metaspace       used 51807K, committed 52288K, reserved 491520K
  class space    used 7154K, committed 7360K, reserved 425984K
}
Event: 8.420 GC heap before
{Heap before GC invocations=16 (full 0):
 garbage-first heap   total 89088K, used 70375K [0x0000000080000000, 0x0000000100000000)
  region size 1024K, 32 young (32768K), 3 survivors (3072K)
 Metaspace       used 55427K, committed 56000K, reserved 491520K
  class space    used 7665K, committed 7936K, reserved 425984K
}
Event: 8.424 GC heap after
{Heap after GC invocations=17 (full 0):
 garbage-first heap   total 180224K, used 42628K [0x0000000080000000, 0x0000000100000000)
  region size 1024K, 2 young (2048K), 2 survivors (2048K)
 Metaspace       used 55427K, committed 56000K, reserved 491520K
  class space    used 7665K, committed 7936K, reserved 425984K
}
Event: 10.540 GC heap before
{Heap before GC invocations=17 (full 0):
 garbage-first heap   total 180224K, used 145028K [0x0000000080000000, 0x0000000100000000)
  region size 1024K, 99 young (101376K), 2 survivors (2048K)
 Metaspace       used 61996K, committed 62656K, reserved 491520K
  class space    used 8691K, committed 9024K, reserved 425984K
}
Event: 10.552 GC heap after
{Heap after GC invocations=18 (full 0):
 garbage-first heap   total 180224K, used 54386K [0x0000000080000000, 0x0000000100000000)
  region size 1024K, 10 young (10240K), 10 survivors (10240K)
 Metaspace       used 61996K, committed 62656K, reserved 491520K
  class space    used 8691K, committed 9024K, reserved 425984K
}
Event: 11.676 GC heap before
{Heap before GC invocations=18 (full 0):
 garbage-first heap   total 180224K, used 150642K [0x0000000080000000, 0x0000000100000000)
  region size 1024K, 96 young (98304K), 10 survivors (10240K)
 Metaspace       used 68550K, committed 69184K, reserved 491520K
  class space    used 9582K, committed 9920K, reserved 425984K
}
Event: 11.689 GC heap after
{Heap after GC invocations=19 (full 0):
 garbage-first heap   total 180224K, used 68247K [0x0000000080000000, 0x0000000100000000)
  region size 1024K, 6 young (6144K), 6 survivors (6144K)
 Metaspace       used 68550K, committed 69184K, reserved 491520K
  class space    used 9582K, committed 9920K, reserved 425984K
}
Event: 11.727 GC heap before
{Heap before GC invocations=19 (full 0):
 garbage-first heap   total 180224K, used 71319K [0x0000000080000000, 0x0000000100000000)
  region size 1024K, 10 young (10240K), 6 survivors (6144K)
 Metaspace       used 68723K, committed 69376K, reserved 491520K
  class space    used 9603K, committed 9920K, reserved 425984K
}
Event: 11.732 GC heap after
{Heap after GC invocations=20 (full 0):
 garbage-first heap   total 180224K, used 68007K [0x0000000080000000, 0x0000000100000000)
  region size 1024K, 6 young (6144K), 6 survivors (6144K)
 Metaspace       used 68723K, committed 69376K, reserved 491520K
  class space    used 9603K, committed 9920K, reserved 425984K
}
Event: 13.028 GC heap before
{Heap before GC invocations=21 (full 0):
 garbage-first heap   total 180224K, used 146855K [0x0000000080000000, 0x0000000100000000)
  region size 1024K, 83 young (84992K), 6 survivors (6144K)
 Metaspace       used 72259K, committed 73024K, reserved 491520K
  class space    used 10102K, committed 10496K, reserved 425984K
}
Event: 13.038 GC heap after
{Heap after GC invocations=22 (full 0):
 garbage-first heap   total 180224K, used 73815K [0x0000000080000000, 0x0000000100000000)
  region size 1024K, 11 young (11264K), 11 survivors (11264K)
 Metaspace       used 72259K, committed 73024K, reserved 491520K
  class space    used 10102K, committed 10496K, reserved 425984K
}
Event: 14.508 GC heap before
{Heap before GC invocations=22 (full 0):
 garbage-first heap   total 180224K, used 147543K [0x0000000080000000, 0x0000000100000000)
  region size 1024K, 82 young (83968K), 11 survivors (11264K)
 Metaspace       used 76213K, committed 76992K, reserved 557056K
  class space    used 10716K, committed 11072K, reserved 425984K
}
Event: 14.523 GC heap after
{Heap after GC invocations=23 (full 0):
 garbage-first heap   total 180224K, used 81798K [0x0000000080000000, 0x0000000100000000)
  region size 1024K, 10 young (10240K), 10 survivors (10240K)
 Metaspace       used 76213K, committed 76992K, reserved 557056K
  class space    used 10716K, committed 11072K, reserved 425984K
}
Event: 15.583 GC heap before
{Heap before GC invocations=23 (full 0):
 garbage-first heap   total 180224K, used 143238K [0x0000000080000000, 0x0000000100000000)
  region size 1024K, 71 young (72704K), 10 survivors (10240K)
 Metaspace       used 77778K, committed 78656K, reserved 557056K
  class space    used 10871K, committed 11264K, reserved 425984K
}
Event: 15.595 GC heap after
{Heap after GC invocations=24 (full 0):
 garbage-first heap   total 180224K, used 87912K [0x0000000080000000, 0x0000000100000000)
  region size 1024K, 9 young (9216K), 9 survivors (9216K)
 Metaspace       used 77778K, committed 78656K, reserved 557056K
  class space    used 10871K, committed 11264K, reserved 425984K
}
Event: 16.001 GC heap before
{Heap before GC invocations=24 (full 0):
 garbage-first heap   total 180224K, used 142184K [0x0000000080000000, 0x0000000100000000)
  region size 1024K, 63 young (64512K), 9 survivors (9216K)
 Metaspace       used 77815K, committed 78656K, reserved 557056K
  class space    used 10871K, committed 11264K, reserved 425984K
}
Event: 16.010 GC heap after
{Heap after GC invocations=25 (full 0):
 garbage-first heap   total 180224K, used 89395K [0x0000000080000000, 0x0000000100000000)
  region size 1024K, 4 young (4096K), 4 survivors (4096K)
 Metaspace       used 77815K, committed 78656K, reserved 557056K
  class space    used 10871K, committed 11264K, reserved 425984K
}
Event: 16.444 GC heap before
{Heap before GC invocations=25 (full 0):
 garbage-first heap   total 180224K, used 143667K [0x0000000080000000, 0x0000000100000000)
  region size 1024K, 58 young (59392K), 4 survivors (4096K)
 Metaspace       used 77820K, committed 78656K, reserved 557056K
  class space    used 10872K, committed 11264K, reserved 425984K
}
Event: 16.450 GC heap after
{Heap after GC invocations=26 (full 0):
 garbage-first heap   total 180224K, used 90064K [0x0000000080000000, 0x0000000100000000)
  region size 1024K, 5 young (5120K), 5 survivors (5120K)
 Metaspace       used 77820K, committed 78656K, reserved 557056K
  class space    used 10872K, committed 11264K, reserved 425984K
}

Dll operation events (14 events):
Event: 0.009 Loaded shared library C:\Program Files\Microsoft\jdk-17.0.8.7-hotspot\bin\java.dll
Event: 0.026 Loaded shared library C:\Program Files\Microsoft\jdk-17.0.8.7-hotspot\bin\jsvml.dll
Event: 0.071 Loaded shared library C:\Program Files\Microsoft\jdk-17.0.8.7-hotspot\bin\zip.dll
Event: 0.074 Loaded shared library C:\Program Files\Microsoft\jdk-17.0.8.7-hotspot\bin\instrument.dll
Event: 0.078 Loaded shared library C:\Program Files\Microsoft\jdk-17.0.8.7-hotspot\bin\net.dll
Event: 0.079 Loaded shared library C:\Program Files\Microsoft\jdk-17.0.8.7-hotspot\bin\nio.dll
Event: 0.081 Loaded shared library C:\Program Files\Microsoft\jdk-17.0.8.7-hotspot\bin\zip.dll
Event: 0.308 Loaded shared library C:\Program Files\Microsoft\jdk-17.0.8.7-hotspot\bin\jimage.dll
Event: 0.437 Loaded shared library C:\Program Files\Microsoft\jdk-17.0.8.7-hotspot\bin\verify.dll
Event: 0.580 Loaded shared library C:\Users\Administrator\.gradle\native\c067742578af261105cb4f569cf0c3c89f3d7b1fecec35dd04571415982c5e48\windows-amd64\native-platform.dll
Event: 0.595 Loaded shared library C:\Users\Administrator\.gradle\native\100fb08df4bc3b14c8652ba06237920a3bd2aa13389f12d3474272988ae205f9\windows-amd64\native-platform-file-events.dll
Event: 1.751 Loaded shared library C:\Program Files\Microsoft\jdk-17.0.8.7-hotspot\bin\management.dll
Event: 1.753 Loaded shared library C:\Program Files\Microsoft\jdk-17.0.8.7-hotspot\bin\management_ext.dll
Event: 2.050 Loaded shared library C:\Program Files\Microsoft\jdk-17.0.8.7-hotspot\bin\sunmscapi.dll

Deoptimization events (20 events):
Event: 16.437 Thread 0x000001c87243d0d0 Uncommon trap: trap_request=0xffffffd6 fr.pc=0x000001c85aca0a10 relative=0x0000000000002790
Event: 16.437 Thread 0x000001c87243d0d0 Uncommon trap: reason=array_check action=maybe_recompile pc=0x000001c85aca0a10 method=java.util.TimSort.reverseRange([Ljava/lang/Object;II)V @ 20 c2
Event: 16.437 Thread 0x000001c87243d0d0 DEOPT PACKING pc=0x000001c85aca0a10 sp=0x000000bc720fd220
Event: 16.438 Thread 0x000001c87243d0d0 DEOPT UNPACKING pc=0x000001c85a4f69a3 sp=0x000000bc720fd090 mode 2
Event: 16.601 Thread 0x000001c86f0c39c0 Uncommon trap: trap_request=0xffffffd6 fr.pc=0x000001c85aff5ef0 relative=0x00000000000029f0
Event: 16.601 Thread 0x000001c86f0c39c0 Uncommon trap: reason=array_check action=maybe_recompile pc=0x000001c85aff5ef0 method=java.util.TimSort.reverseRange([Ljava/lang/Object;II)V @ 27 c2
Event: 16.601 Thread 0x000001c86f0c39c0 DEOPT PACKING pc=0x000001c85aff5ef0 sp=0x000000bc704f74f0
Event: 16.601 Thread 0x000001c86f0c39c0 DEOPT UNPACKING pc=0x000001c85a4f69a3 sp=0x000000bc704f7400 mode 2
Event: 16.601 Thread 0x000001c86f0c39c0 Uncommon trap: trap_request=0xffffffd6 fr.pc=0x000001c85aff5ef0 relative=0x00000000000029f0
Event: 16.601 Thread 0x000001c86f0c39c0 Uncommon trap: reason=array_check action=maybe_recompile pc=0x000001c85aff5ef0 method=java.util.TimSort.reverseRange([Ljava/lang/Object;II)V @ 27 c2
Event: 16.601 Thread 0x000001c86f0c39c0 DEOPT PACKING pc=0x000001c85aff5ef0 sp=0x000000bc704f7570
Event: 16.601 Thread 0x000001c86f0c39c0 DEOPT UNPACKING pc=0x000001c85a4f69a3 sp=0x000000bc704f7448 mode 2
Event: 16.664 Thread 0x000001c86f0c39c0 Uncommon trap: trap_request=0xffffff45 fr.pc=0x000001c85ada9188 relative=0x0000000000001248
Event: 16.664 Thread 0x000001c86f0c39c0 Uncommon trap: reason=unstable_if action=reinterpret pc=0x000001c85ada9188 method=java.util.concurrent.ConcurrentHashMap.addCount(JI)V @ 97 c2
Event: 16.664 Thread 0x000001c86f0c39c0 DEOPT PACKING pc=0x000001c85ada9188 sp=0x000000bc704f7b30
Event: 16.664 Thread 0x000001c86f0c39c0 DEOPT UNPACKING pc=0x000001c85a4f69a3 sp=0x000000bc704f7a00 mode 2
Event: 16.664 Thread 0x000001c86f0c39c0 Uncommon trap: trap_request=0xffffff45 fr.pc=0x000001c85ae21a98 relative=0x0000000000001f38
Event: 16.664 Thread 0x000001c86f0c39c0 Uncommon trap: reason=unstable_if action=reinterpret pc=0x000001c85ae21a98 method=java.util.concurrent.locks.AbstractQueuedSynchronizer.acquire(Ljava/util/concurrent/locks/AbstractQueuedSynchronizer$Node;IZZZJ)I @ 271 c2
Event: 16.664 Thread 0x000001c86f0c39c0 DEOPT PACKING pc=0x000001c85ae21a98 sp=0x000000bc704f6f00
Event: 16.664 Thread 0x000001c86f0c39c0 DEOPT UNPACKING pc=0x000001c85a4f69a3 sp=0x000000bc704f6ec0 mode 2

Classes unloaded (0 events):
No events

Classes redefined (0 events):
No events

Internal exceptions (20 events):
Event: 14.840 Thread 0x000001c86f0c39c0 Exception <a 'java/lang/ClassNotFoundException'{0x0000000089ee8788}: org/gradle/api/internal/DefaultDomainObjectCollectionBeanInfo> (0x0000000089ee8788) 
thrown [s\src\hotspot\share\classfile\systemDictionary.cpp, line 256]
Event: 14.841 Thread 0x000001c86f0c39c0 Exception <a 'java/lang/ClassNotFoundException'{0x0000000089ef0570}: java/util/AbstractCollectionBeanInfo> (0x0000000089ef0570) 
thrown [s\src\hotspot\share\classfile\systemDictionary.cpp, line 256]
Event: 14.841 Thread 0x000001c86f0c39c0 Exception <a 'java/lang/ClassNotFoundException'{0x0000000089ef8320}: java/util/AbstractCollectionCustomizer> (0x0000000089ef8320) 
thrown [s\src\hotspot\share\classfile\systemDictionary.cpp, line 256]
Event: 14.842 Thread 0x000001c86f0c39c0 Exception <a 'java/lang/ClassNotFoundException'{0x0000000089d17fb8}: org/gradle/api/internal/DefaultDomainObjectCollectionCustomizer> (0x0000000089d17fb8) 
thrown [s\src\hotspot\share\classfile\systemDictionary.cpp, line 256]
Event: 14.844 Thread 0x000001c86f0c39c0 Exception <a 'java/lang/ClassNotFoundException'{0x0000000089d4e110}: org/gradle/api/internal/DefaultNamedDomainObjectCollectionCustomizer> (0x0000000089d4e110) 
thrown [s\src\hotspot\share\classfile\systemDictionary.cpp, line 256]
Event: 14.846 Thread 0x000001c86f0c39c0 Exception <a 'java/lang/ClassNotFoundException'{0x0000000089d8cee0}: org/gradle/api/internal/DefaultNamedDomainObjectListCustomizer> (0x0000000089d8cee0) 
thrown [s\src\hotspot\share\classfile\systemDictionary.cpp, line 256]
Event: 14.847 Thread 0x000001c86f0c39c0 Exception <a 'java/lang/ClassNotFoundException'{0x0000000089dc2820}: org/gradle/api/internal/artifacts/DefaultArtifactRepositoryContainerCustomizer> (0x0000000089dc2820) 
thrown [s\src\hotspot\share\classfile\systemDictionary.cpp, line 256]
Event: 14.848 Thread 0x000001c86f0c39c0 Exception <a 'java/lang/ClassNotFoundException'{0x0000000089dec8c0}: org/gradle/api/internal/artifacts/dsl/DefaultRepositoryHandlerCustomizer> (0x0000000089dec8c0) 
thrown [s\src\hotspot\share\classfile\systemDictionary.cpp, line 256]
Event: 14.850 Thread 0x000001c86f0c39c0 Exception <a 'java/lang/ClassNotFoundException'{0x0000000089c255f0}: org/gradle/api/internal/artifacts/dsl/DefaultRepositoryHandler_DecoratedCustomizer> (0x0000000089c255f0) 
thrown [s\src\hotspot\share\classfile\systemDictionary.cpp, line 256]
Event: 14.862 Thread 0x000001c86f0c39c0 Exception <a 'java/lang/ClassNotFoundException'{0x0000000089cce8a8}: org/gradle/api/internal/artifacts/dsl/dependencies/DefaultDependencyHandler_DecoratedBeanInfo> (0x0000000089cce8a8) 
thrown [s\src\hotspot\share\classfile\systemDictionary.cpp, line 256]
Event: 14.863 Thread 0x000001c86f0c39c0 Exception <a 'java/lang/ClassNotFoundException'{0x0000000089ce65a8}: org/gradle/api/internal/artifacts/dsl/dependencies/DefaultDependencyHandlerBeanInfo> (0x0000000089ce65a8) 
thrown [s\src\hotspot\share\classfile\systemDictionary.cpp, line 256]
Event: 14.864 Thread 0x000001c86f0c39c0 Exception <a 'java/lang/ClassNotFoundException'{0x0000000089cfd7c8}: org/gradle/api/internal/artifacts/dsl/dependencies/DefaultDependencyHandlerCustomizer> (0x0000000089cfd7c8) 
thrown [s\src\hotspot\share\classfile\systemDictionary.cpp, line 256]
Event: 14.865 Thread 0x000001c86f0c39c0 Exception <a 'java/lang/ClassNotFoundException'{0x0000000089b3d4a8}: org/gradle/api/internal/artifacts/dsl/dependencies/DefaultDependencyHandler_DecoratedCustomizer> (0x0000000089b3d4a8) 
thrown [s\src\hotspot\share\classfile\systemDictionary.cpp, line 256]
Event: 15.350 Thread 0x000001c87243e000 Exception <a 'sun/nio/fs/WindowsException'{0x00000000886d6118}> (0x00000000886d6118) 
thrown [s\src\hotspot\share\prims\jni.cpp, line 516]
Event: 15.351 Thread 0x000001c87243e000 Exception <a 'sun/nio/fs/WindowsException'{0x00000000886d85c0}> (0x00000000886d85c0) 
thrown [s\src\hotspot\share\prims\jni.cpp, line 516]
Event: 15.351 Thread 0x000001c87243e000 Exception <a 'sun/nio/fs/WindowsException'{0x00000000886dab08}> (0x00000000886dab08) 
thrown [s\src\hotspot\share\prims\jni.cpp, line 516]
Event: 15.351 Thread 0x000001c87243e000 Exception <a 'sun/nio/fs/WindowsException'{0x00000000886dc9e8}> (0x00000000886dc9e8) 
thrown [s\src\hotspot\share\prims\jni.cpp, line 516]
Event: 15.570 Thread 0x000001c8724389f0 Implicit null exception at 0x000001c85aee0933 to 0x000001c85aee0f6c
Event: 16.802 Thread 0x000001c86f0c39c0 Exception <a 'java/lang/ClassNotFoundException'{0x00000000897df240}: build_6gx8ffv4rge3a7khra983gaclBeanInfo> (0x00000000897df240) 
thrown [s\src\hotspot\share\classfile\systemDictionary.cpp, line 256]
Event: 16.803 Thread 0x000001c86f0c39c0 Exception <a 'java/lang/ClassNotFoundException'{0x00000000897e6628}: build_6gx8ffv4rge3a7khra983gaclCustomizer> (0x00000000897e6628) 
thrown [s\src\hotspot\share\classfile\systemDictionary.cpp, line 256]

VM Operations (20 events):
Event: 15.228 Executing VM operation: ICBufferFull
Event: 15.228 Executing VM operation: ICBufferFull done
Event: 15.450 Executing VM operation: ICBufferFull
Event: 15.450 Executing VM operation: ICBufferFull done
Event: 15.494 Executing VM operation: HandshakeAllThreads
Event: 15.494 Executing VM operation: HandshakeAllThreads done
Event: 15.513 Executing VM operation: HandshakeAllThreads
Event: 15.513 Executing VM operation: HandshakeAllThreads done
Event: 15.532 Executing VM operation: HandshakeAllThreads
Event: 15.532 Executing VM operation: HandshakeAllThreads done
Event: 15.582 Executing VM operation: G1CollectForAllocation
Event: 15.598 Executing VM operation: G1CollectForAllocation done
Event: 16.001 Executing VM operation: G1CollectForAllocation
Event: 16.011 Executing VM operation: G1CollectForAllocation done
Event: 16.444 Executing VM operation: G1CollectForAllocation
Event: 16.455 Executing VM operation: G1CollectForAllocation done
Event: 16.570 Executing VM operation: G1PauseRemark
Event: 16.598 Executing VM operation: G1PauseRemark done
Event: 16.652 Executing VM operation: G1PauseCleanup
Event: 16.652 Executing VM operation: G1PauseCleanup done

Events (20 events):
Event: 15.543 Thread 0x000001c86909e660 flushing nmethod 0x000001c853ed8090
Event: 15.543 Thread 0x000001c86909e660 flushing nmethod 0x000001c853f18310
Event: 15.543 Thread 0x000001c86909e660 flushing nmethod 0x000001c853f1d590
Event: 15.543 Thread 0x000001c86909e660 flushing nmethod 0x000001c853f26510
Event: 15.544 Thread 0x000001c86909e660 flushing nmethod 0x000001c853f91310
Event: 15.544 Thread 0x000001c86909e660 flushing nmethod 0x000001c853fc7d90
Event: 15.544 Thread 0x000001c86909e660 flushing nmethod 0x000001c853fdd810
Event: 15.544 Thread 0x000001c86909e660 flushing nmethod 0x000001c85400a910
Event: 15.544 Thread 0x000001c86909e660 flushing nmethod 0x000001c85400f110
Event: 15.544 Thread 0x000001c86909e660 flushing nmethod 0x000001c8540e3310
Event: 15.544 Thread 0x000001c86909e660 flushing nmethod 0x000001c8540ebd10
Event: 15.544 Thread 0x000001c86909e660 flushing nmethod 0x000001c8540eeb90
Event: 15.545 Thread 0x000001c86909e660 flushing nmethod 0x000001c854200290
Event: 16.598 loading class sun/security/ssl/Alert
Event: 16.598 loading class sun/security/ssl/Alert done
Event: 16.598 loading class sun/security/ssl/Alert$AlertConsumer
Event: 16.599 loading class sun/security/ssl/Alert$AlertConsumer done
Event: 16.599 loading class sun/security/ssl/Alert$Level
Event: 16.599 loading class sun/security/ssl/Alert$Level done
Event: 16.793 Thread 0x000001c871f8ca90 Thread added: 0x000001c871f8ca90


Dynamic libraries:
0x00007ff60a730000 - 0x00007ff60a73e000 	C:\Program Files\Microsoft\jdk-17.0.8.7-hotspot\bin\java.exe
0x00007ff87b2b0000 - 0x00007ff87b4a8000 	C:\Windows\SYSTEM32\ntdll.dll
0x00007ff879be0000 - 0x00007ff879ca2000 	C:\Windows\System32\KERNEL32.DLL
0x00007ff878d50000 - 0x00007ff87904f000 	C:\Windows\System32\KERNELBASE.dll
0x00007ff878a40000 - 0x00007ff878b40000 	C:\Windows\System32\ucrtbase.dll
0x00007ff86c410000 - 0x00007ff86c42b000 	C:\Program Files\Microsoft\jdk-17.0.8.7-hotspot\bin\VCRUNTIME140.dll
0x00007ff870170000 - 0x00007ff870187000 	C:\Program Files\Microsoft\jdk-17.0.8.7-hotspot\bin\jli.dll
0x00007ff87ac60000 - 0x00007ff87adfd000 	C:\Windows\System32\USER32.dll
0x00007ff879050000 - 0x00007ff879072000 	C:\Windows\System32\win32u.dll
0x00007ff872250000 - 0x00007ff8724ea000 	C:\Windows\WinSxS\amd64_microsoft.windows.common-controls_6595b64144ccf1df_6.0.19041.4355_none_60b8b9eb71f62e16\COMCTL32.dll
0x00007ff879b30000 - 0x00007ff879b5b000 	C:\Windows\System32\GDI32.dll
0x00007ff879cb0000 - 0x00007ff879d4e000 	C:\Windows\System32\msvcrt.dll
0x00007ff878c30000 - 0x00007ff878d47000 	C:\Windows\System32\gdi32full.dll
0x00007ff878b40000 - 0x00007ff878bdd000 	C:\Windows\System32\msvcp_win.dll
0x00007ff879380000 - 0x00007ff8793af000 	C:\Windows\System32\IMM32.DLL
0x00007ff8754d0000 - 0x00007ff8754dc000 	C:\Program Files\Microsoft\jdk-17.0.8.7-hotspot\bin\vcruntime140_1.dll
0x00007ff862ca0000 - 0x00007ff862d2d000 	C:\Program Files\Microsoft\jdk-17.0.8.7-hotspot\bin\msvcp140.dll
0x00007ff819750000 - 0x00007ff81a3b5000 	C:\Program Files\Microsoft\jdk-17.0.8.7-hotspot\bin\server\jvm.dll
0x00007ff8792c0000 - 0x00007ff879371000 	C:\Windows\System32\ADVAPI32.dll
0x00007ff87ae00000 - 0x00007ff87ae9f000 	C:\Windows\System32\sechost.dll
0x00007ff87afc0000 - 0x00007ff87b0e3000 	C:\Windows\System32\RPCRT4.dll
0x00007ff879080000 - 0x00007ff8790a7000 	C:\Windows\System32\bcrypt.dll
0x00007ff8729c0000 - 0x00007ff8729c9000 	C:\Windows\SYSTEM32\WSOCK32.dll
0x00007ff8727e0000 - 0x00007ff872807000 	C:\Windows\SYSTEM32\WINMM.dll
0x00007ff8783c0000 - 0x00007ff87840b000 	C:\Windows\SYSTEM32\POWRPROF.dll
0x00007ff87aea0000 - 0x00007ff87af0b000 	C:\Windows\System32\WS2_32.dll
0x00007ff873400000 - 0x00007ff87340a000 	C:\Windows\SYSTEM32\VERSION.dll
0x00007ff8783a0000 - 0x00007ff8783b2000 	C:\Windows\SYSTEM32\UMPDC.dll
0x00007ff8767e0000 - 0x00007ff8767f2000 	C:\Windows\SYSTEM32\kernel.appcore.dll
0x00007ff871760000 - 0x00007ff87176a000 	C:\Program Files\Microsoft\jdk-17.0.8.7-hotspot\bin\jimage.dll
0x00007ff86a220000 - 0x00007ff86a404000 	C:\Windows\SYSTEM32\DBGHELP.DLL
0x00007ff869980000 - 0x00007ff8699b4000 	C:\Windows\SYSTEM32\dbgcore.DLL
0x00007ff878940000 - 0x00007ff8789c2000 	C:\Windows\System32\bcryptPrimitives.dll
0x00007ff86c890000 - 0x00007ff86c89e000 	C:\Program Files\Microsoft\jdk-17.0.8.7-hotspot\bin\instrument.dll
0x00007ff866460000 - 0x00007ff866485000 	C:\Program Files\Microsoft\jdk-17.0.8.7-hotspot\bin\java.dll
0x00007ff862bc0000 - 0x00007ff862c97000 	C:\Program Files\Microsoft\jdk-17.0.8.7-hotspot\bin\jsvml.dll
0x00007ff87a180000 - 0x00007ff87a8ee000 	C:\Windows\System32\SHELL32.dll
0x00007ff8769e0000 - 0x00007ff877184000 	C:\Windows\SYSTEM32\windows.storage.dll
0x00007ff87a900000 - 0x00007ff87ac55000 	C:\Windows\System32\combase.dll
0x00007ff878300000 - 0x00007ff87832f000 	C:\Windows\SYSTEM32\Wldp.dll
0x00007ff879830000 - 0x00007ff8798fd000 	C:\Windows\System32\OLEAUT32.dll
0x00007ff87af10000 - 0x00007ff87afbd000 	C:\Windows\System32\SHCORE.dll
0x00007ff87b0f0000 - 0x00007ff87b145000 	C:\Windows\System32\shlwapi.dll
0x00007ff878870000 - 0x00007ff878894000 	C:\Windows\SYSTEM32\profapi.dll
0x00007ff862ba0000 - 0x00007ff862bb8000 	C:\Program Files\Microsoft\jdk-17.0.8.7-hotspot\bin\zip.dll
0x00007ff863ae0000 - 0x00007ff863af9000 	C:\Program Files\Microsoft\jdk-17.0.8.7-hotspot\bin\net.dll
0x00007ff872d90000 - 0x00007ff872e9d000 	C:\Windows\SYSTEM32\WINHTTP.dll
0x00007ff878060000 - 0x00007ff8780ca000 	C:\Windows\system32\mswsock.dll
0x00007ff863ac0000 - 0x00007ff863ad6000 	C:\Program Files\Microsoft\jdk-17.0.8.7-hotspot\bin\nio.dll
0x00007ff8683f0000 - 0x00007ff868400000 	C:\Program Files\Microsoft\jdk-17.0.8.7-hotspot\bin\verify.dll
0x00007ff86c830000 - 0x00007ff86c857000 	C:\Users\Administrator\.gradle\native\c067742578af261105cb4f569cf0c3c89f3d7b1fecec35dd04571415982c5e48\windows-amd64\native-platform.dll
0x00007ff81bcb0000 - 0x00007ff81bdf4000 	C:\Users\Administrator\.gradle\native\100fb08df4bc3b14c8652ba06237920a3bd2aa13389f12d3474272988ae205f9\windows-amd64\native-platform-file-events.dll
0x00007ff86bdb0000 - 0x00007ff86bdb9000 	C:\Program Files\Microsoft\jdk-17.0.8.7-hotspot\bin\management.dll
0x00007ff8682f0000 - 0x00007ff8682fb000 	C:\Program Files\Microsoft\jdk-17.0.8.7-hotspot\bin\management_ext.dll
0x00007ff879aa0000 - 0x00007ff879aa8000 	C:\Windows\System32\PSAPI.DLL
0x00007ff878260000 - 0x00007ff878278000 	C:\Windows\SYSTEM32\CRYPTSP.dll
0x00007ff877920000 - 0x00007ff877954000 	C:\Windows\system32\rsaenh.dll
0x00007ff878830000 - 0x00007ff87885e000 	C:\Windows\SYSTEM32\USERENV.dll
0x00007ff878250000 - 0x00007ff87825c000 	C:\Windows\SYSTEM32\CRYPTBASE.dll
0x00007ff877ce0000 - 0x00007ff877d1b000 	C:\Windows\SYSTEM32\IPHLPAPI.DLL
0x00007ff879a90000 - 0x00007ff879a98000 	C:\Windows\System32\NSI.dll
0x00007ff8735d0000 - 0x00007ff8735e7000 	C:\Windows\SYSTEM32\dhcpcsvc6.DLL
0x00007ff873580000 - 0x00007ff87359d000 	C:\Windows\SYSTEM32\dhcpcsvc.DLL
0x00007ff877d80000 - 0x00007ff877e4a000 	C:\Windows\SYSTEM32\DNSAPI.dll
0x00007ff8729b0000 - 0x00007ff8729be000 	C:\Program Files\Microsoft\jdk-17.0.8.7-hotspot\bin\sunmscapi.dll
0x00007ff8790b0000 - 0x00007ff87920c000 	C:\Windows\System32\CRYPT32.dll
0x00007ff878370000 - 0x00007ff878397000 	C:\Windows\SYSTEM32\ncrypt.dll
0x00007ff878330000 - 0x00007ff87836b000 	C:\Windows\SYSTEM32\NTASN1.dll
0x00007ff85b350000 - 0x00007ff85b357000 	C:\Windows\system32\wshunix.dll
0x00007ff871260000 - 0x00007ff87126a000 	C:\Windows\System32\rasadhlp.dll
0x00007ff86b880000 - 0x00007ff86b900000 	C:\Windows\System32\fwpuclnt.dll
0x00007ff8685f0000 - 0x00007ff868607000 	C:\Windows\system32\napinsp.dll
0x00007ff868540000 - 0x00007ff86855b000 	C:\Windows\system32\pnrpnsp.dll
0x00007ff868520000 - 0x00007ff868535000 	C:\Windows\system32\wshbth.dll
0x00007ff874d50000 - 0x00007ff874d6d000 	C:\Windows\system32\NLAapi.dll
0x00007ff868500000 - 0x00007ff868512000 	C:\Windows\System32\winrnr.dll

dbghelp: loaded successfully - version: 4.0.5 - missing functions: none
symbol engine: initialized successfully - sym options: 0x614 - pdb path: .;C:\Program Files\Microsoft\jdk-17.0.8.7-hotspot\bin;C:\Windows\SYSTEM32;C:\Windows\WinSxS\amd64_microsoft.windows.common-controls_6595b64144ccf1df_6.0.19041.4355_none_60b8b9eb71f62e16;C:\Program Files\Microsoft\jdk-17.0.8.7-hotspot\bin\server;C:\Users\Administrator\.gradle\native\c067742578af261105cb4f569cf0c3c89f3d7b1fecec35dd04571415982c5e48\windows-amd64;C:\Users\Administrator\.gradle\native\100fb08df4bc3b14c8652ba06237920a3bd2aa13389f12d3474272988ae205f9\windows-amd64

VM Arguments:
jvm_args: -XX:MaxMetaspaceSize=512m --add-opens=java.base/java.util=ALL-UNNAMED --add-opens=java.base/java.lang=ALL-UNNAMED --add-opens=java.base/java.lang.invoke=ALL-UNNAMED --add-opens=java.prefs/java.util.prefs=ALL-UNNAMED --add-exports=jdk.compiler/com.sun.tools.javac.api=ALL-UNNAMED --add-exports=jdk.compiler/com.sun.tools.javac.util=ALL-UNNAMED --add-opens=java.base/java.nio.charset=ALL-UNNAMED --add-opens=java.base/java.net=ALL-UNNAMED --add-opens=java.base/java.util.concurrent.atomic=ALL-UNNAMED -Xmx2048m -Dfile.encoding=windows-1252 -Duser.country=US -Duser.language=en -Duser.variant -javaagent:C:\Users\Administrator\.gradle\wrapper\dists\gradle-8.10.2-all\7iv73wktx1xtkvlq19urqw1wm\gradle-8.10.2\lib\agents\gradle-instrumentation-agent-8.10.2.jar 
java_command: org.gradle.launcher.daemon.bootstrap.GradleDaemon 8.10.2
java_class_path (initial): C:\Users\Administrator\.gradle\wrapper\dists\gradle-8.10.2-all\7iv73wktx1xtkvlq19urqw1wm\gradle-8.10.2\lib\gradle-daemon-main-8.10.2.jar
Launcher Type: SUN_STANDARD

[Global flags]
     intx CICompilerCount                          = 3                                         {product} {ergonomic}
   size_t CompressedClassSpaceSize                 = 436207616                                 {product} {ergonomic}
     uint ConcGCThreads                            = 1                                         {product} {ergonomic}
     uint G1ConcRefinementThreads                  = 4                                         {product} {ergonomic}
   size_t G1HeapRegionSize                         = 1048576                                   {product} {ergonomic}
    uintx GCDrainStackTargetSize                   = 64                                        {product} {ergonomic}
   size_t InitialHeapSize                          = 268435456                                 {product} {ergonomic}
   size_t MarkStackSize                            = 4194304                                   {product} {ergonomic}
   size_t MaxHeapSize                              = 2147483648                                {product} {command line}
   size_t MaxMetaspaceSize                         = 536870912                                 {product} {command line}
   size_t MaxNewSize                               = 1287651328                                {product} {ergonomic}
   size_t MinHeapDeltaBytes                        = 1048576                                   {product} {ergonomic}
   size_t MinHeapSize                              = 8388608                                   {product} {ergonomic}
    uintx NonNMethodCodeHeapSize                   = 5832780                                {pd product} {ergonomic}
    uintx NonProfiledCodeHeapSize                  = 122912730                              {pd product} {ergonomic}
    uintx ProfiledCodeHeapSize                     = 122912730                              {pd product} {ergonomic}
    uintx ReservedCodeCacheSize                    = 251658240                              {pd product} {ergonomic}
     bool SegmentedCodeCache                       = true                                      {product} {ergonomic}
   size_t SoftMaxHeapSize                          = 2147483648                             {manageable} {ergonomic}
     bool UseCompressedClassPointers               = true                           {product lp64_product} {ergonomic}
     bool UseCompressedOops                        = true                           {product lp64_product} {ergonomic}
     bool UseG1GC                                  = true                                      {product} {ergonomic}
     bool UseLargePagesIndividualAllocation        = false                                  {pd product} {ergonomic}

Logging:
Log output configuration:
 #0: stdout all=warning uptime,level,tags
 #1: stderr all=off uptime,level,tags

Environment Variables:
JAVA_HOME=C:\Program Files\Microsoft\jdk-17.0.8.7-hotspot\
CLASSPATH=D:\Tahafuz_App\android\\gradle\wrapper\gradle-wrapper.jar
PATH=D:\Tahafuz_App\node_modules\.bin;D:\Tahafuz_App\node_modules\.bin;D:\node_modules\.bin;C:\Program Files\nodejs\node_modules\npm\node_modules\@npmcli\run-script\lib\node-gyp-bin;C:\Program Files\Microsoft\jdk-17.0.8.7-hotspot\bin;C:\Windows\system32;C:\Windows;C:\Windows\System32\Wbem;C:\Windows\System32\WindowsPowerShell\v1.0\;C:\Windows\System32\OpenSSH\;C:\ProgramData\chocolatey\bin;C:\Program Files\nodejs\;C:\Program Files\Git\cmd;C:\Program Files\MongoDB\Server\8.0\bin;C:\Users\Administrator\AppData\Local\Android\Sdk\tools;C:\Users\Administrator\AppData\Local\Microsoft\WindowsApps;C:\Users\Administrator\AppData\Roaming\npm;C:\Users\Administrator\AppData\Local\Programs\Microsoft VS Code\bin;C:\Users\Administrator\AppData\Local\Android\Sdk\platform-tools;C:\Users\Administrator\AppData\Local\Programs\mongosh\;C:\Program Files\MongoDB\TOOLS\bin;D:\flutterSetup\sdk\flutter\bin;
USERNAME=Administrator
LANG=en_US.UTF-8
OS=Windows_NT
PROCESSOR_IDENTIFIER=Intel64 Family 6 Model 60 Stepping 3, GenuineIntel
TMP=C:\Users\ADMINI~1\AppData\Local\Temp
TEMP=C:\Users\ADMINI~1\AppData\Local\Temp



---------------  S Y S T E M  ---------------

OS:
 Windows 10 , 64 bit Build 19041 (10.0.19041.5198)
OS uptime: 8 days 1:27 hours

CPU: total 4 (initial active 4) (4 cores per cpu, 1 threads per core) family 6 model 60 stepping 3 microcode 0x27, cx8, cmov, fxsr, mmx, sse, sse2, sse3, ssse3, sse4.1, sse4.2, popcnt, lzcnt, tsc, tscinvbit, avx, avx2, aes, erms, clmul, bmi1, bmi2, fma, vzeroupper, clflush
Processor Information for all 4 processors :
  Max Mhz: 2900, Current Mhz: 2900, Mhz Limit: 2900

Memory: 4k page, system-wide physical 16336M (3256M free)
TotalPageFile size 29136M (AvailPageFile size 8899M)
current process WorkingSet (physical memory assigned to process): 407M, peak: 411M
current process commit charge ("private bytes"): 442M, peak: 447M

vm_info: OpenJDK 64-Bit Server VM (17.0.8+7-LTS) for windows-amd64 JRE (17.0.8+7-LTS), built on Jul  7 2023 17:21:55 by "MicrosoftCorporation" with MS VC++ 16.10 / 16.11 (VS2019)

END.
