#
# A fatal error has been detected by the Java Runtime Environment:
#
#  EXCEPTION_ACCESS_VIOLATION (0xc0000005) at pc=0x00007ffb7a34e0a9, pid=3460, tid=11520
#
# JRE version: OpenJDK Runtime Environment Microsoft-8035246 (17.0.8+7) (build 17.0.8+7-LTS)
# Java VM: OpenJDK 64-Bit Server VM Microsoft-8035246 (17.0.8+7-LTS, mixed mode, sharing, tiered, compressed oops, compressed class ptrs, g1 gc, windows-amd64)
# Problematic frame:
# V  [jvm.dll+0x2be0a9]
#
# No core dump will be written. Minidumps are not enabled by default on client versions of Windows
#
# If you would like to submit a bug report, please visit:
#   https://github.com/microsoft/openjdk/issues
#

---------------  S U M M A R Y ------------

Command Line: -XX:MaxMetaspaceSize=512m --add-opens=java.base/java.util=ALL-UNNAMED --add-opens=java.base/java.lang=ALL-UNNAMED --add-opens=java.base/java.lang.invoke=ALL-UNNAMED --add-opens=java.prefs/java.util.prefs=ALL-UNNAMED --add-exports=jdk.compiler/com.sun.tools.javac.api=ALL-UNNAMED --add-exports=jdk.compiler/com.sun.tools.javac.util=ALL-UNNAMED --add-opens=java.base/java.nio.charset=ALL-UNNAMED --add-opens=java.base/java.net=ALL-UNNAMED --add-opens=java.base/java.util.concurrent.atomic=ALL-UNNAMED -Xmx2048m -Dfile.encoding=windows-1252 -Duser.country=US -Duser.language=en -Duser.variant -javaagent:C:\Users\Administrator\.gradle\wrapper\dists\gradle-8.10.2-all\7iv73wktx1xtkvlq19urqw1wm\gradle-8.10.2\lib\agents\gradle-instrumentation-agent-8.10.2.jar org.gradle.launcher.daemon.bootstrap.GradleDaemon 8.10.2

Host: Intel(R) Core(TM) i5-4570S CPU @ 2.90GHz, 4 cores, 15G,  Windows 10 , 64 bit Build 19041 (10.0.19041.5198)
Time: Thu Jan 30 23:24:52 2025 Pakistan Standard Time elapsed time: 33.790038 seconds (0d 0h 0m 33s)

---------------  T H R E A D  ---------------

Current thread (0x000001ad58511470):  JavaThread "C2 CompilerThread0" daemon [_thread_in_native, id=11520, stack(0x0000004f45a00000,0x0000004f45b00000)]


Current CompileTask:
C2:  33790 10869   !   4       org.gradle.cache.internal.DefaultMultiProcessSafeIndexedCache::getIfPresent (25 bytes)

Stack: [0x0000004f45a00000,0x0000004f45b00000],  sp=0x0000004f45afb340,  free space=1004k
Native frames: (J=compiled Java code, j=interpreted, Vv=VM code, C=native code)
V  [jvm.dll+0x2be0a9]
V  [jvm.dll+0x21ba8b]
V  [jvm.dll+0x21944b]
V  [jvm.dll+0x1a56b6]
V  [jvm.dll+0x2291ea]
V  [jvm.dll+0x22724c]
V  [jvm.dll+0x7efd0c]
V  [jvm.dll+0x7ea13a]
V  [jvm.dll+0x67ad85]
C  [ucrtbase.dll+0x21bb2]
C  [KERNEL32.DLL+0x17374]
C  [ntdll.dll+0x4cc91]


siginfo: EXCEPTION_ACCESS_VIOLATION (0xc0000005), reading address 0x0000000000000028


Register to memory mapping:

RIP=0x00007ffb7a34e0a9 jvm.dll
RAX=0x000001ad7d328310 points into unknown readable memory: 0x0000000000000000 | 00 00 00 00 00 00 00 00
RBX=0x0000000000001713 is an unknown value
RCX=0x0 is NULL
RDX=0x0 is NULL
RSP=0x0000004f45afb340 is pointing into the stack for thread: 0x000001ad58511470
RBP=0x0000004f45afb3b0 is pointing into the stack for thread: 0x000001ad58511470
RSI=0x0 is NULL
RDI=0x0000000000000047 is an unknown value
R8 =0x000000000000ffe0 is an unknown value
R9 =0x0 is NULL
R10=0x00007ffb9eb80000 VCRUNTIME140.dll
R11=0x000001ad7d328330 points into unknown readable memory: 0x0000000000000000 | 00 00 00 00 00 00 00 00
R12=0x0000000000000050 is an unknown value
R13=0x0 is NULL
R14=0x0 is NULL
R15=0x0000004f45afe560 is pointing into the stack for thread: 0x000001ad58511470


Registers:
RAX=0x000001ad7d328310, RBX=0x0000000000001713, RCX=0x0000000000000000, RDX=0x0000000000000000
RSP=0x0000004f45afb340, RBP=0x0000004f45afb3b0, RSI=0x0000000000000000, RDI=0x0000000000000047
R8 =0x000000000000ffe0, R9 =0x0000000000000000, R10=0x00007ffb9eb80000, R11=0x000001ad7d328330
R12=0x0000000000000050, R13=0x0000000000000000, R14=0x0000000000000000, R15=0x0000004f45afe560
RIP=0x00007ffb7a34e0a9, EFLAGS=0x0000000000010202

Top of Stack: (sp=0x0000004f45afb340)
0x0000004f45afb340:   0000000000001713 0000000000000000
0x0000004f45afb350:   0000004f45afe560 00007ffb7a2b38d1
0x0000004f45afb360:   000001ad58501330 00007ffb00002000
0x0000004f45afb370:   000001ad7d328310 000001ad00000000
0x0000004f45afb380:   0000000000000002 000001ad7ac54300
0x0000004f45afb390:   0000000000000002 000001ad58501330
0x0000004f45afb3a0:   0000000000000000 0000000000000000
0x0000004f45afb3b0:   000001ad584e6d90 000001ad389ca0c0
0x0000004f45afb3c0:   0000000000000047 00007ffb7a9d4c08
0x0000004f45afb3d0:   0000004f45afb4e0 00007ffb7a2aba8b
0x0000004f45afb3e0:   0000004f45afe560 00007ffb7a9d4c08
0x0000004f45afb3f0:   0000004f45afe560 0000004f45afb4e0
0x0000004f45afb400:   000001ad00000000 00007ffb7a6ab7fb
0x0000004f45afb410:   0000004f0000000f 0000004f45afe560
0x0000004f45afb420:   0000004f45afb590 0000000000000000
0x0000004f45afb430:   000001ad00000100 00007ffb7a9d4c08 

Instructions: (pc=0x00007ffb7a34e0a9)
0x00007ffb7a34dfa9:   3b d0 75 0b ff c1 41 3b c9 7c dc 48 8b c2 c3 33
0x00007ffb7a34dfb9:   c0 c3 cc cc cc cc cc 48 89 5c 24 18 55 56 57 41
0x00007ffb7a34dfc9:   55 41 57 48 8b ec 48 83 ec 70 65 48 8b 04 25 58
0x00007ffb7a34dfd9:   00 00 00 48 8b f2 44 8b 05 d2 8b 90 00 4c 8b f9
0x00007ffb7a34dfe9:   4a 8b 1c c0 b8 50 00 00 00 80 3c 18 00 75 05 e8
0x00007ffb7a34dff9:   8b 6f 5d 00 b8 20 00 00 00 48 8b 04 18 48 8b 98
0x00007ffb7a34e009:   38 02 00 00 48 89 5d b0 c7 45 b8 04 00 00 00 48
0x00007ffb7a34e019:   8b 43 18 48 83 f8 df 76 18 4c 8d 05 37 a9 65 00
0x00007ffb7a34e029:   ba 20 00 00 00 48 8b cb e8 5a eb de ff 48 8b 43
0x00007ffb7a34e039:   18 48 8d 48 20 48 3b 4b 20 76 11 45 33 c0 48 8b
0x00007ffb7a34e049:   cb 41 8d 50 20 e8 fd e8 de ff eb 04 48 89 4b 18
0x00007ffb7a34e059:   44 8b 45 b8 33 d2 49 c1 e0 03 48 8b c8 48 89 45
0x00007ffb7a34e069:   c0 e8 e3 80 5d 00 45 33 ed 48 8d 4d d0 44 89 6d
0x00007ffb7a34e079:   c8 e8 01 59 56 00 41 8b 9f 40 02 00 00 41 2b 9f
0x00007ffb7a34e089:   68 02 00 00 44 89 6d f0 3b 5d b8 72 0b 8b d3 48
0x00007ffb7a34e099:   8d 4d b0 e8 6f b3 39 00 48 8b 45 c0 4c 89 2c d8
0x00007ffb7a34e0a9:   8b 7e 28 8b df c1 eb 05 3b 5d d0 72 0b 8b d3 48
0x00007ffb7a34e0b9:   8d 4d d0 e8 1f 59 56 00 48 8b 45 d8 83 e7 1f 48
0x00007ffb7a34e0c9:   8d 14 98 40 0f b6 cf 41 b8 01 00 00 00 41 d3 e0
0x00007ffb7a34e0d9:   8b 0a 8b c1 41 0b c0 89 02 41 85 c8 75 21 8b 5d
0x00007ffb7a34e0e9:   c8 8d 43 01 89 45 c8 3b 5d b8 72 0b 8b d3 48 8d
0x00007ffb7a34e0f9:   4d b0 e8 10 b3 39 00 48 8b 45 c0 48 89 34 d8 44
0x00007ffb7a34e109:   39 6d c8 0f 86 77 01 00 00 4c 89 a4 24 a0 00 00
0x00007ffb7a34e119:   00 4c 89 b4 24 a8 00 00 00 48 8b 45 c0 41 8b cd
0x00007ffb7a34e129:   48 8b 34 c8 8b 46 2c 25 ff 1f 00 00 3d 04 10 00
0x00007ffb7a34e139:   00 0f 85 a7 00 00 00 bb 01 00 00 00 39 5e 18 76
0x00007ffb7a34e149:   39 66 0f 1f 44 00 00 48 8b 46 08 8b cb 48 8b 14
0x00007ffb7a34e159:   c8 48 85 d2 74 1d 48 83 7a 10 00 74 16 80 7a 2c
0x00007ffb7a34e169:   84 74 10 e8 7f 7e ee ff 48 8b d0 49 8b cf e8 a4
0x00007ffb7a34e179:   61 f6 ff ff c3 3b 5e 18 72 cd 48 8b 5e 10 8b 46
0x00007ffb7a34e189:   20 4c 8d 34 c3 49 3b de 73 54 48 8b 3b 8b 47 2c
0x00007ffb7a34e199:   83 e0 03 3c 03 75 2e 48 8b 07 48 8b cf ff 90 88 


Stack slot to memory mapping:
stack at sp + 0 slots: 0x0000000000001713 is an unknown value
stack at sp + 1 slots: 0x0 is NULL
stack at sp + 2 slots: 0x0000004f45afe560 is pointing into the stack for thread: 0x000001ad58511470
stack at sp + 3 slots: 0x00007ffb7a2b38d1 jvm.dll
stack at sp + 4 slots: 0x000001ad58501330 points into unknown readable memory: 0x0000000000000006 | 06 00 00 00 00 00 00 00
stack at sp + 5 slots: 0x00007ffb00002000 is an unknown value
stack at sp + 6 slots: 0x000001ad7d328310 points into unknown readable memory: 0x0000000000000000 | 00 00 00 00 00 00 00 00
stack at sp + 7 slots: 0x000001ad00000000 is an unknown value


---------------  P R O C E S S  ---------------

Threads class SMR info:
_java_thread_list=0x000001ad7bede670, length=89, elements={
0x000001ad389b2fa0, 0x000001ad584ea180, 0x000001ad584ebf20, 0x000001ad58503360,
0x000001ad58503c30, 0x000001ad58504500, 0x000001ad58504dd0, 0x000001ad58511470,
0x000001ad5851bda0, 0x000001ad5851c6b0, 0x000001ad584d6d50, 0x000001ad587f4530,
0x000001ad79a91d90, 0x000001ad79499020, 0x000001ad793f9810, 0x000001ad79c09480,
0x000001ad7923eff0, 0x000001ad781fa950, 0x000001ad781fae60, 0x000001ad781fb370,
0x000001ad781fc2a0, 0x000001ad781fb880, 0x000001ad781fc7b0, 0x000001ad781fdbf0,
0x000001ad781fa440, 0x000001ad781fbd90, 0x000001ad781fccc0, 0x000001ad781fd1d0,
0x000001ad781fd6e0, 0x000001ad7c49f940, 0x000001ad7c49f430, 0x000001ad7c4a6390,
0x000001ad7c4a5970, 0x000001ad7c4a4020, 0x000001ad7c4a0870, 0x000001ad7c4a0d80,
0x000001ad7c4a5460, 0x000001ad7c4a1cb0, 0x000001ad7c49fe50, 0x000001ad7c4a1290,
0x000001ad7c4a2be0, 0x000001ad7c4a17a0, 0x000001ad7c4a5e80, 0x000001ad7c4a6db0,
0x000001ad7c4a30f0, 0x000001ad7c4a4f50, 0x000001ad7c4a3b10, 0x000001ad7c4a4530,
0x000001ad7c4a4a40, 0x000001ad7c4a68a0, 0x000001ad7bb50500, 0x000001ad7bb52d80,
0x000001ad7bb4fff0, 0x000001ad7bb52870, 0x000001ad7bb51430, 0x000001ad7bb4cd50,
0x000001ad7bb4fae0, 0x000001ad7bb4f5d0, 0x000001ad7bb4be20, 0x000001ad7bb4d260,
0x000001ad7bb50a10, 0x000001ad7bb50f20, 0x000001ad7bb52360, 0x000001ad7bb51940,
0x000001ad7bb4b910, 0x000001ad7bb4f0c0, 0x000001ad7bb4c330, 0x000001ad7bb53290,
0x000001ad7bb4c840, 0x000001ad7bb4d770, 0x000001ad7bb4dc80, 0x000001ad7bb4e190,
0x000001ad7acad810, 0x000001ad7acac8e0, 0x000001ad7acaaa80, 0x000001ad7acab9b0,
0x000001ad7acac3d0, 0x000001ad7acaaf90, 0x000001ad7acacdf0, 0x000001ad7acad300,
0x000001ad7acaa060, 0x000001ad7acab4a0, 0x000001ad7d178410, 0x000001ad7d178920,
0x000001ad7d1728f0, 0x000001ad7d178e30, 0x000001ad7d1760a0, 0x000001ad7acb96b0,
0x000001ad7d179340
}

Java Threads: ( => current thread )
  0x000001ad389b2fa0 JavaThread "main" [_thread_blocked, id=4200, stack(0x0000004f44d00000,0x0000004f44e00000)]
  0x000001ad584ea180 JavaThread "Reference Handler" daemon [_thread_blocked, id=12088, stack(0x0000004f45400000,0x0000004f45500000)]
  0x000001ad584ebf20 JavaThread "Finalizer" daemon [_thread_blocked, id=15132, stack(0x0000004f45500000,0x0000004f45600000)]
  0x000001ad58503360 JavaThread "Signal Dispatcher" daemon [_thread_blocked, id=7292, stack(0x0000004f45600000,0x0000004f45700000)]
  0x000001ad58503c30 JavaThread "Attach Listener" daemon [_thread_blocked, id=9376, stack(0x0000004f45700000,0x0000004f45800000)]
  0x000001ad58504500 JavaThread "Service Thread" daemon [_thread_blocked, id=15632, stack(0x0000004f45800000,0x0000004f45900000)]
  0x000001ad58504dd0 JavaThread "Monitor Deflation Thread" daemon [_thread_blocked, id=12268, stack(0x0000004f45900000,0x0000004f45a00000)]
=>0x000001ad58511470 JavaThread "C2 CompilerThread0" daemon [_thread_in_native, id=11520, stack(0x0000004f45a00000,0x0000004f45b00000)]
  0x000001ad5851bda0 JavaThread "C1 CompilerThread0" daemon [_thread_blocked, id=2976, stack(0x0000004f45b00000,0x0000004f45c00000)]
  0x000001ad5851c6b0 JavaThread "Sweeper thread" daemon [_thread_blocked, id=15908, stack(0x0000004f45c00000,0x0000004f45d00000)]
  0x000001ad584d6d50 JavaThread "Common-Cleaner" daemon [_thread_blocked, id=3436, stack(0x0000004f45d00000,0x0000004f45e00000)]
  0x000001ad587f4530 JavaThread "Notification Thread" daemon [_thread_blocked, id=17660, stack(0x0000004f45e00000,0x0000004f45f00000)]
  0x000001ad79a91d90 JavaThread "Daemon health stats" [_thread_blocked, id=14900, stack(0x0000004f46500000,0x0000004f46600000)]
  0x000001ad79499020 JavaThread "Incoming local TCP Connector on port 52122" [_thread_in_native, id=13392, stack(0x0000004f46600000,0x0000004f46700000)]
  0x000001ad793f9810 JavaThread "Daemon periodic checks" [_thread_blocked, id=15476, stack(0x0000004f46700000,0x0000004f46800000)]
  0x000001ad79c09480 JavaThread "Daemon" [_thread_blocked, id=10292, stack(0x0000004f46800000,0x0000004f46900000)]
  0x000001ad7923eff0 JavaThread "Handler for socket connection from /127.0.0.1:52122 to /127.0.0.1:52123" [_thread_in_native, id=13488, stack(0x0000004f46900000,0x0000004f46a00000)]
  0x000001ad781fa950 JavaThread "Cancel handler" [_thread_blocked, id=18244, stack(0x0000004f46a00000,0x0000004f46b00000)]
  0x000001ad781fae60 JavaThread "Daemon worker" [_thread_in_Java, id=17932, stack(0x0000004f46b00000,0x0000004f46c00000)]
  0x000001ad781fb370 JavaThread "Asynchronous log dispatcher for DefaultDaemonConnection: socket connection from /127.0.0.1:52122 to /127.0.0.1:52123" [_thread_blocked, id=5292, stack(0x0000004f46c00000,0x0000004f46d00000)]
  0x000001ad781fc2a0 JavaThread "Stdin handler" [_thread_blocked, id=604, stack(0x0000004f46d00000,0x0000004f46e00000)]
  0x000001ad781fb880 JavaThread "Daemon client event forwarder" [_thread_blocked, id=15952, stack(0x0000004f46e00000,0x0000004f46f00000)]
  0x000001ad781fc7b0 JavaThread "Cache worker for journal cache (C:\Users\Administrator\.gradle\caches\journal-1)" [_thread_blocked, id=10188, stack(0x0000004f46f00000,0x0000004f47000000)]
  0x000001ad781fdbf0 JavaThread "File lock request listener" [_thread_in_native, id=16564, stack(0x0000004f47000000,0x0000004f47100000)]
  0x000001ad781fa440 JavaThread "Cache worker for file hash cache (C:\Users\Administrator\.gradle\caches\8.10.2\fileHashes)" [_thread_blocked, id=1300, stack(0x0000004f47100000,0x0000004f47200000)]
  0x000001ad781fbd90 JavaThread "Cache worker for file hash cache (D:\Tahafuz_App\android\.gradle\8.10.2\fileHashes)" [_thread_blocked, id=11296, stack(0x0000004f47200000,0x0000004f47300000)]
  0x000001ad781fccc0 JavaThread "Cache worker for Build Output Cleanup Cache (D:\Tahafuz_App\android\.gradle\buildOutputCleanup)" [_thread_blocked, id=12916, stack(0x0000004f46000000,0x0000004f46100000)]
  0x000001ad781fd1d0 JavaThread "File watcher server" daemon [_thread_in_native, id=7400, stack(0x0000004f47400000,0x0000004f47500000)]
  0x000001ad781fd6e0 JavaThread "File watcher consumer" daemon [_thread_blocked, id=3924, stack(0x0000004f47500000,0x0000004f47600000)]
  0x000001ad7c49f940 JavaThread "Cache worker for checksums cache (D:\Tahafuz_App\android\.gradle\8.10.2\checksums)" [_thread_blocked, id=10504, stack(0x0000004f47600000,0x0000004f47700000)]
  0x000001ad7c49f430 JavaThread "Cache worker for file content cache (C:\Users\Administrator\.gradle\caches\8.10.2\fileContent)" [_thread_blocked, id=15296, stack(0x0000004f47700000,0x0000004f47800000)]
  0x000001ad7c4a6390 JavaThread "Cache worker for cache directory md-rule (C:\Users\Administrator\.gradle\caches\8.10.2\md-rule)" [_thread_blocked, id=6996, stack(0x0000004f47800000,0x0000004f47900000)]
  0x000001ad7c4a5970 JavaThread "Cache worker for cache directory md-supplier (C:\Users\Administrator\.gradle\caches\8.10.2\md-supplier)" [_thread_blocked, id=12628, stack(0x0000004f47300000,0x0000004f47400000)]
  0x000001ad7c4a4020 JavaThread "jar transforms" [_thread_blocked, id=7364, stack(0x0000004f47a00000,0x0000004f47b00000)]
  0x000001ad7c4a0870 JavaThread "Cache worker for Build Output Cleanup Cache (D:\Tahafuz_App\node_modules\@react-native\gradle-plugin\.gradle\buildOutputCleanup)" [_thread_blocked, id=12056, stack(0x0000004f47b00000,0x0000004f47c00000)]
  0x000001ad7c4a0d80 JavaThread "Unconstrained build operations" [_thread_blocked, id=15084, stack(0x0000004f47c00000,0x0000004f47d00000)]
  0x000001ad7c4a5460 JavaThread "Unconstrained build operations Thread 2" [_thread_blocked, id=4276, stack(0x0000004f47d00000,0x0000004f47e00000)]
  0x000001ad7c4a1cb0 JavaThread "Unconstrained build operations Thread 3" [_thread_blocked, id=8772, stack(0x0000004f47e00000,0x0000004f47f00000)]
  0x000001ad7c49fe50 JavaThread "Unconstrained build operations Thread 4" [_thread_blocked, id=15768, stack(0x0000004f47f00000,0x0000004f48000000)]
  0x000001ad7c4a1290 JavaThread "Unconstrained build operations Thread 5" [_thread_blocked, id=17984, stack(0x0000004f48000000,0x0000004f48100000)]
  0x000001ad7c4a2be0 JavaThread "Unconstrained build operations Thread 6" [_thread_blocked, id=11168, stack(0x0000004f48100000,0x0000004f48200000)]
  0x000001ad7c4a17a0 JavaThread "Unconstrained build operations Thread 7" [_thread_blocked, id=10836, stack(0x0000004f48200000,0x0000004f48300000)]
  0x000001ad7c4a5e80 JavaThread "Unconstrained build operations Thread 8" [_thread_blocked, id=18240, stack(0x0000004f48300000,0x0000004f48400000)]
  0x000001ad7c4a6db0 JavaThread "Unconstrained build operations Thread 9" [_thread_blocked, id=4372, stack(0x0000004f48400000,0x0000004f48500000)]
  0x000001ad7c4a30f0 JavaThread "Unconstrained build operations Thread 10" [_thread_blocked, id=14068, stack(0x0000004f48500000,0x0000004f48600000)]
  0x000001ad7c4a4f50 JavaThread "Unconstrained build operations Thread 11" [_thread_blocked, id=4492, stack(0x0000004f48600000,0x0000004f48700000)]
  0x000001ad7c4a3b10 JavaThread "Unconstrained build operations Thread 12" [_thread_blocked, id=7556, stack(0x0000004f48700000,0x0000004f48800000)]
  0x000001ad7c4a4530 JavaThread "Unconstrained build operations Thread 13" [_thread_blocked, id=17464, stack(0x0000004f48800000,0x0000004f48900000)]
  0x000001ad7c4a4a40 JavaThread "Unconstrained build operations Thread 14" [_thread_blocked, id=1376, stack(0x0000004f48900000,0x0000004f48a00000)]
  0x000001ad7c4a68a0 JavaThread "Unconstrained build operations Thread 15" [_thread_blocked, id=4904, stack(0x0000004f48a00000,0x0000004f48b00000)]
  0x000001ad7bb50500 JavaThread "Memory manager" [_thread_blocked, id=372, stack(0x0000004f48b00000,0x0000004f48c00000)]
  0x000001ad7bb52d80 JavaThread "build event listener" [_thread_blocked, id=14544, stack(0x0000004f48c00000,0x0000004f48d00000)]
  0x000001ad7bb4fff0 JavaThread "ForkJoinPool.commonPool-worker-1" daemon [_thread_blocked, id=11380, stack(0x0000004f48d00000,0x0000004f48e00000)]
  0x000001ad7bb52870 JavaThread "ForkJoinPool.commonPool-worker-2" daemon [_thread_blocked, id=10232, stack(0x0000004f48e00000,0x0000004f48f00000)]
  0x000001ad7bb51430 JavaThread "ForkJoinPool.commonPool-worker-3" daemon [_thread_blocked, id=13972, stack(0x0000004f48f00000,0x0000004f49000000)]
  0x000001ad7bb4cd50 JavaThread "included builds" [_thread_blocked, id=15732, stack(0x0000004f49000000,0x0000004f49100000)]
  0x000001ad7bb4fae0 JavaThread "Execution worker" [_thread_blocked, id=2808, stack(0x0000004f49100000,0x0000004f49200000)]
  0x000001ad7bb4f5d0 JavaThread "Execution worker Thread 2" [_thread_blocked, id=4736, stack(0x0000004f49200000,0x0000004f49300000)]
  0x000001ad7bb4be20 JavaThread "Execution worker Thread 3" [_thread_blocked, id=9180, stack(0x0000004f49300000,0x0000004f49400000)]
  0x000001ad7bb4d260 JavaThread "Cache worker for execution history cache (D:\Tahafuz_App\node_modules\@react-native\gradle-plugin\.gradle\8.10.2\executionHistory)" [_thread_blocked, id=15528, stack(0x0000004f49400000,0x0000004f49500000)]
  0x000001ad7bb50a10 JavaThread "Unconstrained build operations Thread 16" [_thread_blocked, id=13404, stack(0x0000004f47900000,0x0000004f47a00000)]
  0x000001ad7bb50f20 JavaThread "Unconstrained build operations Thread 17" [_thread_blocked, id=3180, stack(0x0000004f49500000,0x0000004f49600000)]
  0x000001ad7bb52360 JavaThread "Unconstrained build operations Thread 18" [_thread_blocked, id=7544, stack(0x0000004f49600000,0x0000004f49700000)]
  0x000001ad7bb51940 JavaThread "Unconstrained build operations Thread 19" [_thread_blocked, id=2056, stack(0x0000004f49700000,0x0000004f49800000)]
  0x000001ad7bb4b910 JavaThread "Unconstrained build operations Thread 20" [_thread_blocked, id=9644, stack(0x0000004f49800000,0x0000004f49900000)]
  0x000001ad7bb4f0c0 JavaThread "Unconstrained build operations Thread 21" [_thread_blocked, id=14272, stack(0x0000004f49900000,0x0000004f49a00000)]
  0x000001ad7bb4c330 JavaThread "Unconstrained build operations Thread 22" [_thread_blocked, id=14400, stack(0x0000004f49a00000,0x0000004f49b00000)]
  0x000001ad7bb53290 JavaThread "Unconstrained build operations Thread 23" [_thread_blocked, id=9660, stack(0x0000004f49b00000,0x0000004f49c00000)]
  0x000001ad7bb4c840 JavaThread "Unconstrained build operations Thread 24" [_thread_blocked, id=15400, stack(0x0000004f49c00000,0x0000004f49d00000)]
  0x000001ad7bb4d770 JavaThread "Unconstrained build operations Thread 25" [_thread_blocked, id=13576, stack(0x0000004f49d00000,0x0000004f49e00000)]
  0x000001ad7bb4dc80 JavaThread "Unconstrained build operations Thread 26" [_thread_blocked, id=1352, stack(0x0000004f49e00000,0x0000004f49f00000)]
  0x000001ad7bb4e190 JavaThread "Unconstrained build operations Thread 27" [_thread_blocked, id=6976, stack(0x0000004f49f00000,0x0000004f4a000000)]
  0x000001ad7acad810 JavaThread "Unconstrained build operations Thread 28" [_thread_blocked, id=17616, stack(0x0000004f4a100000,0x0000004f4a200000)]
  0x000001ad7acac8e0 JavaThread "Unconstrained build operations Thread 29" [_thread_blocked, id=2460, stack(0x0000004f4a200000,0x0000004f4a300000)]
  0x000001ad7acaaa80 JavaThread "Unconstrained build operations Thread 30" [_thread_blocked, id=15872, stack(0x0000004f4a300000,0x0000004f4a400000)]
  0x000001ad7acab9b0 JavaThread "Unconstrained build operations Thread 31" [_thread_blocked, id=14200, stack(0x0000004f4a400000,0x0000004f4a500000)]
  0x000001ad7acac3d0 JavaThread "Unconstrained build operations Thread 32" [_thread_blocked, id=12704, stack(0x0000004f4a500000,0x0000004f4a600000)]
  0x000001ad7acaaf90 JavaThread "Unconstrained build operations Thread 33" [_thread_blocked, id=6568, stack(0x0000004f4a600000,0x0000004f4a700000)]
  0x000001ad7acacdf0 JavaThread "Unconstrained build operations Thread 34" [_thread_blocked, id=9588, stack(0x0000004f4a700000,0x0000004f4a800000)]
  0x000001ad7acad300 JavaThread "Unconstrained build operations Thread 35" [_thread_blocked, id=3224, stack(0x0000004f4a800000,0x0000004f4a900000)]
  0x000001ad7acaa060 JavaThread "Unconstrained build operations Thread 36" [_thread_blocked, id=16852, stack(0x0000004f4a900000,0x0000004f4aa00000)]
  0x000001ad7acab4a0 JavaThread "jar transforms Thread 2" [_thread_blocked, id=16492, stack(0x0000004f4aa00000,0x0000004f4ab00000)]
  0x000001ad7d178410 JavaThread "jar transforms Thread 3" [_thread_blocked, id=8252, stack(0x0000004f4ad00000,0x0000004f4ae00000)]
  0x000001ad7d178920 JavaThread "Unconstrained build operations Thread 37" [_thread_blocked, id=7440, stack(0x0000004f4a000000,0x0000004f4a100000)]
  0x000001ad7d1728f0 JavaThread "Unconstrained build operations Thread 38" [_thread_blocked, id=9600, stack(0x0000004f4ae00000,0x0000004f4af00000)]
  0x000001ad7d178e30 JavaThread "Unconstrained build operations Thread 39" [_thread_blocked, id=2804, stack(0x0000004f4af00000,0x0000004f4b000000)]
  0x000001ad7d1760a0 JavaThread "Unconstrained build operations Thread 40" [_thread_blocked, id=6672, stack(0x0000004f4b000000,0x0000004f4b100000)]
  0x000001ad7acb96b0 JavaThread "C2 CompilerThread1" daemon [_thread_in_native, id=15468, stack(0x0000004f4b100000,0x0000004f4b200000)]
  0x000001ad7d179340 JavaThread "jar transforms Thread 4" [_thread_blocked, id=11660, stack(0x0000004f4b200000,0x0000004f4b300000)]

Other Threads:
  0x000001ad584e6660 VMThread "VM Thread" [stack: 0x0000004f45300000,0x0000004f45400000] [id=9076]
  0x000001ad38a2b3a0 WatcherThread [stack: 0x0000004f45f00000,0x0000004f46000000] [id=656]
  0x000001ad38a0f2f0 GCTaskThread "GC Thread#0" [stack: 0x0000004f44e00000,0x0000004f44f00000] [id=14244]
  0x000001ad588cf870 GCTaskThread "GC Thread#1" [stack: 0x0000004f46100000,0x0000004f46200000] [id=14448]
  0x000001ad5890a4a0 GCTaskThread "GC Thread#2" [stack: 0x0000004f46200000,0x0000004f46300000] [id=10956]
  0x000001ad5890a760 GCTaskThread "GC Thread#3" [stack: 0x0000004f46300000,0x0000004f46400000] [id=16444]
  0x000001ad38a20150 ConcurrentGCThread "G1 Main Marker" [stack: 0x0000004f44f00000,0x0000004f45000000] [id=15372]
  0x000001ad38a24240 ConcurrentGCThread "G1 Conc#0" [stack: 0x0000004f45000000,0x0000004f45100000] [id=18268]
  0x000001ad583a2170 ConcurrentGCThread "G1 Refine#0" [stack: 0x0000004f45100000,0x0000004f45200000] [id=17732]
  0x000001ad79428ca0 ConcurrentGCThread "G1 Refine#1" [stack: 0x0000004f46400000,0x0000004f46500000] [id=15060]
  0x000001ad583a2850 ConcurrentGCThread "G1 Service" [stack: 0x0000004f45200000,0x0000004f45300000] [id=9756]

Threads with active compile tasks:
C2 CompilerThread0    33823 10869   !   4       org.gradle.cache.internal.DefaultMultiProcessSafeIndexedCache::getIfPresent (25 bytes)
C2 CompilerThread1    33823 10905 % !   4       java.util.jar.Attributes::read @ 12 (494 bytes)

VM state: not at safepoint (normal execution)

VM Mutex/Monitor currently owned by a thread: None

Heap address: 0x0000000080000000, size: 2048 MB, Compressed Oops mode: 32-bit

CDS archive(s) mapped at: [0x000001ad59000000-0x000001ad59bd0000-0x000001ad59bd0000), size 12386304, SharedBaseAddress: 0x000001ad59000000, ArchiveRelocationMode: 1.
Compressed class space mapped at: 0x000001ad5a000000-0x000001ad74000000, reserved size: 436207616
Narrow klass base: 0x000001ad59000000, Narrow klass shift: 0, Narrow klass range: 0x100000000

GC Precious Log:
 CPUs: 4 total, 4 available
 Memory: 16336M
 Large Page Support: Disabled
 NUMA Support: Disabled
 Compressed Oops: Enabled (32-bit)
 Heap Region Size: 1M
 Heap Min Capacity: 8M
 Heap Initial Capacity: 256M
 Heap Max Capacity: 2G
 Pre-touch: Disabled
 Parallel Workers: 4
 Concurrent Workers: 1
 Concurrent Refinement Workers: 4
 Periodic GC: Disabled

Heap:
 garbage-first heap   total 243712K, used 176893K [0x0000000080000000, 0x0000000100000000)
  region size 1024K, 90 young (92160K), 7 survivors (7168K)
 Metaspace       used 71509K, committed 72448K, reserved 491520K
  class space    used 10108K, committed 10560K, reserved 425984K

Heap Regions: E=young(eden), S=young(survivor), O=old, HS=humongous(starts), HC=humongous(continues), CS=collection set, F=free, OA=open archive, CA=closed archive, TAMS=top-at-mark-start (previous, next)
|   0|0x0000000080000000, 0x0000000080100000, 0x0000000080100000|100%|HS|  |TAMS 0x0000000080100000, 0x0000000080000000| Complete 
|   1|0x0000000080100000, 0x0000000080200000, 0x0000000080200000|100%|HC|  |TAMS 0x0000000080200000, 0x0000000080100000| Complete 
|   2|0x0000000080200000, 0x0000000080300000, 0x0000000080300000|100%|HC|  |TAMS 0x0000000080300000, 0x0000000080200000| Complete 
|   3|0x0000000080300000, 0x0000000080400000, 0x0000000080400000|100%|HC|  |TAMS 0x0000000080400000, 0x0000000080300000| Complete 
|   4|0x0000000080400000, 0x0000000080500000, 0x0000000080500000|100%| O|  |TAMS 0x0000000080500000, 0x0000000080400000| Untracked 
|   5|0x0000000080500000, 0x0000000080600000, 0x0000000080600000|100%| O|  |TAMS 0x0000000080600000, 0x0000000080500000| Untracked 
|   6|0x0000000080600000, 0x0000000080700000, 0x0000000080700000|100%| O|  |TAMS 0x0000000080700000, 0x0000000080600000| Untracked 
|   7|0x0000000080700000, 0x0000000080800000, 0x0000000080800000|100%| O|  |TAMS 0x0000000080800000, 0x0000000080700000| Untracked 
|   8|0x0000000080800000, 0x0000000080900000, 0x0000000080900000|100%|HS|  |TAMS 0x0000000080900000, 0x0000000080800000| Complete 
|   9|0x0000000080900000, 0x0000000080a00000, 0x0000000080a00000|100%| O|  |TAMS 0x0000000080a00000, 0x0000000080900000| Untracked 
|  10|0x0000000080a00000, 0x0000000080b00000, 0x0000000080b00000|100%| O|  |TAMS 0x0000000080b00000, 0x0000000080a00000| Untracked 
|  11|0x0000000080b00000, 0x0000000080c00000, 0x0000000080c00000|100%| O|  |TAMS 0x0000000080c00000, 0x0000000080b00000| Untracked 
|  12|0x0000000080c00000, 0x0000000080d00000, 0x0000000080d00000|100%| O|  |TAMS 0x0000000080d00000, 0x0000000080c00000| Untracked 
|  13|0x0000000080d00000, 0x0000000080e00000, 0x0000000080e00000|100%| O|  |TAMS 0x0000000080e00000, 0x0000000080d00000| Untracked 
|  14|0x0000000080e00000, 0x0000000080f00000, 0x0000000080f00000|100%| O|  |TAMS 0x0000000080f00000, 0x0000000080e00000| Untracked 
|  15|0x0000000080f00000, 0x0000000081000000, 0x0000000081000000|100%| O|  |TAMS 0x0000000081000000, 0x0000000080f00000| Untracked 
|  16|0x0000000081000000, 0x0000000081100000, 0x0000000081100000|100%| O|  |TAMS 0x0000000081100000, 0x0000000081000000| Untracked 
|  17|0x0000000081100000, 0x0000000081200000, 0x0000000081200000|100%| O|  |TAMS 0x0000000081200000, 0x0000000081100000| Untracked 
|  18|0x0000000081200000, 0x0000000081300000, 0x0000000081300000|100%| O|  |TAMS 0x0000000081300000, 0x0000000081200000| Untracked 
|  19|0x0000000081300000, 0x0000000081400000, 0x0000000081400000|100%| O|  |TAMS 0x0000000081400000, 0x0000000081300000| Untracked 
|  20|0x0000000081400000, 0x0000000081500000, 0x0000000081500000|100%| O|  |TAMS 0x0000000081500000, 0x0000000081400000| Untracked 
|  21|0x0000000081500000, 0x0000000081600000, 0x0000000081600000|100%| O|  |TAMS 0x0000000081600000, 0x0000000081500000| Untracked 
|  22|0x0000000081600000, 0x000000008168ca00, 0x0000000081700000| 54%| O|  |TAMS 0x000000008168ca00, 0x0000000081600000| Untracked 
|  23|0x0000000081700000, 0x0000000081800000, 0x0000000081800000|100%| O|  |TAMS 0x0000000081800000, 0x0000000081700000| Untracked 
|  24|0x0000000081800000, 0x0000000081900000, 0x0000000081900000|100%| O|  |TAMS 0x0000000081900000, 0x0000000081800000| Untracked 
|  25|0x0000000081900000, 0x0000000081a00000, 0x0000000081a00000|100%| O|  |TAMS 0x0000000081a00000, 0x0000000081900000| Untracked 
|  26|0x0000000081a00000, 0x0000000081b00000, 0x0000000081b00000|100%| O|  |TAMS 0x0000000081b00000, 0x0000000081a00000| Untracked 
|  27|0x0000000081b00000, 0x0000000081c00000, 0x0000000081c00000|100%| O|  |TAMS 0x0000000081c00000, 0x0000000081b00000| Untracked 
|  28|0x0000000081c00000, 0x0000000081d00000, 0x0000000081d00000|100%| O|  |TAMS 0x0000000081d00000, 0x0000000081c00000| Untracked 
|  29|0x0000000081d00000, 0x0000000081e00000, 0x0000000081e00000|100%| O|  |TAMS 0x0000000081e00000, 0x0000000081d00000| Untracked 
|  30|0x0000000081e00000, 0x0000000081f00000, 0x0000000081f00000|100%| O|  |TAMS 0x0000000081f00000, 0x0000000081e00000| Untracked 
|  31|0x0000000081f00000, 0x0000000082000000, 0x0000000082000000|100%| O|  |TAMS 0x0000000082000000, 0x0000000081f00000| Untracked 
|  32|0x0000000082000000, 0x0000000082100000, 0x0000000082100000|100%| O|  |TAMS 0x0000000082100000, 0x0000000082000000| Untracked 
|  33|0x0000000082100000, 0x0000000082200000, 0x0000000082200000|100%| O|  |TAMS 0x0000000082200000, 0x0000000082100000| Untracked 
|  34|0x0000000082200000, 0x0000000082300000, 0x0000000082300000|100%| O|  |TAMS 0x0000000082300000, 0x0000000082200000| Untracked 
|  35|0x0000000082300000, 0x0000000082400000, 0x0000000082400000|100%| O|  |TAMS 0x0000000082400000, 0x0000000082300000| Untracked 
|  36|0x0000000082400000, 0x0000000082500000, 0x0000000082500000|100%| O|  |TAMS 0x0000000082500000, 0x0000000082400000| Untracked 
|  37|0x0000000082500000, 0x0000000082600000, 0x0000000082600000|100%| O|  |TAMS 0x0000000082500000, 0x0000000082500000| Untracked 
|  38|0x0000000082600000, 0x0000000082700000, 0x0000000082700000|100%| O|  |TAMS 0x0000000082700000, 0x0000000082600000| Untracked 
|  39|0x0000000082700000, 0x0000000082800000, 0x0000000082800000|100%| O|  |TAMS 0x0000000082800000, 0x0000000082700000| Untracked 
|  40|0x0000000082800000, 0x0000000082900000, 0x0000000082900000|100%| O|  |TAMS 0x0000000082900000, 0x0000000082800000| Untracked 
|  41|0x0000000082900000, 0x0000000082a00000, 0x0000000082a00000|100%| O|  |TAMS 0x0000000082a00000, 0x0000000082900000| Untracked 
|  42|0x0000000082a00000, 0x0000000082b00000, 0x0000000082b00000|100%| O|  |TAMS 0x0000000082b00000, 0x0000000082a00000| Untracked 
|  43|0x0000000082b00000, 0x0000000082c00000, 0x0000000082c00000|100%| O|  |TAMS 0x0000000082c00000, 0x0000000082b00000| Untracked 
|  44|0x0000000082c00000, 0x0000000082d00000, 0x0000000082d00000|100%| O|  |TAMS 0x0000000082d00000, 0x0000000082c00000| Untracked 
|  45|0x0000000082d00000, 0x0000000082e00000, 0x0000000082e00000|100%|HS|  |TAMS 0x0000000082d00000, 0x0000000082d00000| Complete 
|  46|0x0000000082e00000, 0x0000000082f00000, 0x0000000082f00000|100%| O|  |TAMS 0x0000000082f00000, 0x0000000082e00000| Untracked 
|  47|0x0000000082f00000, 0x0000000083000000, 0x0000000083000000|100%|HS|  |TAMS 0x0000000083000000, 0x0000000082f00000| Complete 
|  48|0x0000000083000000, 0x0000000083100000, 0x0000000083100000|100%|HC|  |TAMS 0x0000000083100000, 0x0000000083000000| Complete 
|  49|0x0000000083100000, 0x0000000083200000, 0x0000000083200000|100%|HS|  |TAMS 0x0000000083200000, 0x0000000083100000| Complete 
|  50|0x0000000083200000, 0x0000000083300000, 0x0000000083300000|100%|HC|  |TAMS 0x0000000083300000, 0x0000000083200000| Complete 
|  51|0x0000000083300000, 0x0000000083400000, 0x0000000083400000|100%|HS|  |TAMS 0x0000000083400000, 0x0000000083300000| Complete 
|  52|0x0000000083400000, 0x0000000083500000, 0x0000000083500000|100%|HC|  |TAMS 0x0000000083500000, 0x0000000083400000| Complete 
|  53|0x0000000083500000, 0x0000000083600000, 0x0000000083600000|100%|HC|  |TAMS 0x0000000083600000, 0x0000000083500000| Complete 
|  54|0x0000000083600000, 0x0000000083700000, 0x0000000083700000|100%|HC|  |TAMS 0x0000000083700000, 0x0000000083600000| Complete 
|  55|0x0000000083700000, 0x0000000083800000, 0x0000000083800000|100%|HS|  |TAMS 0x0000000083800000, 0x0000000083700000| Complete 
|  56|0x0000000083800000, 0x0000000083900000, 0x0000000083900000|100%|HC|  |TAMS 0x0000000083900000, 0x0000000083800000| Complete 
|  57|0x0000000083900000, 0x0000000083a00000, 0x0000000083a00000|100%|HC|  |TAMS 0x0000000083a00000, 0x0000000083900000| Complete 
|  58|0x0000000083a00000, 0x0000000083b00000, 0x0000000083b00000|100%|HC|  |TAMS 0x0000000083b00000, 0x0000000083a00000| Complete 
|  59|0x0000000083b00000, 0x0000000083c00000, 0x0000000083c00000|100%| O|  |TAMS 0x0000000083c00000, 0x0000000083b00000| Untracked 
|  60|0x0000000083c00000, 0x0000000083d00000, 0x0000000083d00000|100%| O|  |TAMS 0x0000000083d00000, 0x0000000083c00000| Untracked 
|  61|0x0000000083d00000, 0x0000000083e00000, 0x0000000083e00000|100%| O|  |TAMS 0x0000000083e00000, 0x0000000083d00000| Untracked 
|  62|0x0000000083e00000, 0x0000000083f00000, 0x0000000083f00000|100%| O|  |TAMS 0x0000000083f00000, 0x0000000083e00000| Untracked 
|  63|0x0000000083f00000, 0x0000000084000000, 0x0000000084000000|100%| O|  |TAMS 0x0000000084000000, 0x0000000083f00000| Untracked 
|  64|0x0000000084000000, 0x0000000084100000, 0x0000000084100000|100%| O|  |TAMS 0x0000000084100000, 0x0000000084000000| Untracked 
|  65|0x0000000084100000, 0x0000000084200000, 0x0000000084200000|100%| O|  |TAMS 0x0000000084200000, 0x0000000084100000| Untracked 
|  66|0x0000000084200000, 0x0000000084300000, 0x0000000084300000|100%| O|  |TAMS 0x0000000084300000, 0x0000000084200000| Untracked 
|  67|0x0000000084300000, 0x0000000084400000, 0x0000000084400000|100%| O|  |TAMS 0x0000000084400000, 0x0000000084300000| Untracked 
|  68|0x0000000084400000, 0x0000000084500000, 0x0000000084500000|100%| O|  |TAMS 0x0000000084500000, 0x0000000084400000| Untracked 
|  69|0x0000000084500000, 0x0000000084600000, 0x0000000084600000|100%| O|  |TAMS 0x000000008451fe00, 0x0000000084500000| Untracked 
|  70|0x0000000084600000, 0x0000000084700000, 0x0000000084700000|100%| O|  |TAMS 0x0000000084600000, 0x0000000084600000| Untracked 
|  71|0x0000000084700000, 0x0000000084800000, 0x0000000084800000|100%| O|  |TAMS 0x0000000084700000, 0x0000000084700000| Untracked 
|  72|0x0000000084800000, 0x0000000084900000, 0x0000000084900000|100%| O|  |TAMS 0x0000000084800000, 0x0000000084800000| Untracked 
|  73|0x0000000084900000, 0x0000000084a00000, 0x0000000084a00000|100%| O|  |TAMS 0x0000000084900000, 0x0000000084900000| Untracked 
|  74|0x0000000084a00000, 0x0000000084b00000, 0x0000000084b00000|100%| O|  |TAMS 0x0000000084a00000, 0x0000000084a00000| Untracked 
|  75|0x0000000084b00000, 0x0000000084c00000, 0x0000000084c00000|100%| O|  |TAMS 0x0000000084b00000, 0x0000000084b00000| Untracked 
|  76|0x0000000084c00000, 0x0000000084d00000, 0x0000000084d00000|100%| O|  |TAMS 0x0000000084c00000, 0x0000000084c00000| Untracked 
|  77|0x0000000084d00000, 0x0000000084e00000, 0x0000000084e00000|100%| O|  |TAMS 0x0000000084d00000, 0x0000000084d00000| Untracked 
|  78|0x0000000084e00000, 0x0000000084f00000, 0x0000000084f00000|100%| O|  |TAMS 0x0000000084e00000, 0x0000000084e00000| Untracked 
|  79|0x0000000084f00000, 0x0000000085000000, 0x0000000085000000|100%| O|  |TAMS 0x0000000084f00000, 0x0000000084f00000| Untracked 
|  80|0x0000000085000000, 0x0000000085100000, 0x0000000085100000|100%| O|  |TAMS 0x0000000085000000, 0x0000000085000000| Untracked 
|  81|0x0000000085100000, 0x0000000085132c00, 0x0000000085200000| 19%| O|  |TAMS 0x0000000085100000, 0x0000000085100000| Untracked 
|  82|0x0000000085200000, 0x0000000085300000, 0x0000000085300000|100%|HS|  |TAMS 0x0000000085200000, 0x0000000085200000| Complete 
|  83|0x0000000085300000, 0x0000000085400000, 0x0000000085400000|100%|HS|  |TAMS 0x0000000085300000, 0x0000000085300000| Complete 
|  84|0x0000000085400000, 0x0000000085500000, 0x0000000085500000|100%|HS|  |TAMS 0x0000000085400000, 0x0000000085400000| Complete 
|  85|0x0000000085500000, 0x0000000085600000, 0x0000000085600000|100%|HS|  |TAMS 0x0000000085500000, 0x0000000085500000| Complete 
|  86|0x0000000085600000, 0x0000000085600000, 0x0000000085700000|  0%| F|  |TAMS 0x0000000085600000, 0x0000000085600000| Untracked 
|  87|0x0000000085700000, 0x0000000085700000, 0x0000000085800000|  0%| F|  |TAMS 0x0000000085700000, 0x0000000085700000| Untracked 
|  88|0x0000000085800000, 0x0000000085800000, 0x0000000085900000|  0%| F|  |TAMS 0x0000000085800000, 0x0000000085800000| Untracked 
|  89|0x0000000085900000, 0x0000000085900000, 0x0000000085a00000|  0%| F|  |TAMS 0x0000000085900000, 0x0000000085900000| Untracked 
|  90|0x0000000085a00000, 0x0000000085a00000, 0x0000000085b00000|  0%| F|  |TAMS 0x0000000085a00000, 0x0000000085a00000| Untracked 
|  91|0x0000000085b00000, 0x0000000085b00000, 0x0000000085c00000|  0%| F|  |TAMS 0x0000000085b00000, 0x0000000085b00000| Untracked 
|  92|0x0000000085c00000, 0x0000000085c00000, 0x0000000085d00000|  0%| F|  |TAMS 0x0000000085c00000, 0x0000000085c00000| Untracked 
|  93|0x0000000085d00000, 0x0000000085d00000, 0x0000000085e00000|  0%| F|  |TAMS 0x0000000085d00000, 0x0000000085d00000| Untracked 
|  94|0x0000000085e00000, 0x0000000085e00000, 0x0000000085f00000|  0%| F|  |TAMS 0x0000000085e00000, 0x0000000085e00000| Untracked 
|  95|0x0000000085f00000, 0x0000000085f00000, 0x0000000086000000|  0%| F|  |TAMS 0x0000000085f00000, 0x0000000085f00000| Untracked 
|  96|0x0000000086000000, 0x0000000086000000, 0x0000000086100000|  0%| F|  |TAMS 0x0000000086000000, 0x0000000086000000| Untracked 
|  97|0x0000000086100000, 0x0000000086100000, 0x0000000086200000|  0%| F|  |TAMS 0x0000000086100000, 0x0000000086100000| Untracked 
|  98|0x0000000086200000, 0x0000000086200000, 0x0000000086300000|  0%| F|  |TAMS 0x0000000086200000, 0x0000000086200000| Untracked 
|  99|0x0000000086300000, 0x0000000086300000, 0x0000000086400000|  0%| F|  |TAMS 0x0000000086300000, 0x0000000086300000| Untracked 
| 100|0x0000000086400000, 0x0000000086400000, 0x0000000086500000|  0%| F|  |TAMS 0x0000000086400000, 0x0000000086400000| Untracked 
| 101|0x0000000086500000, 0x0000000086500000, 0x0000000086600000|  0%| F|  |TAMS 0x0000000086500000, 0x0000000086500000| Untracked 
| 102|0x0000000086600000, 0x0000000086600000, 0x0000000086700000|  0%| F|  |TAMS 0x0000000086600000, 0x0000000086600000| Untracked 
| 103|0x0000000086700000, 0x0000000086700000, 0x0000000086800000|  0%| F|  |TAMS 0x0000000086700000, 0x0000000086700000| Untracked 
| 104|0x0000000086800000, 0x0000000086800000, 0x0000000086900000|  0%| F|  |TAMS 0x0000000086800000, 0x0000000086800000| Untracked 
| 105|0x0000000086900000, 0x0000000086900000, 0x0000000086a00000|  0%| F|  |TAMS 0x0000000086900000, 0x0000000086900000| Untracked 
| 106|0x0000000086a00000, 0x0000000086a00000, 0x0000000086b00000|  0%| F|  |TAMS 0x0000000086a00000, 0x0000000086a00000| Untracked 
| 107|0x0000000086b00000, 0x0000000086b00000, 0x0000000086c00000|  0%| F|  |TAMS 0x0000000086b00000, 0x0000000086b00000| Untracked 
| 108|0x0000000086c00000, 0x0000000086c00000, 0x0000000086d00000|  0%| F|  |TAMS 0x0000000086c00000, 0x0000000086c00000| Untracked 
| 109|0x0000000086d00000, 0x0000000086d00000, 0x0000000086e00000|  0%| F|  |TAMS 0x0000000086d00000, 0x0000000086d00000| Untracked 
| 110|0x0000000086e00000, 0x0000000086e00000, 0x0000000086f00000|  0%| F|  |TAMS 0x0000000086e00000, 0x0000000086e00000| Untracked 
| 111|0x0000000086f00000, 0x0000000086f00000, 0x0000000087000000|  0%| F|  |TAMS 0x0000000086f00000, 0x0000000086f00000| Untracked 
| 112|0x0000000087000000, 0x0000000087000000, 0x0000000087100000|  0%| F|  |TAMS 0x0000000087000000, 0x0000000087000000| Untracked 
| 113|0x0000000087100000, 0x0000000087100000, 0x0000000087200000|  0%| F|  |TAMS 0x0000000087100000, 0x0000000087100000| Untracked 
| 114|0x0000000087200000, 0x0000000087200000, 0x0000000087300000|  0%| F|  |TAMS 0x0000000087200000, 0x0000000087200000| Untracked 
| 115|0x0000000087300000, 0x0000000087300000, 0x0000000087400000|  0%| F|  |TAMS 0x0000000087300000, 0x0000000087300000| Untracked 
| 116|0x0000000087400000, 0x0000000087400000, 0x0000000087500000|  0%| F|  |TAMS 0x0000000087400000, 0x0000000087400000| Untracked 
| 117|0x0000000087500000, 0x0000000087500000, 0x0000000087600000|  0%| F|  |TAMS 0x0000000087500000, 0x0000000087500000| Untracked 
| 118|0x0000000087600000, 0x0000000087600000, 0x0000000087700000|  0%| F|  |TAMS 0x0000000087600000, 0x0000000087600000| Untracked 
| 119|0x0000000087700000, 0x0000000087700000, 0x0000000087800000|  0%| F|  |TAMS 0x0000000087700000, 0x0000000087700000| Untracked 
| 120|0x0000000087800000, 0x0000000087800000, 0x0000000087900000|  0%| F|  |TAMS 0x0000000087800000, 0x0000000087800000| Untracked 
| 121|0x0000000087900000, 0x0000000087900000, 0x0000000087a00000|  0%| F|  |TAMS 0x0000000087900000, 0x0000000087900000| Untracked 
| 122|0x0000000087a00000, 0x0000000087a00000, 0x0000000087b00000|  0%| F|  |TAMS 0x0000000087a00000, 0x0000000087a00000| Untracked 
| 123|0x0000000087b00000, 0x0000000087b00000, 0x0000000087c00000|  0%| F|  |TAMS 0x0000000087b00000, 0x0000000087b00000| Untracked 
| 124|0x0000000087c00000, 0x0000000087c00000, 0x0000000087d00000|  0%| F|  |TAMS 0x0000000087c00000, 0x0000000087c00000| Untracked 
| 125|0x0000000087d00000, 0x0000000087d00000, 0x0000000087e00000|  0%| F|  |TAMS 0x0000000087d00000, 0x0000000087d00000| Untracked 
| 126|0x0000000087e00000, 0x0000000087e00000, 0x0000000087f00000|  0%| F|  |TAMS 0x0000000087e00000, 0x0000000087e00000| Untracked 
| 127|0x0000000087f00000, 0x0000000087f00000, 0x0000000088000000|  0%| F|  |TAMS 0x0000000087f00000, 0x0000000087f00000| Untracked 
| 128|0x0000000088000000, 0x0000000088000000, 0x0000000088100000|  0%| F|  |TAMS 0x0000000088000000, 0x0000000088000000| Untracked 
| 129|0x0000000088100000, 0x0000000088100000, 0x0000000088200000|  0%| F|  |TAMS 0x0000000088100000, 0x0000000088100000| Untracked 
| 130|0x0000000088200000, 0x0000000088200000, 0x0000000088300000|  0%| F|  |TAMS 0x0000000088200000, 0x0000000088200000| Untracked 
| 131|0x0000000088300000, 0x0000000088300000, 0x0000000088400000|  0%| F|  |TAMS 0x0000000088300000, 0x0000000088300000| Untracked 
| 132|0x0000000088400000, 0x0000000088400000, 0x0000000088500000|  0%| F|  |TAMS 0x0000000088400000, 0x0000000088400000| Untracked 
| 133|0x0000000088500000, 0x0000000088600000, 0x0000000088600000|100%| S|CS|TAMS 0x0000000088500000, 0x0000000088500000| Complete 
| 134|0x0000000088600000, 0x0000000088700000, 0x0000000088700000|100%| S|CS|TAMS 0x0000000088600000, 0x0000000088600000| Complete 
| 135|0x0000000088700000, 0x0000000088800000, 0x0000000088800000|100%| S|CS|TAMS 0x0000000088700000, 0x0000000088700000| Complete 
| 136|0x0000000088800000, 0x0000000088900000, 0x0000000088900000|100%| S|CS|TAMS 0x0000000088800000, 0x0000000088800000| Complete 
| 137|0x0000000088900000, 0x0000000088a00000, 0x0000000088a00000|100%| S|CS|TAMS 0x0000000088900000, 0x0000000088900000| Complete 
| 138|0x0000000088a00000, 0x0000000088b00000, 0x0000000088b00000|100%| S|CS|TAMS 0x0000000088a00000, 0x0000000088a00000| Complete 
| 139|0x0000000088b00000, 0x0000000088c00000, 0x0000000088c00000|100%| S|CS|TAMS 0x0000000088b00000, 0x0000000088b00000| Complete 
| 140|0x0000000088c00000, 0x0000000088c00000, 0x0000000088d00000|  0%| F|  |TAMS 0x0000000088c00000, 0x0000000088c00000| Untracked 
| 141|0x0000000088d00000, 0x0000000088d00000, 0x0000000088e00000|  0%| F|  |TAMS 0x0000000088d00000, 0x0000000088d00000| Untracked 
| 142|0x0000000088e00000, 0x0000000088e00000, 0x0000000088f00000|  0%| F|  |TAMS 0x0000000088e00000, 0x0000000088e00000| Untracked 
| 143|0x0000000088f00000, 0x0000000088f00000, 0x0000000089000000|  0%| F|  |TAMS 0x0000000088f00000, 0x0000000088f00000| Untracked 
| 144|0x0000000089000000, 0x0000000089000000, 0x0000000089100000|  0%| F|  |TAMS 0x0000000089000000, 0x0000000089000000| Untracked 
| 145|0x0000000089100000, 0x0000000089100000, 0x0000000089200000|  0%| F|  |TAMS 0x0000000089100000, 0x0000000089100000| Untracked 
| 146|0x0000000089200000, 0x0000000089200000, 0x0000000089300000|  0%| F|  |TAMS 0x0000000089200000, 0x0000000089200000| Untracked 
| 147|0x0000000089300000, 0x0000000089300000, 0x0000000089400000|  0%| F|  |TAMS 0x0000000089300000, 0x0000000089300000| Untracked 
| 148|0x0000000089400000, 0x0000000089400000, 0x0000000089500000|  0%| F|  |TAMS 0x0000000089400000, 0x0000000089400000| Untracked 
| 149|0x0000000089500000, 0x0000000089500000, 0x0000000089600000|  0%| F|  |TAMS 0x0000000089500000, 0x0000000089500000| Untracked 
| 150|0x0000000089600000, 0x0000000089600000, 0x0000000089700000|  0%| F|  |TAMS 0x0000000089600000, 0x0000000089600000| Untracked 
| 151|0x0000000089700000, 0x0000000089700000, 0x0000000089800000|  0%| F|  |TAMS 0x0000000089700000, 0x0000000089700000| Untracked 
| 152|0x0000000089800000, 0x0000000089800000, 0x0000000089900000|  0%| F|  |TAMS 0x0000000089800000, 0x0000000089800000| Untracked 
| 153|0x0000000089900000, 0x0000000089900000, 0x0000000089a00000|  0%| F|  |TAMS 0x0000000089900000, 0x0000000089900000| Untracked 
| 154|0x0000000089a00000, 0x0000000089a00000, 0x0000000089b00000|  0%| F|  |TAMS 0x0000000089a00000, 0x0000000089a00000| Untracked 
| 155|0x0000000089b00000, 0x0000000089b863c0, 0x0000000089c00000| 52%| E|  |TAMS 0x0000000089b00000, 0x0000000089b00000| Complete 
| 156|0x0000000089c00000, 0x0000000089d00000, 0x0000000089d00000|100%| E|CS|TAMS 0x0000000089c00000, 0x0000000089c00000| Complete 
| 157|0x0000000089d00000, 0x0000000089e00000, 0x0000000089e00000|100%| E|CS|TAMS 0x0000000089d00000, 0x0000000089d00000| Complete 
| 158|0x0000000089e00000, 0x0000000089f00000, 0x0000000089f00000|100%| E|CS|TAMS 0x0000000089e00000, 0x0000000089e00000| Complete 
| 159|0x0000000089f00000, 0x000000008a000000, 0x000000008a000000|100%| E|CS|TAMS 0x0000000089f00000, 0x0000000089f00000| Complete 
| 160|0x000000008a000000, 0x000000008a100000, 0x000000008a100000|100%| E|CS|TAMS 0x000000008a000000, 0x000000008a000000| Complete 
| 161|0x000000008a100000, 0x000000008a200000, 0x000000008a200000|100%| E|CS|TAMS 0x000000008a100000, 0x000000008a100000| Complete 
| 162|0x000000008a200000, 0x000000008a300000, 0x000000008a300000|100%| E|CS|TAMS 0x000000008a200000, 0x000000008a200000| Complete 
| 163|0x000000008a300000, 0x000000008a400000, 0x000000008a400000|100%| E|CS|TAMS 0x000000008a300000, 0x000000008a300000| Complete 
| 164|0x000000008a400000, 0x000000008a500000, 0x000000008a500000|100%| E|CS|TAMS 0x000000008a400000, 0x000000008a400000| Complete 
| 165|0x000000008a500000, 0x000000008a600000, 0x000000008a600000|100%| E|CS|TAMS 0x000000008a500000, 0x000000008a500000| Complete 
| 166|0x000000008a600000, 0x000000008a700000, 0x000000008a700000|100%| E|CS|TAMS 0x000000008a600000, 0x000000008a600000| Complete 
| 167|0x000000008a700000, 0x000000008a800000, 0x000000008a800000|100%| E|CS|TAMS 0x000000008a700000, 0x000000008a700000| Complete 
| 168|0x000000008a800000, 0x000000008a900000, 0x000000008a900000|100%| E|CS|TAMS 0x000000008a800000, 0x000000008a800000| Complete 
| 169|0x000000008a900000, 0x000000008aa00000, 0x000000008aa00000|100%| E|CS|TAMS 0x000000008a900000, 0x000000008a900000| Complete 
| 170|0x000000008aa00000, 0x000000008ab00000, 0x000000008ab00000|100%| E|CS|TAMS 0x000000008aa00000, 0x000000008aa00000| Complete 
| 171|0x000000008ab00000, 0x000000008ac00000, 0x000000008ac00000|100%| E|CS|TAMS 0x000000008ab00000, 0x000000008ab00000| Complete 
| 172|0x000000008ac00000, 0x000000008ad00000, 0x000000008ad00000|100%| E|CS|TAMS 0x000000008ac00000, 0x000000008ac00000| Complete 
| 173|0x000000008ad00000, 0x000000008ae00000, 0x000000008ae00000|100%| E|CS|TAMS 0x000000008ad00000, 0x000000008ad00000| Complete 
| 174|0x000000008ae00000, 0x000000008af00000, 0x000000008af00000|100%| E|CS|TAMS 0x000000008ae00000, 0x000000008ae00000| Complete 
| 175|0x000000008af00000, 0x000000008b000000, 0x000000008b000000|100%| E|CS|TAMS 0x000000008af00000, 0x000000008af00000| Complete 
| 176|0x000000008b000000, 0x000000008b100000, 0x000000008b100000|100%| E|  |TAMS 0x000000008b000000, 0x000000008b000000| Complete 
| 177|0x000000008b100000, 0x000000008b200000, 0x000000008b200000|100%| E|CS|TAMS 0x000000008b100000, 0x000000008b100000| Complete 
| 178|0x000000008b200000, 0x000000008b300000, 0x000000008b300000|100%| E|CS|TAMS 0x000000008b200000, 0x000000008b200000| Complete 
| 179|0x000000008b300000, 0x000000008b400000, 0x000000008b400000|100%| E|CS|TAMS 0x000000008b300000, 0x000000008b300000| Complete 
| 180|0x000000008b400000, 0x000000008b500000, 0x000000008b500000|100%| E|CS|TAMS 0x000000008b400000, 0x000000008b400000| Complete 
| 181|0x000000008b500000, 0x000000008b600000, 0x000000008b600000|100%| E|CS|TAMS 0x000000008b500000, 0x000000008b500000| Complete 
| 182|0x000000008b600000, 0x000000008b700000, 0x000000008b700000|100%| E|CS|TAMS 0x000000008b600000, 0x000000008b600000| Complete 
| 183|0x000000008b700000, 0x000000008b800000, 0x000000008b800000|100%| E|CS|TAMS 0x000000008b700000, 0x000000008b700000| Complete 
| 184|0x000000008b800000, 0x000000008b900000, 0x000000008b900000|100%| E|CS|TAMS 0x000000008b800000, 0x000000008b800000| Complete 
| 185|0x000000008b900000, 0x000000008ba00000, 0x000000008ba00000|100%| E|CS|TAMS 0x000000008b900000, 0x000000008b900000| Complete 
| 186|0x000000008ba00000, 0x000000008bb00000, 0x000000008bb00000|100%| E|CS|TAMS 0x000000008ba00000, 0x000000008ba00000| Complete 
| 187|0x000000008bb00000, 0x000000008bc00000, 0x000000008bc00000|100%| E|CS|TAMS 0x000000008bb00000, 0x000000008bb00000| Complete 
| 188|0x000000008bc00000, 0x000000008bd00000, 0x000000008bd00000|100%| E|CS|TAMS 0x000000008bc00000, 0x000000008bc00000| Complete 
| 189|0x000000008bd00000, 0x000000008be00000, 0x000000008be00000|100%| E|CS|TAMS 0x000000008bd00000, 0x000000008bd00000| Complete 
| 190|0x000000008be00000, 0x000000008bf00000, 0x000000008bf00000|100%| E|CS|TAMS 0x000000008be00000, 0x000000008be00000| Complete 
| 191|0x000000008bf00000, 0x000000008c000000, 0x000000008c000000|100%| E|CS|TAMS 0x000000008bf00000, 0x000000008bf00000| Complete 
| 192|0x000000008c000000, 0x000000008c100000, 0x000000008c100000|100%| E|CS|TAMS 0x000000008c000000, 0x000000008c000000| Complete 
| 193|0x000000008c100000, 0x000000008c200000, 0x000000008c200000|100%| E|CS|TAMS 0x000000008c100000, 0x000000008c100000| Complete 
| 194|0x000000008c200000, 0x000000008c300000, 0x000000008c300000|100%| E|CS|TAMS 0x000000008c200000, 0x000000008c200000| Complete 
| 195|0x000000008c300000, 0x000000008c400000, 0x000000008c400000|100%| E|CS|TAMS 0x000000008c300000, 0x000000008c300000| Complete 
| 196|0x000000008c400000, 0x000000008c500000, 0x000000008c500000|100%| E|CS|TAMS 0x000000008c400000, 0x000000008c400000| Complete 
| 197|0x000000008c500000, 0x000000008c600000, 0x000000008c600000|100%| E|CS|TAMS 0x000000008c500000, 0x000000008c500000| Complete 
| 198|0x000000008c600000, 0x000000008c700000, 0x000000008c700000|100%| E|CS|TAMS 0x000000008c600000, 0x000000008c600000| Complete 
| 199|0x000000008c700000, 0x000000008c800000, 0x000000008c800000|100%| E|CS|TAMS 0x000000008c700000, 0x000000008c700000| Complete 
| 200|0x000000008c800000, 0x000000008c900000, 0x000000008c900000|100%| E|CS|TAMS 0x000000008c800000, 0x000000008c800000| Complete 
| 201|0x000000008c900000, 0x000000008ca00000, 0x000000008ca00000|100%| E|CS|TAMS 0x000000008c900000, 0x000000008c900000| Complete 
| 202|0x000000008ca00000, 0x000000008cb00000, 0x000000008cb00000|100%| E|CS|TAMS 0x000000008ca00000, 0x000000008ca00000| Complete 
| 203|0x000000008cb00000, 0x000000008cc00000, 0x000000008cc00000|100%| E|CS|TAMS 0x000000008cb00000, 0x000000008cb00000| Complete 
| 204|0x000000008cc00000, 0x000000008cd00000, 0x000000008cd00000|100%| E|CS|TAMS 0x000000008cc00000, 0x000000008cc00000| Complete 
| 205|0x000000008cd00000, 0x000000008ce00000, 0x000000008ce00000|100%| E|CS|TAMS 0x000000008cd00000, 0x000000008cd00000| Complete 
| 206|0x000000008ce00000, 0x000000008cf00000, 0x000000008cf00000|100%| E|CS|TAMS 0x000000008ce00000, 0x000000008ce00000| Complete 
| 207|0x000000008cf00000, 0x000000008d000000, 0x000000008d000000|100%| E|CS|TAMS 0x000000008cf00000, 0x000000008cf00000| Complete 
| 208|0x000000008d000000, 0x000000008d100000, 0x000000008d100000|100%| E|CS|TAMS 0x000000008d000000, 0x000000008d000000| Complete 
| 209|0x000000008d100000, 0x000000008d200000, 0x000000008d200000|100%| E|CS|TAMS 0x000000008d100000, 0x000000008d100000| Complete 
| 210|0x000000008d200000, 0x000000008d300000, 0x000000008d300000|100%| E|CS|TAMS 0x000000008d200000, 0x000000008d200000| Complete 
| 211|0x000000008d300000, 0x000000008d400000, 0x000000008d400000|100%| E|CS|TAMS 0x000000008d300000, 0x000000008d300000| Complete 
| 212|0x000000008d400000, 0x000000008d500000, 0x000000008d500000|100%| E|CS|TAMS 0x000000008d400000, 0x000000008d400000| Complete 
| 213|0x000000008d500000, 0x000000008d600000, 0x000000008d600000|100%| E|CS|TAMS 0x000000008d500000, 0x000000008d500000| Complete 
| 214|0x000000008d600000, 0x000000008d700000, 0x000000008d700000|100%| E|CS|TAMS 0x000000008d600000, 0x000000008d600000| Complete 
| 215|0x000000008d700000, 0x000000008d800000, 0x000000008d800000|100%| E|CS|TAMS 0x000000008d700000, 0x000000008d700000| Complete 
| 216|0x000000008d800000, 0x000000008d900000, 0x000000008d900000|100%| E|CS|TAMS 0x000000008d800000, 0x000000008d800000| Complete 
| 217|0x000000008d900000, 0x000000008da00000, 0x000000008da00000|100%| E|CS|TAMS 0x000000008d900000, 0x000000008d900000| Complete 
| 218|0x000000008da00000, 0x000000008db00000, 0x000000008db00000|100%| E|CS|TAMS 0x000000008da00000, 0x000000008da00000| Complete 
| 219|0x000000008db00000, 0x000000008dc00000, 0x000000008dc00000|100%| E|CS|TAMS 0x000000008db00000, 0x000000008db00000| Complete 
| 220|0x000000008dc00000, 0x000000008dd00000, 0x000000008dd00000|100%| E|CS|TAMS 0x000000008dc00000, 0x000000008dc00000| Complete 
| 221|0x000000008dd00000, 0x000000008de00000, 0x000000008de00000|100%| E|CS|TAMS 0x000000008dd00000, 0x000000008dd00000| Complete 
| 222|0x000000008de00000, 0x000000008df00000, 0x000000008df00000|100%| E|CS|TAMS 0x000000008de00000, 0x000000008de00000| Complete 
| 223|0x000000008df00000, 0x000000008e000000, 0x000000008e000000|100%| E|CS|TAMS 0x000000008df00000, 0x000000008df00000| Complete 
| 224|0x000000008e000000, 0x000000008e100000, 0x000000008e100000|100%| E|CS|TAMS 0x000000008e000000, 0x000000008e000000| Complete 
| 225|0x000000008e100000, 0x000000008e200000, 0x000000008e200000|100%| E|CS|TAMS 0x000000008e100000, 0x000000008e100000| Complete 
| 226|0x000000008e200000, 0x000000008e300000, 0x000000008e300000|100%| E|CS|TAMS 0x000000008e200000, 0x000000008e200000| Complete 
| 227|0x000000008e300000, 0x000000008e400000, 0x000000008e400000|100%| E|CS|TAMS 0x000000008e300000, 0x000000008e300000| Complete 
| 228|0x000000008e400000, 0x000000008e500000, 0x000000008e500000|100%| E|CS|TAMS 0x000000008e400000, 0x000000008e400000| Complete 
| 229|0x000000008e500000, 0x000000008e600000, 0x000000008e600000|100%| E|CS|TAMS 0x000000008e500000, 0x000000008e500000| Complete 
| 230|0x000000008e600000, 0x000000008e700000, 0x000000008e700000|100%| E|CS|TAMS 0x000000008e600000, 0x000000008e600000| Complete 
| 231|0x000000008e700000, 0x000000008e800000, 0x000000008e800000|100%| E|CS|TAMS 0x000000008e700000, 0x000000008e700000| Complete 
| 232|0x000000008e800000, 0x000000008e900000, 0x000000008e900000|100%| E|CS|TAMS 0x000000008e800000, 0x000000008e800000| Complete 
| 233|0x000000008e900000, 0x000000008ea00000, 0x000000008ea00000|100%| E|CS|TAMS 0x000000008e900000, 0x000000008e900000| Complete 
| 234|0x000000008ea00000, 0x000000008eb00000, 0x000000008eb00000|100%| E|CS|TAMS 0x000000008ea00000, 0x000000008ea00000| Complete 
| 235|0x000000008eb00000, 0x000000008ec00000, 0x000000008ec00000|100%| E|CS|TAMS 0x000000008eb00000, 0x000000008eb00000| Complete 
| 236|0x000000008ec00000, 0x000000008ed00000, 0x000000008ed00000|100%| E|CS|TAMS 0x000000008ec00000, 0x000000008ec00000| Complete 
| 237|0x000000008ed00000, 0x000000008ee00000, 0x000000008ee00000|100%| E|CS|TAMS 0x000000008ed00000, 0x000000008ed00000| Complete 

Card table byte_map: [0x000001ad516e0000,0x000001ad51ae0000] _byte_map_base: 0x000001ad512e0000

Marking Bits (Prev, Next): (CMBitMap*) 0x000001ad38a0f860, (CMBitMap*) 0x000001ad38a0f820
 Prev Bits: [0x000001ad53ee0000, 0x000001ad55ee0000)
 Next Bits: [0x000001ad51ee0000, 0x000001ad53ee0000)

Polling page: 0x000001ad38810000

Metaspace:

Usage:
  Non-class:     59.96 MB used.
      Class:      9.87 MB used.
       Both:     69.83 MB used.

Virtual space:
  Non-class space:       64.00 MB reserved,      60.44 MB ( 94%) committed,  1 nodes.
      Class space:      416.00 MB reserved,      10.31 MB (  2%) committed,  1 nodes.
             Both:      480.00 MB reserved,      70.75 MB ( 15%) committed. 

Chunk freelists:
   Non-Class:  3.21 MB
       Class:  5.65 MB
        Both:  8.87 MB

MaxMetaspaceSize: 512.00 MB
CompressedClassSpaceSize: 416.00 MB
Initial GC threshold: 21.00 MB
Current GC threshold: 107.75 MB
CDS: on
MetaspaceReclaimPolicy: balanced
 - commit_granule_bytes: 65536.
 - commit_granule_words: 8192.
 - virtual_space_node_default_size: 8388608.
 - enlarge_chunks_in_place: 1.
 - new_chunks_are_fully_committed: 0.
 - uncommit_free_chunks: 1.
 - use_allocation_guard: 0.
 - handle_deallocations: 1.


Internal statistics:

num_allocs_failed_limit: 6.
num_arena_births: 1078.
num_arena_deaths: 0.
num_vsnodes_births: 2.
num_vsnodes_deaths: 0.
num_space_committed: 1132.
num_space_uncommitted: 0.
num_chunks_returned_to_freelist: 6.
num_chunks_taken_from_freelist: 4269.
num_chunk_merges: 6.
num_chunk_splits: 2705.
num_chunks_enlarged: 1673.
num_inconsistent_stats: 0.

CodeHeap 'non-profiled nmethods': size=120000Kb used=5697Kb max_used=5985Kb free=114302Kb
 bounds [0x000001ad49790000, 0x000001ad49d70000, 0x000001ad50cc0000]
CodeHeap 'profiled nmethods': size=120000Kb used=18636Kb max_used=19864Kb free=101363Kb
 bounds [0x000001ad41cc0000, 0x000001ad43030000, 0x000001ad491f0000]
CodeHeap 'non-nmethods': size=5760Kb used=2376Kb max_used=2446Kb free=3383Kb
 bounds [0x000001ad491f0000, 0x000001ad49460000, 0x000001ad49790000]
 total_blobs=10576 nmethods=9671 adapters=817
 compilation: enabled
              stopped_count=0, restarted_count=0
 full_count=0

Compilation events (20 events):
Event: 33.667 Thread 0x000001ad5851bda0 nmethod 10893 0x000001ad4301bb90 code [0x000001ad4301bd60, 0x000001ad4301c338]
Event: 33.670 Thread 0x000001ad5851bda0 10894       3       groovyjarjarasm.asm.Symbol::<init> (38 bytes)
Event: 33.671 Thread 0x000001ad5851bda0 nmethod 10894 0x000001ad4301c510 code [0x000001ad4301c6c0, 0x000001ad4301c958]
Event: 33.671 Thread 0x000001ad5851bda0 10896       3       groovyjarjarasm.asm.ByteVector::putUTF8 (144 bytes)
Event: 33.672 Thread 0x000001ad5851bda0 nmethod 10896 0x000001ad4301ca90 code [0x000001ad4301cd00, 0x000001ad4301d868]
Event: 33.672 Thread 0x000001ad5851bda0 10895       3       groovyjarjarasm.asm.SymbolTable::put (150 bytes)
Event: 33.672 Thread 0x000001ad5851bda0 nmethod 10895 0x000001ad4301dd90 code [0x000001ad4301df80, 0x000001ad4301e818]
Event: 33.700 Thread 0x000001ad7acb96b0 nmethod 10872 0x000001ad49d51290 code [0x000001ad49d514e0, 0x000001ad49d54330]
Event: 33.700 Thread 0x000001ad7acb96b0 10897       4       java.util.zip.ZipFile$Source::initCEN (591 bytes)
Event: 33.717 Thread 0x000001ad58511470 nmethod 10862 0x000001ad49d55710 code [0x000001ad49d55ee0, 0x000001ad49d5dbe0]
Event: 33.717 Thread 0x000001ad58511470 10878       4       org.gradle.internal.instantiation.generator.AsmBackedClassGenerator::access$9400 (4 bytes)
Event: 33.717 Thread 0x000001ad58511470 nmethod 10878 0x000001ad49d62310 code [0x000001ad49d62480, 0x000001ad49d624d8]
Event: 33.717 Thread 0x000001ad58511470 10869   !   4       org.gradle.cache.internal.DefaultMultiProcessSafeIndexedCache::getIfPresent (25 bytes)
Event: 33.730 Thread 0x000001ad5851bda0 10898   !   3       java.security.AccessController::doPrivileged (26 bytes)
Event: 33.730 Thread 0x000001ad5851bda0 nmethod 10898 0x000001ad4301eb10 code [0x000001ad4301ed20, 0x000001ad4301f258]
Event: 33.758 Thread 0x000001ad5851bda0 10900       3       jdk.internal.loader.URLClassPath$3::run (5 bytes)
Event: 33.759 Thread 0x000001ad5851bda0 nmethod 10900 0x000001ad41e1db10 code [0x000001ad41e1dcc0, 0x000001ad41e1de08]
Event: 33.760 Thread 0x000001ad5851bda0 10901       3       java.net.URL::<init> (438 bytes)
Event: 33.763 Thread 0x000001ad5851bda0 nmethod 10901 0x000001ad4301f510 code [0x000001ad4301fd20, 0x000001ad43023f28]
Event: 33.768 Thread 0x000001ad5851bda0 10902       3       jdk.internal.loader.URLClassPath$JarLoader::getClassPath (72 bytes)

GC Heap History (20 events):
Event: 28.184 GC heap before
{Heap before GC invocations=21 (full 0):
 garbage-first heap   total 103424K, used 83540K [0x0000000080000000, 0x0000000100000000)
  region size 1024K, 21 young (21504K), 1 survivors (1024K)
 Metaspace       used 59295K, committed 59904K, reserved 491520K
  class space    used 8420K, committed 8704K, reserved 425984K
}
Event: 28.186 GC heap after
{Heap after GC invocations=22 (full 0):
 garbage-first heap   total 103424K, used 64176K [0x0000000080000000, 0x0000000100000000)
  region size 1024K, 3 young (3072K), 3 survivors (3072K)
 Metaspace       used 59295K, committed 59904K, reserved 491520K
  class space    used 8420K, committed 8704K, reserved 425984K
}
Event: 28.409 GC heap before
{Heap before GC invocations=23 (full 0):
 garbage-first heap   total 121856K, used 83632K [0x0000000080000000, 0x0000000100000000)
  region size 1024K, 22 young (22528K), 3 survivors (3072K)
 Metaspace       used 60493K, committed 61184K, reserved 491520K
  class space    used 8595K, committed 8896K, reserved 425984K
}
Event: 28.412 GC heap after
{Heap after GC invocations=24 (full 0):
 garbage-first heap   total 121856K, used 65384K [0x0000000080000000, 0x0000000100000000)
  region size 1024K, 3 young (3072K), 3 survivors (3072K)
 Metaspace       used 60493K, committed 61184K, reserved 491520K
  class space    used 8595K, committed 8896K, reserved 425984K
}
Event: 28.434 GC heap before
{Heap before GC invocations=24 (full 0):
 garbage-first heap   total 121856K, used 66408K [0x0000000080000000, 0x0000000100000000)
  region size 1024K, 5 young (5120K), 3 survivors (3072K)
 Metaspace       used 60633K, committed 61312K, reserved 491520K
  class space    used 8614K, committed 8960K, reserved 425984K
}
Event: 28.437 GC heap after
{Heap after GC invocations=25 (full 0):
 garbage-first heap   total 121856K, used 65181K [0x0000000080000000, 0x0000000100000000)
  region size 1024K, 1 young (1024K), 1 survivors (1024K)
 Metaspace       used 60633K, committed 61312K, reserved 491520K
  class space    used 8614K, committed 8960K, reserved 425984K
}
Event: 28.831 GC heap before
{Heap before GC invocations=25 (full 0):
 garbage-first heap   total 121856K, used 99997K [0x0000000080000000, 0x0000000100000000)
  region size 1024K, 35 young (35840K), 1 survivors (1024K)
 Metaspace       used 62574K, committed 63232K, reserved 491520K
  class space    used 8872K, committed 9216K, reserved 425984K
}
Event: 28.833 GC heap after
{Heap after GC invocations=26 (full 0):
 garbage-first heap   total 121856K, used 66064K [0x0000000080000000, 0x0000000100000000)
  region size 1024K, 2 young (2048K), 2 survivors (2048K)
 Metaspace       used 62574K, committed 63232K, reserved 491520K
  class space    used 8872K, committed 9216K, reserved 425984K
}
Event: 29.506 GC heap before
{Heap before GC invocations=27 (full 0):
 garbage-first heap   total 121856K, used 100880K [0x0000000080000000, 0x0000000100000000)
  region size 1024K, 36 young (36864K), 2 survivors (2048K)
 Metaspace       used 63891K, committed 64640K, reserved 491520K
  class space    used 9048K, committed 9408K, reserved 425984K
}
Event: 29.511 GC heap after
{Heap after GC invocations=28 (full 0):
 garbage-first heap   total 121856K, used 70004K [0x0000000080000000, 0x0000000100000000)
  region size 1024K, 5 young (5120K), 5 survivors (5120K)
 Metaspace       used 63891K, committed 64640K, reserved 491520K
  class space    used 9048K, committed 9408K, reserved 425984K
}
Event: 29.539 GC heap before
{Heap before GC invocations=28 (full 0):
 garbage-first heap   total 121856K, used 71028K [0x0000000080000000, 0x0000000100000000)
  region size 1024K, 6 young (6144K), 5 survivors (5120K)
 Metaspace       used 63901K, committed 64640K, reserved 491520K
  class space    used 9048K, committed 9408K, reserved 425984K
}
Event: 29.544 GC heap after
{Heap after GC invocations=29 (full 0):
 garbage-first heap   total 121856K, used 70110K [0x0000000080000000, 0x0000000100000000)
  region size 1024K, 1 young (1024K), 1 survivors (1024K)
 Metaspace       used 63901K, committed 64640K, reserved 491520K
  class space    used 9048K, committed 9408K, reserved 425984K
}
Event: 29.998 GC heap before
{Heap before GC invocations=29 (full 0):
 garbage-first heap   total 121856K, used 99806K [0x0000000080000000, 0x0000000100000000)
  region size 1024K, 30 young (30720K), 1 survivors (1024K)
 Metaspace       used 65310K, committed 66048K, reserved 491520K
  class space    used 9261K, committed 9600K, reserved 425984K
}
Event: 30.003 GC heap after
{Heap after GC invocations=30 (full 0):
 garbage-first heap   total 243712K, used 72914K [0x0000000080000000, 0x0000000100000000)
  region size 1024K, 4 young (4096K), 4 survivors (4096K)
 Metaspace       used 65310K, committed 66048K, reserved 491520K
  class space    used 9261K, committed 9600K, reserved 425984K
}
Event: 31.927 GC heap before
{Heap before GC invocations=31 (full 0):
 garbage-first heap   total 243712K, used 179410K [0x0000000080000000, 0x0000000100000000)
  region size 1024K, 107 young (109568K), 4 survivors (4096K)
 Metaspace       used 70756K, committed 71616K, reserved 491520K
  class space    used 10079K, committed 10496K, reserved 425984K
}
Event: 31.941 GC heap after
{Heap after GC invocations=32 (full 0):
 garbage-first heap   total 243712K, used 83047K [0x0000000080000000, 0x0000000100000000)
  region size 1024K, 14 young (14336K), 14 survivors (14336K)
 Metaspace       used 70756K, committed 71616K, reserved 491520K
  class space    used 10079K, committed 10496K, reserved 425984K
}
Event: 31.955 GC heap before
{Heap before GC invocations=32 (full 0):
 garbage-first heap   total 243712K, used 84071K [0x0000000080000000, 0x0000000100000000)
  region size 1024K, 15 young (15360K), 14 survivors (14336K)
 Metaspace       used 70843K, committed 71744K, reserved 491520K
  class space    used 10095K, committed 10560K, reserved 425984K
}
Event: 31.965 GC heap after
{Heap after GC invocations=33 (full 0):
 garbage-first heap   total 243712K, used 83709K [0x0000000080000000, 0x0000000100000000)
  region size 1024K, 2 young (2048K), 2 survivors (2048K)
 Metaspace       used 70843K, committed 71744K, reserved 491520K
  class space    used 10095K, committed 10560K, reserved 425984K
}
Event: 33.122 GC heap before
{Heap before GC invocations=33 (full 0):
 garbage-first heap   total 243712K, used 182013K [0x0000000080000000, 0x0000000100000000)
  region size 1024K, 98 young (100352K), 2 survivors (2048K)
 Metaspace       used 71476K, committed 72448K, reserved 491520K
  class space    used 10105K, committed 10560K, reserved 425984K
}
Event: 33.129 GC heap after
{Heap after GC invocations=34 (full 0):
 garbage-first heap   total 243712K, used 88829K [0x0000000080000000, 0x0000000100000000)
  region size 1024K, 7 young (7168K), 7 survivors (7168K)
 Metaspace       used 71476K, committed 72448K, reserved 491520K
  class space    used 10105K, committed 10560K, reserved 425984K
}

Dll operation events (14 events):
Event: 0.009 Loaded shared library C:\Program Files\Microsoft\jdk-17.0.8.7-hotspot\bin\java.dll
Event: 0.025 Loaded shared library C:\Program Files\Microsoft\jdk-17.0.8.7-hotspot\bin\jsvml.dll
Event: 0.067 Loaded shared library C:\Program Files\Microsoft\jdk-17.0.8.7-hotspot\bin\zip.dll
Event: 0.070 Loaded shared library C:\Program Files\Microsoft\jdk-17.0.8.7-hotspot\bin\instrument.dll
Event: 0.073 Loaded shared library C:\Program Files\Microsoft\jdk-17.0.8.7-hotspot\bin\net.dll
Event: 0.074 Loaded shared library C:\Program Files\Microsoft\jdk-17.0.8.7-hotspot\bin\nio.dll
Event: 0.077 Loaded shared library C:\Program Files\Microsoft\jdk-17.0.8.7-hotspot\bin\zip.dll
Event: 0.280 Loaded shared library C:\Program Files\Microsoft\jdk-17.0.8.7-hotspot\bin\jimage.dll
Event: 0.399 Loaded shared library C:\Program Files\Microsoft\jdk-17.0.8.7-hotspot\bin\verify.dll
Event: 0.533 Loaded shared library C:\Users\Administrator\.gradle\native\c067742578af261105cb4f569cf0c3c89f3d7b1fecec35dd04571415982c5e48\windows-amd64\native-platform.dll
Event: 0.548 Loaded shared library C:\Users\Administrator\.gradle\native\100fb08df4bc3b14c8652ba06237920a3bd2aa13389f12d3474272988ae205f9\windows-amd64\native-platform-file-events.dll
Event: 1.672 Loaded shared library C:\Program Files\Microsoft\jdk-17.0.8.7-hotspot\bin\management.dll
Event: 1.674 Loaded shared library C:\Program Files\Microsoft\jdk-17.0.8.7-hotspot\bin\management_ext.dll
Event: 1.987 Loaded shared library C:\Program Files\Microsoft\jdk-17.0.8.7-hotspot\bin\sunmscapi.dll

Deoptimization events (20 events):
Event: 33.688 Thread 0x000001ad781fae60 DEOPT PACKING pc=0x000001ad41f37f89 sp=0x0000004f46bf7930
Event: 33.688 Thread 0x000001ad781fae60 DEOPT UNPACKING pc=0x000001ad49247143 sp=0x0000004f46bf6eb0 mode 0
Event: 33.726 Thread 0x000001ad781fae60 DEOPT PACKING pc=0x000001ad41f37f89 sp=0x0000004f46bf7930
Event: 33.726 Thread 0x000001ad781fae60 DEOPT UNPACKING pc=0x000001ad49247143 sp=0x0000004f46bf6eb0 mode 0
Event: 33.729 Thread 0x000001ad781fae60 Uncommon trap: trap_request=0xffffffec fr.pc=0x000001ad497ed35c relative=0x000000000000017c
Event: 33.729 Thread 0x000001ad781fae60 Uncommon trap: reason=null_assert_or_unreached0 action=make_not_entrant pc=0x000001ad497ed35c method=java.security.AccessController.doPrivileged(Ljava/security/PrivilegedExceptionAction;Ljava/security/AccessControlContext;)Ljava/lang/Object; @ 25 c2
Event: 33.729 Thread 0x000001ad781fae60 DEOPT PACKING pc=0x000001ad497ed35c sp=0x0000004f46bf8020
Event: 33.729 Thread 0x000001ad781fae60 DEOPT UNPACKING pc=0x000001ad492469a3 sp=0x0000004f46bf7f40 mode 2
Event: 33.729 Thread 0x000001ad781fae60 Uncommon trap: trap_request=0x00000091 fr.pc=0x000001ad499f2234 relative=0x0000000000002fd4
Event: 33.729 Thread 0x000001ad781fae60 Uncommon trap: reason=unloaded action=reinterpret pc=0x000001ad499f2234 method=java.security.AccessController.wrapException(Ljava/lang/Exception;)Ljava/security/PrivilegedActionException; @ 0 c2
Event: 33.729 Thread 0x000001ad781fae60 DEOPT PACKING pc=0x000001ad499f2234 sp=0x0000004f46bf81c0
Event: 33.729 Thread 0x000001ad781fae60 DEOPT UNPACKING pc=0x000001ad492469a3 sp=0x0000004f46bf8070 mode 2
Event: 33.729 Thread 0x000001ad781fae60 Uncommon trap: trap_request=0x00000091 fr.pc=0x000001ad498de9b4 relative=0x00000000000000f4
Event: 33.729 Thread 0x000001ad781fae60 Uncommon trap: reason=unloaded action=reinterpret pc=0x000001ad498de9b4 method=java.security.AccessController.wrapException(Ljava/lang/Exception;)Ljava/security/PrivilegedActionException; @ 0 c2
Event: 33.729 Thread 0x000001ad781fae60 DEOPT PACKING pc=0x000001ad498de9b4 sp=0x0000004f46bf7e90
Event: 33.729 Thread 0x000001ad781fae60 DEOPT UNPACKING pc=0x000001ad492469a3 sp=0x0000004f46bf7dd8 mode 2
Event: 33.729 Thread 0x000001ad781fae60 Uncommon trap: trap_request=0x00000091 fr.pc=0x000001ad498de9b4 relative=0x00000000000000f4
Event: 33.729 Thread 0x000001ad781fae60 Uncommon trap: reason=unloaded action=reinterpret pc=0x000001ad498de9b4 method=java.security.AccessController.wrapException(Ljava/lang/Exception;)Ljava/security/PrivilegedActionException; @ 0 c2
Event: 33.729 Thread 0x000001ad781fae60 DEOPT PACKING pc=0x000001ad498de9b4 sp=0x0000004f46bf8120
Event: 33.729 Thread 0x000001ad781fae60 DEOPT UNPACKING pc=0x000001ad492469a3 sp=0x0000004f46bf8058 mode 2

Classes unloaded (0 events):
No events

Classes redefined (0 events):
No events

Internal exceptions (20 events):
Event: 31.895 Thread 0x000001ad781fae60 Exception <a 'java/lang/ClassNotFoundException'{0x0000000088948cf0}: org/gradle/api/internal/DefaultDomainObjectCollectionBeanInfo> (0x0000000088948cf0) 
thrown [s\src\hotspot\share\classfile\systemDictionary.cpp, line 256]
Event: 31.895 Thread 0x000001ad781fae60 Exception <a 'java/lang/ClassNotFoundException'{0x0000000088950ac0}: java/util/AbstractCollectionBeanInfo> (0x0000000088950ac0) 
thrown [s\src\hotspot\share\classfile\systemDictionary.cpp, line 256]
Event: 31.895 Thread 0x000001ad781fae60 Exception <a 'java/lang/ClassNotFoundException'{0x0000000088958858}: java/util/AbstractCollectionCustomizer> (0x0000000088958858) 
thrown [s\src\hotspot\share\classfile\systemDictionary.cpp, line 256]
Event: 31.897 Thread 0x000001ad781fae60 Exception <a 'java/lang/ClassNotFoundException'{0x0000000088977fb8}: org/gradle/api/internal/DefaultDomainObjectCollectionCustomizer> (0x0000000088977fb8) 
thrown [s\src\hotspot\share\classfile\systemDictionary.cpp, line 256]
Event: 31.899 Thread 0x000001ad781fae60 Exception <a 'java/lang/ClassNotFoundException'{0x00000000889ae2a0}: org/gradle/api/internal/DefaultNamedDomainObjectCollectionCustomizer> (0x00000000889ae2a0) 
thrown [s\src\hotspot\share\classfile\systemDictionary.cpp, line 256]
Event: 31.900 Thread 0x000001ad781fae60 Exception <a 'java/lang/ClassNotFoundException'{0x00000000889ecd78}: org/gradle/api/internal/DefaultNamedDomainObjectListCustomizer> (0x00000000889ecd78) 
thrown [s\src\hotspot\share\classfile\systemDictionary.cpp, line 256]
Event: 31.902 Thread 0x000001ad781fae60 Exception <a 'java/lang/ClassNotFoundException'{0x0000000088822a98}: org/gradle/api/internal/artifacts/DefaultArtifactRepositoryContainerCustomizer> (0x0000000088822a98) 
thrown [s\src\hotspot\share\classfile\systemDictionary.cpp, line 256]
Event: 31.904 Thread 0x000001ad781fae60 Exception <a 'java/lang/ClassNotFoundException'{0x000000008884ca30}: org/gradle/api/internal/artifacts/dsl/DefaultRepositoryHandlerCustomizer> (0x000000008884ca30) 
thrown [s\src\hotspot\share\classfile\systemDictionary.cpp, line 256]
Event: 31.905 Thread 0x000001ad781fae60 Exception <a 'java/lang/ClassNotFoundException'{0x00000000888853d0}: org/gradle/api/internal/artifacts/dsl/DefaultRepositoryHandler_DecoratedCustomizer> (0x00000000888853d0) 
thrown [s\src\hotspot\share\classfile\systemDictionary.cpp, line 256]
Event: 31.917 Thread 0x000001ad781fae60 Exception <a 'java/lang/ClassNotFoundException'{0x000000008872d9d0}: org/gradle/api/internal/artifacts/dsl/dependencies/DefaultDependencyHandler_DecoratedBeanInfo> (0x000000008872d9d0) 
thrown [s\src\hotspot\share\classfile\systemDictionary.cpp, line 256]
Event: 31.917 Thread 0x000001ad781fae60 Exception <a 'java/lang/ClassNotFoundException'{0x0000000088745628}: org/gradle/api/internal/artifacts/dsl/dependencies/DefaultDependencyHandlerBeanInfo> (0x0000000088745628) 
thrown [s\src\hotspot\share\classfile\systemDictionary.cpp, line 256]
Event: 31.918 Thread 0x000001ad781fae60 Exception <a 'java/lang/ClassNotFoundException'{0x000000008875c7a0}: org/gradle/api/internal/artifacts/dsl/dependencies/DefaultDependencyHandlerCustomizer> (0x000000008875c7a0) 
thrown [s\src\hotspot\share\classfile\systemDictionary.cpp, line 256]
Event: 31.920 Thread 0x000001ad781fae60 Exception <a 'java/lang/ClassNotFoundException'{0x000000008879c1c0}: org/gradle/api/internal/artifacts/dsl/dependencies/DefaultDependencyHandler_DecoratedCustomizer> (0x000000008879c1c0) 
thrown [s\src\hotspot\share\classfile\systemDictionary.cpp, line 256]
Event: 32.560 Thread 0x000001ad7bb4cd50 Exception <a 'sun/nio/fs/WindowsException'{0x000000008d75b850}> (0x000000008d75b850) 
thrown [s\src\hotspot\share\prims\jni.cpp, line 516]
Event: 32.560 Thread 0x000001ad7bb4cd50 Exception <a 'sun/nio/fs/WindowsException'{0x000000008d75dfa0}> (0x000000008d75dfa0) 
thrown [s\src\hotspot\share\prims\jni.cpp, line 516]
Event: 32.560 Thread 0x000001ad7bb4cd50 Exception <a 'sun/nio/fs/WindowsException'{0x000000008d760790}> (0x000000008d760790) 
thrown [s\src\hotspot\share\prims\jni.cpp, line 516]
Event: 32.561 Thread 0x000001ad7bb4cd50 Exception <a 'sun/nio/fs/WindowsException'{0x000000008d762918}> (0x000000008d762918) 
thrown [s\src\hotspot\share\prims\jni.cpp, line 516]
Event: 32.744 Thread 0x000001ad7c4a1290 Implicit null exception at 0x000001ad49cefe47 to 0x000001ad49cf0520
Event: 33.668 Thread 0x000001ad781fae60 Exception <a 'java/lang/ClassNotFoundException'{0x000000008a125f08}: build_6gx8ffv4rge3a7khra983gaclBeanInfo> (0x000000008a125f08) 
thrown [s\src\hotspot\share\classfile\systemDictionary.cpp, line 256]
Event: 33.669 Thread 0x000001ad781fae60 Exception <a 'java/lang/ClassNotFoundException'{0x000000008a12d058}: build_6gx8ffv4rge3a7khra983gaclCustomizer> (0x000000008a12d058) 
thrown [s\src\hotspot\share\classfile\systemDictionary.cpp, line 256]

VM Operations (20 events):
Event: 31.927 Executing VM operation: G1CollectForAllocation
Event: 31.941 Executing VM operation: G1CollectForAllocation done
Event: 31.953 Executing VM operation: HandshakeAllThreads
Event: 31.953 Executing VM operation: HandshakeAllThreads done
Event: 31.955 Executing VM operation: G1CollectForAllocation
Event: 31.965 Executing VM operation: G1CollectForAllocation done
Event: 32.228 Executing VM operation: ICBufferFull
Event: 32.228 Executing VM operation: ICBufferFull done
Event: 32.288 Executing VM operation: ICBufferFull
Event: 32.288 Executing VM operation: ICBufferFull done
Event: 32.662 Executing VM operation: ICBufferFull
Event: 32.662 Executing VM operation: ICBufferFull done
Event: 33.122 Executing VM operation: G1CollectForAllocation
Event: 33.129 Executing VM operation: G1CollectForAllocation done
Event: 33.729 Executing VM operation: HandshakeAllThreads
Event: 33.729 Executing VM operation: HandshakeAllThreads done
Event: 33.729 Executing VM operation: HandshakeAllThreads
Event: 33.729 Executing VM operation: HandshakeAllThreads done
Event: 33.739 Executing VM operation: ICBufferFull
Event: 33.739 Executing VM operation: ICBufferFull done

Events (20 events):
Event: 31.895 loading class java/util/AbstractCollectionBeanInfo done
Event: 31.895 loading class java/util/AbstractCollectionCustomizer
Event: 31.895 loading class java/util/AbstractCollectionCustomizer done
Event: 31.895 loading class java/util/AbstractCollectionCustomizer
Event: 31.895 loading class java/util/AbstractCollectionCustomizer done
Event: 31.896 loading class sun/reflect/generics/reflectiveObjects/GenericArrayTypeImpl
Event: 31.896 loading class sun/reflect/generics/reflectiveObjects/GenericArrayTypeImpl done
Event: 32.145 loading class java/util/Collections$ReverseComparator
Event: 32.145 loading class java/util/Collections$ReverseComparator done
Event: 32.145 loading class java/util/Collections$ReverseComparator2
Event: 32.145 loading class java/util/Collections$ReverseComparator2 done
Event: 32.501 Thread 0x000001ad7acb96b0 Thread exited: 0x000001ad7acb96b0
Event: 32.517 Thread 0x000001ad7d178920 Thread added: 0x000001ad7d178920
Event: 32.517 Thread 0x000001ad7d1728f0 Thread added: 0x000001ad7d1728f0
Event: 32.517 Thread 0x000001ad7d178e30 Thread added: 0x000001ad7d178e30
Event: 32.529 Thread 0x000001ad7d1760a0 Thread added: 0x000001ad7d1760a0
Event: 32.561 Thread 0x000001ad7acb96b0 Thread added: 0x000001ad7acb96b0
Event: 33.661 Thread 0x000001ad7d179340 Thread added: 0x000001ad7d179340
Event: 33.732 Thread 0x000001ad5851c6b0 flushing nmethod 0x000001ad41d29f10
Event: 33.733 Thread 0x000001ad5851c6b0 flushing nmethod 0x000001ad41e1db10


Dynamic libraries:
0x00007ff6d8c50000 - 0x00007ff6d8c5e000 	C:\Program Files\Microsoft\jdk-17.0.8.7-hotspot\bin\java.exe
0x00007ffbbe850000 - 0x00007ffbbea48000 	C:\Windows\SYSTEM32\ntdll.dll
0x00007ffbbcbd0000 - 0x00007ffbbcc92000 	C:\Windows\System32\KERNEL32.DLL
0x00007ffbbc3d0000 - 0x00007ffbbc6cf000 	C:\Windows\System32\KERNELBASE.dll
0x00007ffbbc140000 - 0x00007ffbbc240000 	C:\Windows\System32\ucrtbase.dll
0x00007ffb9eb80000 - 0x00007ffb9eb9b000 	C:\Program Files\Microsoft\jdk-17.0.8.7-hotspot\bin\VCRUNTIME140.dll
0x00007ffb917d0000 - 0x00007ffb917e7000 	C:\Program Files\Microsoft\jdk-17.0.8.7-hotspot\bin\jli.dll
0x00007ffbbd5f0000 - 0x00007ffbbd78d000 	C:\Windows\System32\USER32.dll
0x00007ffbb5a10000 - 0x00007ffbb5caa000 	C:\Windows\WinSxS\amd64_microsoft.windows.common-controls_6595b64144ccf1df_6.0.19041.4355_none_60b8b9eb71f62e16\COMCTL32.dll
0x00007ffbbc060000 - 0x00007ffbbc082000 	C:\Windows\System32\win32u.dll
0x00007ffbbc910000 - 0x00007ffbbc9ae000 	C:\Windows\System32\msvcrt.dll
0x00007ffbbcaf0000 - 0x00007ffbbcb1b000 	C:\Windows\System32\GDI32.dll
0x00007ffbbc240000 - 0x00007ffbbc357000 	C:\Windows\System32\gdi32full.dll
0x00007ffbbbfc0000 - 0x00007ffbbc05d000 	C:\Windows\System32\msvcp_win.dll
0x00007ffbbced0000 - 0x00007ffbbceff000 	C:\Windows\System32\IMM32.DLL
0x00007ffba61f0000 - 0x00007ffba61fc000 	C:\Program Files\Microsoft\jdk-17.0.8.7-hotspot\bin\vcruntime140_1.dll
0x00007ffb8e6a0000 - 0x00007ffb8e72d000 	C:\Program Files\Microsoft\jdk-17.0.8.7-hotspot\bin\msvcp140.dll
0x00007ffb7a090000 - 0x00007ffb7acf5000 	C:\Program Files\Microsoft\jdk-17.0.8.7-hotspot\bin\server\jvm.dll
0x00007ffbbd380000 - 0x00007ffbbd431000 	C:\Windows\System32\ADVAPI32.dll
0x00007ffbbd790000 - 0x00007ffbbd82f000 	C:\Windows\System32\sechost.dll
0x00007ffbbcda0000 - 0x00007ffbbcec3000 	C:\Windows\System32\RPCRT4.dll
0x00007ffbbc6d0000 - 0x00007ffbbc6f7000 	C:\Windows\System32\bcrypt.dll
0x00007ffbbb960000 - 0x00007ffbbb9ab000 	C:\Windows\SYSTEM32\POWRPROF.dll
0x00007ffba4320000 - 0x00007ffba4329000 	C:\Windows\SYSTEM32\WSOCK32.dll
0x00007ffbb5ce0000 - 0x00007ffbb5d07000 	C:\Windows\SYSTEM32\WINMM.dll
0x00007ffbbe360000 - 0x00007ffbbe3cb000 	C:\Windows\System32\WS2_32.dll
0x00007ffbb6b60000 - 0x00007ffbb6b6a000 	C:\Windows\SYSTEM32\VERSION.dll
0x00007ffbbb940000 - 0x00007ffbbb952000 	C:\Windows\SYSTEM32\UMPDC.dll
0x00007ffbb9d80000 - 0x00007ffbb9d92000 	C:\Windows\SYSTEM32\kernel.appcore.dll
0x00007ffba40e0000 - 0x00007ffba40ea000 	C:\Program Files\Microsoft\jdk-17.0.8.7-hotspot\bin\jimage.dll
0x00007ffbaccd0000 - 0x00007ffbaceb4000 	C:\Windows\SYSTEM32\DBGHELP.DLL
0x00007ffbacab0000 - 0x00007ffbacae4000 	C:\Windows\SYSTEM32\dbgcore.DLL
0x00007ffbbbee0000 - 0x00007ffbbbf62000 	C:\Windows\System32\bcryptPrimitives.dll
0x00007ffb91790000 - 0x00007ffb9179e000 	C:\Program Files\Microsoft\jdk-17.0.8.7-hotspot\bin\instrument.dll
0x00007ffb917a0000 - 0x00007ffb917c5000 	C:\Program Files\Microsoft\jdk-17.0.8.7-hotspot\bin\java.dll
0x00007ffb8cfb0000 - 0x00007ffb8d087000 	C:\Program Files\Microsoft\jdk-17.0.8.7-hotspot\bin\jsvml.dll
0x00007ffbbd830000 - 0x00007ffbbdf9e000 	C:\Windows\System32\SHELL32.dll
0x00007ffbb9f80000 - 0x00007ffbba724000 	C:\Windows\SYSTEM32\windows.storage.dll
0x00007ffbbe440000 - 0x00007ffbbe795000 	C:\Windows\System32\combase.dll
0x00007ffbbb8a0000 - 0x00007ffbbb8cf000 	C:\Windows\SYSTEM32\Wldp.dll
0x00007ffbbdfa0000 - 0x00007ffbbe06d000 	C:\Windows\System32\OLEAUT32.dll
0x00007ffbbc860000 - 0x00007ffbbc90d000 	C:\Windows\System32\SHCORE.dll
0x00007ffbbe300000 - 0x00007ffbbe355000 	C:\Windows\System32\shlwapi.dll
0x00007ffbbbe10000 - 0x00007ffbbbe34000 	C:\Windows\SYSTEM32\profapi.dll
0x00007ffb8e290000 - 0x00007ffb8e2a8000 	C:\Program Files\Microsoft\jdk-17.0.8.7-hotspot\bin\zip.dll
0x00007ffb8ebc0000 - 0x00007ffb8ebd9000 	C:\Program Files\Microsoft\jdk-17.0.8.7-hotspot\bin\net.dll
0x00007ffbb6160000 - 0x00007ffbb626d000 	C:\Windows\SYSTEM32\WINHTTP.dll
0x00007ffbbb600000 - 0x00007ffbbb66a000 	C:\Windows\system32\mswsock.dll
0x00007ffb8e680000 - 0x00007ffb8e696000 	C:\Program Files\Microsoft\jdk-17.0.8.7-hotspot\bin\nio.dll
0x00007ffb9ff80000 - 0x00007ffb9ff90000 	C:\Program Files\Microsoft\jdk-17.0.8.7-hotspot\bin\verify.dll
0x00007ffb8d760000 - 0x00007ffb8d787000 	C:\Users\Administrator\.gradle\native\c067742578af261105cb4f569cf0c3c89f3d7b1fecec35dd04571415982c5e48\windows-amd64\native-platform.dll
0x00007ffb84f70000 - 0x00007ffb850b4000 	C:\Users\Administrator\.gradle\native\100fb08df4bc3b14c8652ba06237920a3bd2aa13389f12d3474272988ae205f9\windows-amd64\native-platform-file-events.dll
0x00007ffb9f1e0000 - 0x00007ffb9f1e9000 	C:\Program Files\Microsoft\jdk-17.0.8.7-hotspot\bin\management.dll
0x00007ffb9eb70000 - 0x00007ffb9eb7b000 	C:\Program Files\Microsoft\jdk-17.0.8.7-hotspot\bin\management_ext.dll
0x00007ffbbe3d0000 - 0x00007ffbbe3d8000 	C:\Windows\System32\PSAPI.DLL
0x00007ffbbb800000 - 0x00007ffbbb818000 	C:\Windows\SYSTEM32\CRYPTSP.dll
0x00007ffbbaec0000 - 0x00007ffbbaef4000 	C:\Windows\system32\rsaenh.dll
0x00007ffbbbdd0000 - 0x00007ffbbbdfe000 	C:\Windows\SYSTEM32\USERENV.dll
0x00007ffbbb7f0000 - 0x00007ffbbb7fc000 	C:\Windows\SYSTEM32\CRYPTBASE.dll
0x00007ffbbb280000 - 0x00007ffbbb2bb000 	C:\Windows\SYSTEM32\IPHLPAPI.DLL
0x00007ffbbe7a0000 - 0x00007ffbbe7a8000 	C:\Windows\System32\NSI.dll
0x00007ffbb6ac0000 - 0x00007ffbb6ad7000 	C:\Windows\SYSTEM32\dhcpcsvc6.DLL
0x00007ffbb6920000 - 0x00007ffbb693d000 	C:\Windows\SYSTEM32\dhcpcsvc.DLL
0x00007ffbbb2c0000 - 0x00007ffbbb38a000 	C:\Windows\SYSTEM32\DNSAPI.dll
0x00007ffb8ce70000 - 0x00007ffb8ce7e000 	C:\Program Files\Microsoft\jdk-17.0.8.7-hotspot\bin\sunmscapi.dll
0x00007ffbbc700000 - 0x00007ffbbc85c000 	C:\Windows\System32\CRYPT32.dll
0x00007ffbbb910000 - 0x00007ffbbb937000 	C:\Windows\SYSTEM32\ncrypt.dll
0x00007ffbbb8d0000 - 0x00007ffbbb90b000 	C:\Windows\SYSTEM32\NTASN1.dll
0x00007ffb8ce60000 - 0x00007ffb8ce67000 	C:\Windows\system32\wshunix.dll
0x00007ffbab7d0000 - 0x00007ffbab7e7000 	C:\Windows\system32\napinsp.dll
0x00007ffbaafd0000 - 0x00007ffbaafeb000 	C:\Windows\system32\pnrpnsp.dll
0x00007ffbaafb0000 - 0x00007ffbaafc5000 	C:\Windows\system32\wshbth.dll
0x00007ffbb8fe0000 - 0x00007ffbb8ffd000 	C:\Windows\system32\NLAapi.dll
0x00007ffbaaf90000 - 0x00007ffbaafa2000 	C:\Windows\System32\winrnr.dll
0x00007ffbafa20000 - 0x00007ffbafa2a000 	C:\Windows\System32\rasadhlp.dll
0x00007ffbaf630000 - 0x00007ffbaf6b0000 	C:\Windows\System32\fwpuclnt.dll

dbghelp: loaded successfully - version: 4.0.5 - missing functions: none
symbol engine: initialized successfully - sym options: 0x614 - pdb path: .;C:\Program Files\Microsoft\jdk-17.0.8.7-hotspot\bin;C:\Windows\SYSTEM32;C:\Windows\WinSxS\amd64_microsoft.windows.common-controls_6595b64144ccf1df_6.0.19041.4355_none_60b8b9eb71f62e16;C:\Program Files\Microsoft\jdk-17.0.8.7-hotspot\bin\server;C:\Users\Administrator\.gradle\native\c067742578af261105cb4f569cf0c3c89f3d7b1fecec35dd04571415982c5e48\windows-amd64;C:\Users\Administrator\.gradle\native\100fb08df4bc3b14c8652ba06237920a3bd2aa13389f12d3474272988ae205f9\windows-amd64

VM Arguments:
jvm_args: -XX:MaxMetaspaceSize=512m --add-opens=java.base/java.util=ALL-UNNAMED --add-opens=java.base/java.lang=ALL-UNNAMED --add-opens=java.base/java.lang.invoke=ALL-UNNAMED --add-opens=java.prefs/java.util.prefs=ALL-UNNAMED --add-exports=jdk.compiler/com.sun.tools.javac.api=ALL-UNNAMED --add-exports=jdk.compiler/com.sun.tools.javac.util=ALL-UNNAMED --add-opens=java.base/java.nio.charset=ALL-UNNAMED --add-opens=java.base/java.net=ALL-UNNAMED --add-opens=java.base/java.util.concurrent.atomic=ALL-UNNAMED -Xmx2048m -Dfile.encoding=windows-1252 -Duser.country=US -Duser.language=en -Duser.variant -javaagent:C:\Users\Administrator\.gradle\wrapper\dists\gradle-8.10.2-all\7iv73wktx1xtkvlq19urqw1wm\gradle-8.10.2\lib\agents\gradle-instrumentation-agent-8.10.2.jar 
java_command: org.gradle.launcher.daemon.bootstrap.GradleDaemon 8.10.2
java_class_path (initial): C:\Users\Administrator\.gradle\wrapper\dists\gradle-8.10.2-all\7iv73wktx1xtkvlq19urqw1wm\gradle-8.10.2\lib\gradle-daemon-main-8.10.2.jar
Launcher Type: SUN_STANDARD

[Global flags]
     intx CICompilerCount                          = 3                                         {product} {ergonomic}
   size_t CompressedClassSpaceSize                 = 436207616                                 {product} {ergonomic}
     uint ConcGCThreads                            = 1                                         {product} {ergonomic}
     uint G1ConcRefinementThreads                  = 4                                         {product} {ergonomic}
   size_t G1HeapRegionSize                         = 1048576                                   {product} {ergonomic}
    uintx GCDrainStackTargetSize                   = 64                                        {product} {ergonomic}
   size_t InitialHeapSize                          = 268435456                                 {product} {ergonomic}
   size_t MarkStackSize                            = 4194304                                   {product} {ergonomic}
   size_t MaxHeapSize                              = 2147483648                                {product} {command line}
   size_t MaxMetaspaceSize                         = 536870912                                 {product} {command line}
   size_t MaxNewSize                               = 1287651328                                {product} {ergonomic}
   size_t MinHeapDeltaBytes                        = 1048576                                   {product} {ergonomic}
   size_t MinHeapSize                              = 8388608                                   {product} {ergonomic}
    uintx NonNMethodCodeHeapSize                   = 5832780                                {pd product} {ergonomic}
    uintx NonProfiledCodeHeapSize                  = 122912730                              {pd product} {ergonomic}
    uintx ProfiledCodeHeapSize                     = 122912730                              {pd product} {ergonomic}
    uintx ReservedCodeCacheSize                    = 251658240                              {pd product} {ergonomic}
     bool SegmentedCodeCache                       = true                                      {product} {ergonomic}
   size_t SoftMaxHeapSize                          = 2147483648                             {manageable} {ergonomic}
     bool UseCompressedClassPointers               = true                           {product lp64_product} {ergonomic}
     bool UseCompressedOops                        = true                           {product lp64_product} {ergonomic}
     bool UseG1GC                                  = true                                      {product} {ergonomic}
     bool UseLargePagesIndividualAllocation        = false                                  {pd product} {ergonomic}

Logging:
Log output configuration:
 #0: stdout all=warning uptime,level,tags
 #1: stderr all=off uptime,level,tags

Environment Variables:
JAVA_HOME=C:\Program Files\Microsoft\jdk-17.0.8.7-hotspot\
CLASSPATH=D:\Tahafuz_App\android\\gradle\wrapper\gradle-wrapper.jar
PATH=C:\Program Files\Microsoft\jdk-17.0.8.7-hotspot\bin;C:\Windows\system32;C:\Windows;C:\Windows\System32\Wbem;C:\Windows\System32\WindowsPowerShell\v1.0\;C:\Windows\System32\OpenSSH\;C:\ProgramData\chocolatey\bin;C:\Program Files\nodejs\;C:\Program Files\Git\cmd;C:\Program Files\MongoDB\Server\8.0\bin;C:\Users\Administrator\AppData\Local\Android\Sdk\tools;C:\Users\Administrator\AppData\Local\Microsoft\WindowsApps;C:\Users\Administrator\AppData\Roaming\npm;C:\Users\Administrator\AppData\Local\Programs\Microsoft VS Code\bin;C:\Users\Administrator\AppData\Local\Android\Sdk\platform-tools;C:\Users\Administrator\AppData\Local\Programs\mongosh\;C:\Program Files\MongoDB\TOOLS\bin;
USERNAME=Administrator
LANG=en_US.UTF-8
OS=Windows_NT
PROCESSOR_IDENTIFIER=Intel64 Family 6 Model 60 Stepping 3, GenuineIntel
TMP=C:\Users\ADMINI~1\AppData\Local\Temp
TEMP=C:\Users\ADMINI~1\AppData\Local\Temp



---------------  S Y S T E M  ---------------

OS:
 Windows 10 , 64 bit Build 19041 (10.0.19041.5198)
OS uptime: 7 days 9:37 hours

CPU: total 4 (initial active 4) (4 cores per cpu, 1 threads per core) family 6 model 60 stepping 3 microcode 0x27, cx8, cmov, fxsr, mmx, sse, sse2, sse3, ssse3, sse4.1, sse4.2, popcnt, lzcnt, tsc, tscinvbit, avx, avx2, aes, erms, clmul, bmi1, bmi2, fma, vzeroupper, clflush
Processor Information for all 4 processors :
  Max Mhz: 2900, Current Mhz: 2900, Mhz Limit: 2900

Memory: 4k page, system-wide physical 16336M (10989M free)
TotalPageFile size 29648M (AvailPageFile size 23254M)
current process WorkingSet (physical memory assigned to process): 467M, peak: 469M
current process commit charge ("private bytes"): 509M, peak: 512M

vm_info: OpenJDK 64-Bit Server VM (17.0.8+7-LTS) for windows-amd64 JRE (17.0.8+7-LTS), built on Jul  7 2023 17:21:55 by "MicrosoftCorporation" with MS VC++ 16.10 / 16.11 (VS2019)

END.
